[    1724ms] [WARNING] [GPT] PubAdsService.collapseEmptyDivs is deprecated, use googletag.setConfig({collapseDiv: ...}) instead.
https://goo.gle/gpt-message#170 @ https://securepubads.g.doubleclick.net/pagead/managed/js/gpt/m202606290101/pubads_impl.js?cb=31099461:18
[    1962ms] [LOG] %craven%c Raven v1.20.0-69wxiu background-color:#000;margin-left:1px;padding:1px 3px;font-size:0.75em;color:#ffffff; font-size:0.9em; @ https://cadmus.script.ac/d14pdm1b7fi5kh/script.js:0
[    2072ms] [WARNING] 3 is not a valid value for publisherSpecialPurposesIds @ https://cmp.inmobi.com/tcfv2/61/cmp2.js?referer=www.teamblind.com:1
[    2106ms] [LOG] uspData default usp value based on gpc signal @ https://cadmus.script.ac/d14pdm1b7fi5kh/script.js:0
[    2106ms] [WARNING] globalPrivacyControl is not available in the browser. Setting usp string as  1NN @ https://cmp.inmobi.com/tcfv2/61/cmp2.js?referer=www.teamblind.com:1
[    2107ms] [LOG] setting mspa footer with opt out defaults in mspa-api @ https://cadmus.script.ac/d14pdm1b7fi5kh/script.js:0
[    2107ms] [ERROR] MspaFooterHTMLId not found, inserting text into footer @ https://cmp.inmobi.com/tcfv2/61/cmp2.js?referer=www.teamblind.com:1
[    2114ms] [WARNING] Google basic consent is not applicable. @ https://cmp.inmobi.com/tcfv2/61/cmp2.js?referer=www.teamblind.com:1
[    2116ms] [LOG] Less than 30 minute have passed since the stored timestamp. @ https://cadmus.script.ac/d14pdm1b7fi5kh/script.js:0
[    2354ms] [LOG] Push notifications powered by Aimtell. Learn more at https://aimtell.com/developers @ https://cadmus.script.ac/d14pdm1b7fi5kh/script.js:0
[    2901ms] [WARNING] [GPT] PubAdsService.collapseEmptyDivs is deprecated, use googletag.setConfig({collapseDiv: ...}) instead.
https://goo.gle/gpt-message#170 @ https://securepubads.g.doubleclick.net/pagead/managed/js/gpt/m202606290101/pubads_impl.js?cb=31099461:18
[    3150ms] [LOG] %craven%c Raven v1.20.0-69wxiu background-color:#000;margin-left:1px;padding:1px 3px;font-size:0.75em;color:#ffffff; font-size:0.9em; @ https://cadmus.script.ac/d14pdm1b7fi5kh/script.js:0
[    3273ms] [WARNING] 3 is not a valid value for publisherSpecialPurposesIds @ https://cmp.inmobi.com/tcfv2/61/cmp2.js?referer=www.teamblind.com:1
[    3299ms] [LOG] uspData default usp value based on gpc signal @ https://cadmus.script.ac/d14pdm1b7fi5kh/script.js:0
[    3299ms] [WARNING] globalPrivacyControl is not available in the browser. Setting usp string as  1NN @ https://cmp.inmobi.com/tcfv2/61/cmp2.js?referer=www.teamblind.com:1
[    3299ms] [LOG] setting mspa footer with opt out defaults in mspa-api @ https://cadmus.script.ac/d14pdm1b7fi5kh/script.js:0
[    3299ms] [ERROR] MspaFooterHTMLId not found, inserting text into footer @ https://cmp.inmobi.com/tcfv2/61/cmp2.js?referer=www.teamblind.com:1
[    3300ms] [WARNING] Google basic consent is not applicable. @ https://cmp.inmobi.com/tcfv2/61/cmp2.js?referer=www.teamblind.com:1
[    3301ms] [LOG] Less than 30 minute have passed since the stored timestamp. @ https://cadmus.script.ac/d14pdm1b7fi5kh/script.js:0
[    3407ms] [LOG] Push notifications powered by Aimtell. Learn more at https://aimtell.com/developers @ https://cadmus.script.ac/d14pdm1b7fi5kh/script.js:0
[    3464ms] [WARNING] [GPT] Slot.getTargeting is deprecated, use Slot.getConfig('targeting') instead.
https://goo.gle/gpt-message#201 @ https://securepubads.g.doubleclick.net/pagead/managed/js/gpt/m202606290101/pubads_impl.js?cb=31099461:18
[    4100ms] [TIMEEND] a: 0.0009765625 ms @ https://static.adsafeprotected.com/sca.17.6.4.js:31
[    5048ms] [WARNING] An iframe which has both allow-scripts and allow-same-origin for its sandbox attribute can escape its sandboxing. @ https://cadmus.script.ac/d14pdm1b7fi5kh/script.js:0
[    5369ms] [ERROR] Attestation check for Shared Storage on https://www.googleadservices.com failed. @ https://www.googleadservices.com/pagead/managed/js/activeview/current/reach_worklet.html:0
[    5369ms] [ERROR] Attestation check for Shared Storage on https://www.googleadservices.com failed. @ https://www.googleadservices.com/pagead/managed/js/activeview/current/reach_worklet.html:0
[    5400ms] [ERROR] Attestation check for Shared Storage on https://www.googleadservices.com failed. @ https://www.googleadservices.com/pagead/managed/js/activeview/current/reach_worklet.html:0
[    5433ms] [ERROR] Attestation check for Shared Storage on https://www.googleadservices.com failed. @ https://www.googleadservices.com/pagead/managed/js/activeview/current/reach_worklet.html:0
[    5520ms] [ERROR] Access to fetch at 'https://tags.srv.stackadapt.com/sa.jpeg' from origin 'https://eb2d26f22010f9b65f943da26cc99c3e.safeframe.googlesyndication.com' has been blocked by CORS policy: The 'Access-Control-Allow-Origin' header has a value 'https://db72e801621e1e4aaa7d8444ac2fb2c5.safeframe.googlesyndication.com' that is not equal to the supplied origin. Have the server send the header with a valid value. @ about:srcdoc:0
[    5520ms] [ERROR] Failed to load resource: net::ERR_FAILED @ https://tags.srv.stackadapt.com/sa.jpeg:0
[    5522ms] [LOG] click url value: https://clk.srv.stackadapt.com/clk?aid=1-5105-178335776934336652424361-2&cid=3239513&adid=14894580&sid=1&uid=PNKjjNvlY-FuUd5yvRB2Rg&did=teamblind.com%3A%3A85&adurl=https%3A%2F%2Fuw.srv.stackadapt.com&t=1783357769&brandname=Visa&adheading=&iidx=0&nid=85&bip=MjYwMTo2NDY6MTAxOjVkMjA6Og&conv=true&curl=aHR0cHM6Ly9hZC5kb3VibGVjbGljay5uZXQvZGRtL3RyYWNrY2xrL042MDI0LjM3MDM4NDFNRU5JTkJMQVpFUlMvQjM1NjE3MzAzLjQ0NTQ4MjE3ODtkY190cmtfYWlkPTYzOTMwNTI2MDtkY190cmtfY2lkPTI1NDI4NzEwOTtkY19sYXQ9O2RjX3JkaWQ9O3RhZ19mb3JfY2hpbGRfZGlyZWN0ZWRfdHJlYXRtZW50PTt0ZnVhPTtnZHByPTA7Z2Rwcl9jb25zZW50PXNhX2JsYW5rO2x0ZD07ZGNfdGR2PTM%3D&r= @ https://creative.stackadapt.com/js/param.js:210
[    5544ms] [LOG] click url value: https://clk.srv.stackadapt.com/clk?aid=1-7189-178335776934297209301438-2&cid=3239513&adid=14894580&sid=1&uid=PNKjjNvlY-FuUd5yvRB2Rg&did=teamblind.com%3A%3A85&adurl=https%3A%2F%2Fuw.srv.stackadapt.com&t=1783357769&brandname=Visa&adheading=&iidx=0&nid=85&bip=MjYwMTo2NDY6MTAxOjVkMjA6Og&conv=true&curl=aHR0cHM6Ly9hZC5kb3VibGVjbGljay5uZXQvZGRtL3RyYWNrY2xrL042MDI0LjM3MDM4NDFNRU5JTkJMQVpFUlMvQjM1NjE3MzAzLjQ0NTQ4MjE3ODtkY190cmtfYWlkPTYzOTMwNTI2MDtkY190cmtfY2lkPTI1NDI4NzEwOTtkY19sYXQ9O2RjX3JkaWQ9O3RhZ19mb3JfY2hpbGRfZGlyZWN0ZWRfdHJlYXRtZW50PTt0ZnVhPTtnZHByPTA7Z2Rwcl9jb25zZW50PXNhX2JsYW5rO2x0ZD07ZGNfdGR2PTM%3D&r= @ https://creative.stackadapt.com/js/param.js:210
[    5647ms] [ERROR] Access to fetch at 'https://tags.srv.stackadapt.com/sa.jpeg' from origin 'https://eb2d26f22010f9b65f943da26cc99c3e.safeframe.googlesyndication.com' has been blocked by CORS policy: The 'Access-Control-Allow-Origin' header has a value 'https://db72e801621e1e4aaa7d8444ac2fb2c5.safeframe.googlesyndication.com' that is not equal to the supplied origin. Have the server send the header with a valid value. @ about:srcdoc:0
[    5647ms] [ERROR] Failed to load resource: net::ERR_FAILED @ https://tags.srv.stackadapt.com/sa.jpeg:0
[    5729ms] Uncaught (in promise) SyntaxError: Failed to execute 'postMessage' on 'Window': Invalid target origin 'null' in a call to 'postMessage'.
    at <anonymous> (https://securepubads.g.doubleclick.net/tag/js/gpt.js:10:19904)
    at <anonymous> (https://cmp.inmobi.com/tcfv2/61/cmp2.js?referer=www.teamblind.com:1:500779)
    at u (https://cmp.inmobi.com/tcfv2/61/cmp2.js?referer=www.teamblind.com:1:57236)
    at <anonymous> (https://cmp.inmobi.com/tcfv2/61/cmp2.js?referer=www.teamblind.com:1:56989)
    at <anonymous> (https://cmp.inmobi.com/tcfv2/61/cmp2.js?referer=www.teamblind.com:1:57595)
    at v (https://cmp.inmobi.com/tcfv2/61/cmp2.js?referer=www.teamblind.com:1:74847)
    at a (https://cmp.inmobi.com/tcfv2/61/cmp2.js?referer=www.teamblind.com:1:75050)
    at <anonymous> (https://cmp.inmobi.com/tcfv2/61/cmp2.js?referer=www.teamblind.com:1:75109)
    at <anonymous> (https://cmp.inmobi.com/tcfv2/61/cmp2.js?referer=www.teamblind.com:1:74990)
    at <anonymous> (https://cmp.inmobi.com/tcfv2/61/cmp2.js?referer=www.teamblind.com:1:501196)
    at __uspapi (https://cmp.inmobi.com/tcfv2/61/cmp2.js?referer=www.teamblind.com:1:498044)
    at Fg.a.j (https://securepubads.g.doubleclick.net/tag/js/gpt.js:10:19708)
[    6203ms] [ERROR] Failed to load resource: the server responded with a status of 400 () @ https://s2s.t13.io/setuid?bidder=inmobi&gdpr=0&gdpr_consent=&us_privacy=&gpp=&gpp_sid=&f=i&uid=ID5-5-00b1aa1b-983f-4cd9-a95e-dd2fe1b23c80:0
[    6203ms] [ERROR] Failed to load resource: the server responded with a status of 400 () @ https://s2s.t13.io/setuid?bidder=inmobi&gdpr=0&gdpr_consent=&us_privacy=&gpp=&gpp_sid=&f=i&uid=ID5-5-00b1aa1b-983f-4cd9-a95e-dd2fe1b23c80:0
[    6794ms] [ERROR] Unsafe attempt to initiate navigation for frame with URL 'about:blank' from frame with URL 'about:srcdoc'. The frame attempting navigation must be same-origin with the target if navigating to a javascript: url
 @ about:srcdoc:0
[    6965ms] Failed to read a named property 'href' from 'Location': Blocked a frame with origin "https://eb2d26f22010f9b65f943da26cc99c3e.safeframe.googlesyndication.com" from accessing a frame with origin "https://www.teamblind.com". Protocols, domains, and ports must match.
[    7046ms] Failed to read a named property 'href' from 'Location': Blocked a frame with origin "https://eb2d26f22010f9b65f943da26cc99c3e.safeframe.googlesyndication.com" from accessing a frame with origin "https://www.teamblind.com". Protocols, domains, and ports must match.
[    7487ms] [WARNING] An iframe which has both allow-scripts and allow-same-origin for its sandbox attribute can escape its sandboxing. @ https://cadmus.script.ac/d14pdm1b7fi5kh/script.js:0
[    7491ms] [WARNING] An iframe which has both allow-scripts and allow-same-origin for its sandbox attribute can escape its sandboxing. @ https://cadmus.script.ac/d14pdm1b7fi5kh/script.js:0
[    7716ms] [TIMEEND] a: 0.001953125 ms @ https://static.adsafeprotected.com/sca.17.6.4.js:31
[    7973ms] [ERROR] Failed to load resource: net::ERR_CONNECTION_CLOSED @ https://pxl.iqm.com/i/ck/equativ?cid=SMART_USER_ID&redir=https%3A%2F%2Frtb-csync.smartadserver.com%2Fredir%2F%3Fissi%3D1%26partnerid%3D154%26partneruserid%3D%7BIQM_COOKIE%7D:0
[    8325ms] [ERROR] Failed to load resource: net::ERR_CONNECTION_CLOSED @ https://tracker-shr.ortb.net/sync?id=1&uid=ID5-5-00b1aa1b-983f-4cd9-a95e-dd2fe1b23c80:0
[    8538ms] [WARNING] The resource https://html.stackadapt.com/MenInBlazers/Visa_001_042026_Display_Published/Animated+001/Responsive/unmute.svg was preloaded using link preload but not used within a few seconds from the window's load event. Please make sure it has an appropriate `as` value and it is preloaded intentionally. @ https://html.stackadapt.com/MenInBlazers/Visa_001_042026_Display_Published/Animated+001/Responsive/index.html?&click=https%3A%2F%2Fclk.srv.stackadapt.com%2Fclk%3Faid%3D1-5105-178335776934336652424361-2%26cid%3D3239513%26adid%3D14894580%26sid%3D1%26uid%3DPNKjjNvlY-FuUd5yvRB2Rg%26did%3Dteamblind.com%253A%253A85%26adurl%3Dhttps%253A%252F%252Fuw.srv.stackadapt.com%26t%3D1783357769%26brandname%3DVisa%26adheading%3D%26iidx%3D0%26nid%3D85%26bip%3DMjYwMTo2NDY6MTAxOjVkMjA6Og%26conv%3Dtrue%26curl%3DaHR0cHM6Ly9hZC5kb3VibGVjbGljay5uZXQvZGRtL3RyYWNrY2xrL042MDI0LjM3MDM4NDFNRU5JTkJMQVpFUlMvQjM1NjE3MzAzLjQ0NTQ4MjE3ODtkY190cmtfYWlkPTYzOTMwNTI2MDtkY190cmtfY2lkPTI1NDI4NzEwOTtkY19sYXQ9O2RjX3JkaWQ9O3RhZ19mb3JfY2hpbGRfZGlyZWN0ZWRfdHJlYXRtZW50PTt0ZnVhPTtnZHByPTA7Z2Rwcl9jb25zZW50PXNhX2JsYW5rO2x0ZD07ZGNfdGR2PTM%253D%26r%3D&text_SA_headline_1=In%20the%20Bay%20Area%20during%20the%20summer%20of%20soccer%3F:0
[    8538ms] [WARNING] The resource https://html.stackadapt.com/MenInBlazers/Visa_001_042026_Display_Published/Animated+001/Responsive/pause.svg was preloaded using link preload but not used within a few seconds from the window's load event. Please make sure it has an appropriate `as` value and it is preloaded intentionally. @ https://html.stackadapt.com/MenInBlazers/Visa_001_042026_Display_Published/Animated+001/Responsive/index.html?&click=https%3A%2F%2Fclk.srv.stackadapt.com%2Fclk%3Faid%3D1-5105-178335776934336652424361-2%26cid%3D3239513%26adid%3D14894580%26sid%3D1%26uid%3DPNKjjNvlY-FuUd5yvRB2Rg%26did%3Dteamblind.com%253A%253A85%26adurl%3Dhttps%253A%252F%252Fuw.srv.stackadapt.com%26t%3D1783357769%26brandname%3DVisa%26adheading%3D%26iidx%3D0%26nid%3D85%26bip%3DMjYwMTo2NDY6MTAxOjVkMjA6Og%26conv%3Dtrue%26curl%3DaHR0cHM6Ly9hZC5kb3VibGVjbGljay5uZXQvZGRtL3RyYWNrY2xrL042MDI0LjM3MDM4NDFNRU5JTkJMQVpFUlMvQjM1NjE3MzAzLjQ0NTQ4MjE3ODtkY190cmtfYWlkPTYzOTMwNTI2MDtkY190cmtfY2lkPTI1NDI4NzEwOTtkY19sYXQ9O2RjX3JkaWQ9O3RhZ19mb3JfY2hpbGRfZGlyZWN0ZWRfdHJlYXRtZW50PTt0ZnVhPTtnZHByPTA7Z2Rwcl9jb25zZW50PXNhX2JsYW5rO2x0ZD07ZGNfdGR2PTM%253D%26r%3D&text_SA_headline_1=In%20the%20Bay%20Area%20during%20the%20summer%20of%20soccer%3F:0
[    8538ms] [WARNING] The resource https://html.stackadapt.com/MenInBlazers/Visa_001_042026_Display_Published/Animated+001/Responsive/replay.svg was preloaded using link preload but not used within a few seconds from the window's load event. Please make sure it has an appropriate `as` value and it is preloaded intentionally. @ https://html.stackadapt.com/MenInBlazers/Visa_001_042026_Display_Published/Animated+001/Responsive/index.html?&click=https%3A%2F%2Fclk.srv.stackadapt.com%2Fclk%3Faid%3D1-5105-178335776934336652424361-2%26cid%3D3239513%26adid%3D14894580%26sid%3D1%26uid%3DPNKjjNvlY-FuUd5yvRB2Rg%26did%3Dteamblind.com%253A%253A85%26adurl%3Dhttps%253A%252F%252Fuw.srv.stackadapt.com%26t%3D1783357769%26brandname%3DVisa%26adheading%3D%26iidx%3D0%26nid%3D85%26bip%3DMjYwMTo2NDY6MTAxOjVkMjA6Og%26conv%3Dtrue%26curl%3DaHR0cHM6Ly9hZC5kb3VibGVjbGljay5uZXQvZGRtL3RyYWNrY2xrL042MDI0LjM3MDM4NDFNRU5JTkJMQVpFUlMvQjM1NjE3MzAzLjQ0NTQ4MjE3ODtkY190cmtfYWlkPTYzOTMwNTI2MDtkY190cmtfY2lkPTI1NDI4NzEwOTtkY19sYXQ9O2RjX3JkaWQ9O3RhZ19mb3JfY2hpbGRfZGlyZWN0ZWRfdHJlYXRtZW50PTt0ZnVhPTtnZHByPTA7Z2Rwcl9jb25zZW50PXNhX2JsYW5rO2x0ZD07ZGNfdGR2PTM%253D%26r%3D&text_SA_headline_1=In%20the%20Bay%20Area%20during%20the%20summer%20of%20soccer%3F:0
[    8538ms] [WARNING] The resource https://html.stackadapt.com/MenInBlazers/Visa_001_042026_Display_Published/Animated+001/Responsive/play.svg was preloaded using link preload but not used within a few seconds from the window's load event. Please make sure it has an appropriate `as` value and it is preloaded intentionally. @ https://html.stackadapt.com/MenInBlazers/Visa_001_042026_Display_Published/Animated+001/Responsive/index.html?&click=https%3A%2F%2Fclk.srv.stackadapt.com%2Fclk%3Faid%3D1-5105-178335776934336652424361-2%26cid%3D3239513%26adid%3D14894580%26sid%3D1%26uid%3DPNKjjNvlY-FuUd5yvRB2Rg%26did%3Dteamblind.com%253A%253A85%26adurl%3Dhttps%253A%252F%252Fuw.srv.stackadapt.com%26t%3D1783357769%26brandname%3DVisa%26adheading%3D%26iidx%3D0%26nid%3D85%26bip%3DMjYwMTo2NDY6MTAxOjVkMjA6Og%26conv%3Dtrue%26curl%3DaHR0cHM6Ly9hZC5kb3VibGVjbGljay5uZXQvZGRtL3RyYWNrY2xrL042MDI0LjM3MDM4NDFNRU5JTkJMQVpFUlMvQjM1NjE3MzAzLjQ0NTQ4MjE3ODtkY190cmtfYWlkPTYzOTMwNTI2MDtkY190cmtfY2lkPTI1NDI4NzEwOTtkY19sYXQ9O2RjX3JkaWQ9O3RhZ19mb3JfY2hpbGRfZGlyZWN0ZWRfdHJlYXRtZW50PTt0ZnVhPTtnZHByPTA7Z2Rwcl9jb25zZW50PXNhX2JsYW5rO2x0ZD07ZGNfdGR2PTM%253D%26r%3D&text_SA_headline_1=In%20the%20Bay%20Area%20during%20the%20summer%20of%20soccer%3F:0
[    8538ms] [WARNING] The resource https://html.stackadapt.com/MenInBlazers/Visa_001_042026_Display_Published/Animated+001/Responsive/mute.svg was preloaded using link preload but not used within a few seconds from the window's load event. Please make sure it has an appropriate `as` value and it is preloaded intentionally. @ https://html.stackadapt.com/MenInBlazers/Visa_001_042026_Display_Published/Animated+001/Responsive/index.html?&click=https%3A%2F%2Fclk.srv.stackadapt.com%2Fclk%3Faid%3D1-5105-178335776934336652424361-2%26cid%3D3239513%26adid%3D14894580%26sid%3D1%26uid%3DPNKjjNvlY-FuUd5yvRB2Rg%26did%3Dteamblind.com%253A%253A85%26adurl%3Dhttps%253A%252F%252Fuw.srv.stackadapt.com%26t%3D1783357769%26brandname%3DVisa%26adheading%3D%26iidx%3D0%26nid%3D85%26bip%3DMjYwMTo2NDY6MTAxOjVkMjA6Og%26conv%3Dtrue%26curl%3DaHR0cHM6Ly9hZC5kb3VibGVjbGljay5uZXQvZGRtL3RyYWNrY2xrL042MDI0LjM3MDM4NDFNRU5JTkJMQVpFUlMvQjM1NjE3MzAzLjQ0NTQ4MjE3ODtkY190cmtfYWlkPTYzOTMwNTI2MDtkY190cmtfY2lkPTI1NDI4NzEwOTtkY19sYXQ9O2RjX3JkaWQ9O3RhZ19mb3JfY2hpbGRfZGlyZWN0ZWRfdHJlYXRtZW50PTt0ZnVhPTtnZHByPTA7Z2Rwcl9jb25zZW50PXNhX2JsYW5rO2x0ZD07ZGNfdGR2PTM%253D%26r%3D&text_SA_headline_1=In%20the%20Bay%20Area%20during%20the%20summer%20of%20soccer%3F:0
[    8548ms] [WARNING] The resource https://html.stackadapt.com/MenInBlazers/Visa_001_042026_Display_Published/Animated+001/Responsive/unmute.svg was preloaded using link preload but not used within a few seconds from the window's load event. Please make sure it has an appropriate `as` value and it is preloaded intentionally. @ https://html.stackadapt.com/MenInBlazers/Visa_001_042026_Display_Published/Animated+001/Responsive/index.html?&click=https%3A%2F%2Fclk.srv.stackadapt.com%2Fclk%3Faid%3D1-7189-178335776934297209301438-2%26cid%3D3239513%26adid%3D14894580%26sid%3D1%26uid%3DPNKjjNvlY-FuUd5yvRB2Rg%26did%3Dteamblind.com%253A%253A85%26adurl%3Dhttps%253A%252F%252Fuw.srv.stackadapt.com%26t%3D1783357769%26brandname%3DVisa%26adheading%3D%26iidx%3D0%26nid%3D85%26bip%3DMjYwMTo2NDY6MTAxOjVkMjA6Og%26conv%3Dtrue%26curl%3DaHR0cHM6Ly9hZC5kb3VibGVjbGljay5uZXQvZGRtL3RyYWNrY2xrL042MDI0LjM3MDM4NDFNRU5JTkJMQVpFUlMvQjM1NjE3MzAzLjQ0NTQ4MjE3ODtkY190cmtfYWlkPTYzOTMwNTI2MDtkY190cmtfY2lkPTI1NDI4NzEwOTtkY19sYXQ9O2RjX3JkaWQ9O3RhZ19mb3JfY2hpbGRfZGlyZWN0ZWRfdHJlYXRtZW50PTt0ZnVhPTtnZHByPTA7Z2Rwcl9jb25zZW50PXNhX2JsYW5rO2x0ZD07ZGNfdGR2PTM%253D%26r%3D&text_SA_headline_1=In%20the%20Bay%20Area%20during%20the%20summer%20of%20soccer%3F:0
[    8548ms] [WARNING] The resource https://html.stackadapt.com/MenInBlazers/Visa_001_042026_Display_Published/Animated+001/Responsive/pause.svg was preloaded using link preload but not used within a few seconds from the window's load event. Please make sure it has an appropriate `as` value and it is preloaded intentionally. @ https://html.stackadapt.com/MenInBlazers/Visa_001_042026_Display_Published/Animated+001/Responsive/index.html?&click=https%3A%2F%2Fclk.srv.stackadapt.com%2Fclk%3Faid%3D1-7189-178335776934297209301438-2%26cid%3D3239513%26adid%3D14894580%26sid%3D1%26uid%3DPNKjjNvlY-FuUd5yvRB2Rg%26did%3Dteamblind.com%253A%253A85%26adurl%3Dhttps%253A%252F%252Fuw.srv.stackadapt.com%26t%3D1783357769%26brandname%3DVisa%26adheading%3D%26iidx%3D0%26nid%3D85%26bip%3DMjYwMTo2NDY6MTAxOjVkMjA6Og%26conv%3Dtrue%26curl%3DaHR0cHM6Ly9hZC5kb3VibGVjbGljay5uZXQvZGRtL3RyYWNrY2xrL042MDI0LjM3MDM4NDFNRU5JTkJMQVpFUlMvQjM1NjE3MzAzLjQ0NTQ4MjE3ODtkY190cmtfYWlkPTYzOTMwNTI2MDtkY190cmtfY2lkPTI1NDI4NzEwOTtkY19sYXQ9O2RjX3JkaWQ9O3RhZ19mb3JfY2hpbGRfZGlyZWN0ZWRfdHJlYXRtZW50PTt0ZnVhPTtnZHByPTA7Z2Rwcl9jb25zZW50PXNhX2JsYW5rO2x0ZD07ZGNfdGR2PTM%253D%26r%3D&text_SA_headline_1=In%20the%20Bay%20Area%20during%20the%20summer%20of%20soccer%3F:0
[    8548ms] [WARNING] The resource https://html.stackadapt.com/MenInBlazers/Visa_001_042026_Display_Published/Animated+001/Responsive/replay.svg was preloaded using link preload but not used within a few seconds from the window's load event. Please make sure it has an appropriate `as` value and it is preloaded intentionally. @ https://html.stackadapt.com/MenInBlazers/Visa_001_042026_Display_Published/Animated+001/Responsive/index.html?&click=https%3A%2F%2Fclk.srv.stackadapt.com%2Fclk%3Faid%3D1-7189-178335776934297209301438-2%26cid%3D3239513%26adid%3D14894580%26sid%3D1%26uid%3DPNKjjNvlY-FuUd5yvRB2Rg%26did%3Dteamblind.com%253A%253A85%26adurl%3Dhttps%253A%252F%252Fuw.srv.stackadapt.com%26t%3D1783357769%26brandname%3DVisa%26adheading%3D%26iidx%3D0%26nid%3D85%26bip%3DMjYwMTo2NDY6MTAxOjVkMjA6Og%26conv%3Dtrue%26curl%3DaHR0cHM6Ly9hZC5kb3VibGVjbGljay5uZXQvZGRtL3RyYWNrY2xrL042MDI0LjM3MDM4NDFNRU5JTkJMQVpFUlMvQjM1NjE3MzAzLjQ0NTQ4MjE3ODtkY190cmtfYWlkPTYzOTMwNTI2MDtkY190cmtfY2lkPTI1NDI4NzEwOTtkY19sYXQ9O2RjX3JkaWQ9O3RhZ19mb3JfY2hpbGRfZGlyZWN0ZWRfdHJlYXRtZW50PTt0ZnVhPTtnZHByPTA7Z2Rwcl9jb25zZW50PXNhX2JsYW5rO2x0ZD07ZGNfdGR2PTM%253D%26r%3D&text_SA_headline_1=In%20the%20Bay%20Area%20during%20the%20summer%20of%20soccer%3F:0
[    8548ms] [WARNING] The resource https://html.stackadapt.com/MenInBlazers/Visa_001_042026_Display_Published/Animated+001/Responsive/play.svg was preloaded using link preload but not used within a few seconds from the window's load event. Please make sure it has an appropriate `as` value and it is preloaded intentionally. @ https://html.stackadapt.com/MenInBlazers/Visa_001_042026_Display_Published/Animated+001/Responsive/index.html?&click=https%3A%2F%2Fclk.srv.stackadapt.com%2Fclk%3Faid%3D1-7189-178335776934297209301438-2%26cid%3D3239513%26adid%3D14894580%26sid%3D1%26uid%3DPNKjjNvlY-FuUd5yvRB2Rg%26did%3Dteamblind.com%253A%253A85%26adurl%3Dhttps%253A%252F%252Fuw.srv.stackadapt.com%26t%3D1783357769%26brandname%3DVisa%26adheading%3D%26iidx%3D0%26nid%3D85%26bip%3DMjYwMTo2NDY6MTAxOjVkMjA6Og%26conv%3Dtrue%26curl%3DaHR0cHM6Ly9hZC5kb3VibGVjbGljay5uZXQvZGRtL3RyYWNrY2xrL042MDI0LjM3MDM4NDFNRU5JTkJMQVpFUlMvQjM1NjE3MzAzLjQ0NTQ4MjE3ODtkY190cmtfYWlkPTYzOTMwNTI2MDtkY190cmtfY2lkPTI1NDI4NzEwOTtkY19sYXQ9O2RjX3JkaWQ9O3RhZ19mb3JfY2hpbGRfZGlyZWN0ZWRfdHJlYXRtZW50PTt0ZnVhPTtnZHByPTA7Z2Rwcl9jb25zZW50PXNhX2JsYW5rO2x0ZD07ZGNfdGR2PTM%253D%26r%3D&text_SA_headline_1=In%20the%20Bay%20Area%20during%20the%20summer%20of%20soccer%3F:0
[    8549ms] [WARNING] The resource https://html.stackadapt.com/MenInBlazers/Visa_001_042026_Display_Published/Animated+001/Responsive/mute.svg was preloaded using link preload but not used within a few seconds from the window's load event. Please make sure it has an appropriate `as` value and it is preloaded intentionally. @ https://html.stackadapt.com/MenInBlazers/Visa_001_042026_Display_Published/Animated+001/Responsive/index.html?&click=https%3A%2F%2Fclk.srv.stackadapt.com%2Fclk%3Faid%3D1-7189-178335776934297209301438-2%26cid%3D3239513%26adid%3D14894580%26sid%3D1%26uid%3DPNKjjNvlY-FuUd5yvRB2Rg%26did%3Dteamblind.com%253A%253A85%26adurl%3Dhttps%253A%252F%252Fuw.srv.stackadapt.com%26t%3D1783357769%26brandname%3DVisa%26adheading%3D%26iidx%3D0%26nid%3D85%26bip%3DMjYwMTo2NDY6MTAxOjVkMjA6Og%26conv%3Dtrue%26curl%3DaHR0cHM6Ly9hZC5kb3VibGVjbGljay5uZXQvZGRtL3RyYWNrY2xrL042MDI0LjM3MDM4NDFNRU5JTkJMQVpFUlMvQjM1NjE3MzAzLjQ0NTQ4MjE3ODtkY190cmtfYWlkPTYzOTMwNTI2MDtkY190cmtfY2lkPTI1NDI4NzEwOTtkY19sYXQ9O2RjX3JkaWQ9O3RhZ19mb3JfY2hpbGRfZGlyZWN0ZWRfdHJlYXRtZW50PTt0ZnVhPTtnZHByPTA7Z2Rwcl9jb25zZW50PXNhX2JsYW5rO2x0ZD07ZGNfdGR2PTM%253D%26r%3D&text_SA_headline_1=In%20the%20Bay%20Area%20during%20the%20summer%20of%20soccer%3F:0
[    6203ms] [ERROR] Failed to load resource: the server responded with a status of 400 () @ https://s2s.t13.io/setuid?bidder=inmobi&gdpr=0&gdpr_consent=&us_privacy=&gpp=&gpp_sid=&f=i&uid=ID5-5-00b1aa1b-983f-4cd9-a95e-dd2fe1b23c80:0
[    8325ms] [ERROR] Failed to load resource: net::ERR_CONNECTION_CLOSED @ https://tracker-shr.ortb.net/sync?id=1&uid=ID5-5-00b1aa1b-983f-4cd9-a95e-dd2fe1b23c80:0
[    8795ms] [ERROR] Failed to load resource: the server responded with a status of 400 () @ https://match.sharethrough.com/universal/v1?supply_id=av4BPcZO&gdpr=0&gdpr_consent=:0
[    8820ms] [ERROR] Failed to load resource: the server responded with a status of 404 (Not Found) @ https://sync-tb.yrxtam.com/ffb9b365d87c2b3126298b7483e4ddd1.gif?puid=[UID]&redir=https%3A%2F%2Fs.ad.smaato.net%2Fc%2F%3FdspId%3D1519%26dspCookie%3D%24UID%26gdpr%3D0%26gdpr_consent%3D&gdpr=0&gdpr_consent=&coppa=[COPPA]&gpp=[GPP]&gpp_sid=[GPP_SID]:0
[    8949ms] [ERROR] Failed to load resource: the server responded with a status of 404 (Not Found) @ https://b1sync.zemanta.com/usersync/ogury/?gdpr=0&gdpr_consent=&cb=https%3A%2F%2Fms-cookie-sync.presage.io%2Fuser-sync%3Foutbrain_id%3D__ZUID__:0
[    9009ms] [ERROR] Failed to load resource: net::ERR_NAME_NOT_RESOLVED @ https://cm-x.mgid.com/5f771db5775920b3ea597ee1392355e9.gif?puid=[UID]&redir=https%3A%2F%2Fs.ad.smaato.net%2Fc%2F%3FdspId%3D1466%26dspCookie%3D%5BUID%5D%26gdpr%3D0%26gdpr_consent%3D&gdpr=0&gdpr_consent=&coppa=[COPPA]&gpp=[GPP]&gpp_sid=[GPP_SID]:0
[    9022ms] [ERROR] Failed to load resource: the server responded with a status of 400 (Bad Request) @ https://us.shb-sync.com/bf2ecb77-8b3f-11ed-9a3c-0cc47a787f5e.gif?puid=[UID]&redir=https%3A%2F%2Fs.ad.smaato.net%2Fc%2F%3FdspId%3D1074%26dspCookie%3D%5BUID%5D%26gdpr%3D0%26gdpr_consent%3D&gdpr=0&gdpr_consent=:0
[    9032ms] [ERROR] Failed to load resource: the server responded with a status of 400 (Bad Request) @ https://us.shb-sync.com/bf2debb3-8b3f-11ed-9a3c-0cc47a787f5e.gif?redir=https%3A%2F%2Fs.ad.smaato.net%2Fc%2F%3FdspId%3D1170%26dspCookie%3D%24UID%26gdpr%3D0%26gdpr_consent%3D&gdpr=0&gdpr_consent=:0
[    9128ms] [ERROR] Failed to load resource: the server responded with a status of 404 (Not Found) @ https://csync.copper6.com/fbd260923f6815f04a34938c00400dd6.gif?gdpr=0&gdpr_consent=&redir=https%3A%2F%2Fs.ad.smaato.net%2Fc%2F%3FdspId%3D1248%26dspCookie%3D%5BUID%5D%26gdpr%3D0%26gdpr_consent%3D:0
[    9388ms] [ERROR] Failed to load resource: the server responded with a status of 404 () @ https://cs-server-s2s.yellowblue.io/[RED]:0
[    9395ms] [ERROR] Failed to load resource: the server responded with a status of 404 () @ https://secure.adnxs.com/[RED]:0
[    9404ms] [ERROR] Failed to load resource: net::ERR_EMPTY_RESPONSE @ https://pxl.iqm.com/i/ck/smaato?&redir=https%3A%2F%2Fs.ad.smaato.net%2Fc%2F%3FdspId%3D1126%26dspCookie%3D%7BIQM_COOKIE%7D%26gdpr%3D0%26gdpr_consent%3D:0
[    6203ms] [ERROR] Failed to load resource: the server responded with a status of 400 () @ https://s2s.t13.io/setuid?bidder=inmobi&gdpr=0&gdpr_consent=&us_privacy=&gpp=&gpp_sid=&f=i&uid=ID5-5-00b1aa1b-983f-4cd9-a95e-dd2fe1b23c80:0
[    8325ms] [ERROR] Failed to load resource: net::ERR_CONNECTION_CLOSED @ https://tracker-shr.ortb.net/sync?id=1&uid=ID5-5-00b1aa1b-983f-4cd9-a95e-dd2fe1b23c80:0
[    9388ms] [ERROR] Failed to load resource: the server responded with a status of 404 () @ https://cs-server-s2s.yellowblue.io/[RED]:0
[    9580ms] [LOG] Recent pixels found, Skipping... @ https://usync.ingage.tech/?gdpr=&gdpr_consent=&us_privacy=&redirect=https%3A%2F%2Fcookies.nextmillmedia.com%2Fsetuid%3Fbidder%3Dinsticator%26nmuid%3D731e8fac-4e90-4636-9d44-cdada0ec413b%26gdpr%3D%26gdpr_consent%3D%26us_privacy%3D%26uid%3D%24UID:0
[    9630ms] [ERROR] Access to XMLHttpRequest at 'https://ssbsync-global.smartadserver.com/api/sync?callerId=54&redirectUri=cs.pgammedia.com%2F5dfc706c92577789d96a49f64ff8c7c8.gif%3Fpuid%3D%5Bssb_sync_pid%5D%26gdpr%3D%5BGDPR%5D%26gdpr_consent%3D%5BGDPR_CONSENT%5D%09' from origin 'https://www.teamblind.com' has been blocked by CORS policy: No 'Access-Control-Allow-Origin' header is present on the requested resource. @ https://www.teamblind.com/post/question-to-hiring-managers-and-hr-what-do-you-look-for-in-a-ux-portfolio-prefer-pdf-or-online-portfolio-nmmexf38:0
[    9630ms] [ERROR] Failed to load resource: net::ERR_FAILED @ https://ssbsync-global.smartadserver.com/api/sync?callerId=54&redirectUri=cs.pgammedia.com%2F5dfc706c92577789d96a49f64ff8c7c8.gif%3Fpuid%3D%5Bssb_sync_pid%5D%26gdpr%3D%5BGDPR%5D%26gdpr_consent%3D%5BGDPR_CONSENT%5D%09:0
[    9690ms] [ERROR] Failed to load resource: net::ERR_CONNECTION_CLOSED @ https://visitor.fiftyt.com/p.gif?ev=sync&bstep=2&p=ey&uid=2leBmSN2swFGHTaGAIL8_KLkcsOgbkxI0VxeWs4GQ7HY:0
[    9728ms] [ERROR] Failed to load resource: the server responded with a status of 404 () @ https://cs.admanmedia.com/c899400112bd5b9243b3993d9a074653.gif?puid=[UID]&redir=https%3A%2F%2Fcsync.smilewanted.com%2Fset_partner_userid_get%2Fillumin%2F%5BUID%5D&gdpr=0&gdpr_consent=:0
[    9846ms] [ERROR] Failed to load resource: the server responded with a status of 404 () @ https://visitor-pgammedia.omnitagjs.com/visitor/%5BRED%5D?visitor=2e0b9594-08e0-49b4-a859-3505d387d700:0
[    9728ms] [ERROR] Failed to load resource: the server responded with a status of 404 () @ https://cs.admanmedia.com/c899400112bd5b9243b3993d9a074653.gif?puid=[UID]&redir=https%3A%2F%2Fcsync.smilewanted.com%2Fset_partner_userid_get%2Fillumin%2F%5BUID%5D&gdpr=0&gdpr_consent=:0
[    9930ms] [ERROR] Failed to load resource: the server responded with a status of 404 () @ https://cs.admanmedia.com/292deb7c3c2bf25073c04bb900f3a44a.gif??gdpr=&gdpr_consent=&us_privacy=&redir=https%3A%2F%2Fcookies.nextmillmedia.com%2Fsetuid%3Fbidder%3Dadmanmedia%26nmuid%3D731e8fac-4e90-4636-9d44-cdada0ec413b%26gdpr%3D%26gdpr_consent%3D%26us_privacy%3D%26uid%3D%5BUID%5D:0
[    9962ms] [ERROR] Failed to load resource: the server responded with a status of 400 (Bad Request) @ https://sync.adkernel.com/user-sync?zone=263117&dsp=1206259&t=image&uid=:0
[   10055ms] [ERROR] Failed to load resource: net::ERR_NAME_NOT_RESOLVED @ https://cs.iqzone.com/6f0476ca45e1d6b67e3ee8d57532a022.gif?redir=https%3A%2F%2Fsync.cootlogix.com%2Fapi%2Fcookie%3FpartnerId%3Diqzone%26gdpr%3D%26gdpr_consent%3D%26us_privacy%3D%26userId%3D%5BUID%5D&gdpr=&gdpr_consent=&ccpa=:0
[   10067ms] [ERROR] Failed to load resource: the server responded with a status of 400 (Bad Request) @ https://us4.shb-sync.com/a760a5a7-e35e-49b8-9f5e-723455346741.gif?puid=7a5c3cc4-5a9f-cea0-f128-2e196083f883&gdpr=&gdpr_consent=ccpa=:0
[    7973ms] [ERROR] Failed to load resource: net::ERR_CONNECTION_CLOSED @ https://pxl.iqm.com/i/ck/equativ?cid=SMART_USER_ID&redir=https%3A%2F%2Frtb-csync.smartadserver.com%2Fredir%2F%3Fissi%3D1%26partnerid%3D154%26partneruserid%3D%7BIQM_COOKIE%7D:0
[   10704ms] [ERROR] Failed to load resource: net::ERR_NAME_NOT_RESOLVED @ https://visitor-iqzone.omnitagjs.com/visitor/bsync?uid=9ad5ea74eb6daacb66ec769f76978abc&name=GEN1&url=https%3A%2F%2Fsync.iqzonertb.live%2Fpsync%3Ft%3Dd%26e%3D466%26u%3D%5BUID%5D%26clp%3DaHR0cHM6Ly9jcy5rcnVzaG1lZGlhLmNvbS8yZmIyYTc3ZDNiYTMzNDk2M2ZkYjBmNzc1YWI2MjA1My5naWY_cHVpZD0lVVNFUl9JRCUmZ2Rwcj1bR0RQUl0mZ2Rwcl9jb25zZW50PVtHRFBSX0NPTlNFTlRdJmNjcGE9W0NDUEFdJmNvcHBhPVtDT1BQQV0:0
[   10750ms] [ERROR] Failed to load resource: net::ERR_TOO_MANY_REDIRECTS @ https://match.sharethrough.com/universal/v1?supply_id=Tbdft1Ow:0
[   11435ms] [ERROR] Failed to load resource: net::ERR_TOO_MANY_REDIRECTS @ https://cs.pgammedia.com/bf4103da5f0fb6ae0166419ea1a784aa.gif?gdpr=$$[GDPR]&gdpr_consent=$$[GDPR_CONSENT]&us_privacy=$[CCPA]&uid=$4431a17e-bd89-4cb2-af5d-09b87ae17334&cookie_age=$[COOKIE_AGE]:0
[   12786ms] [TIMEEND] a: 0.0009765625 ms @ https://static.adsafeprotected.com/sca.17.6.4.js:31
[   13072ms] [ERROR] Failed to load resource: net::ERR_SOCKET_NOT_CONNECTED @ https://tracker-shr.ortb.net/sync?id=1&uid=ID5-5-00b1aa1b-983f-4cd9-a95e-dd2fe1b23c80:0
[   13137ms] [WARNING] An iframe which has both allow-scripts and allow-same-origin for its sandbox attribute can escape its sandboxing. @ https://cadmus.script.ac/d14pdm1b7fi5kh/script.js:0
[   13180ms] [WARNING] [GPT] Slot inpost-bottom rendered inside of the viewport.
https://goo.gle/gpt-message#169 @ https://securepubads.g.doubleclick.net/pagead/managed/js/gpt/m202606290101/pubads_impl.js?cb=31099461:18
[    5369ms] [ERROR] Attestation check for Shared Storage on https://www.googleadservices.com failed. @ https://www.googleadservices.com/pagead/managed/js/activeview/current/reach_worklet.html:0
[    5400ms] [ERROR] Attestation check for Shared Storage on https://www.googleadservices.com failed. @ https://www.googleadservices.com/pagead/managed/js/activeview/current/reach_worklet.html:0
[    5433ms] [ERROR] Attestation check for Shared Storage on https://www.googleadservices.com failed. @ https://www.googleadservices.com/pagead/managed/js/activeview/current/reach_worklet.html:0
[   13284ms] [ERROR] Attestation check for Shared Storage on https://www.googleadservices.com failed. @ https://www.googleadservices.com/pagead/managed/js/activeview/current/reach_worklet.html:0
[    5369ms] [ERROR] Attestation check for Shared Storage on https://www.googleadservices.com failed. @ https://www.googleadservices.com/pagead/managed/js/activeview/current/reach_worklet.html:0
[    5400ms] [ERROR] Attestation check for Shared Storage on https://www.googleadservices.com failed. @ https://www.googleadservices.com/pagead/managed/js/activeview/current/reach_worklet.html:0
[    5433ms] [ERROR] Attestation check for Shared Storage on https://www.googleadservices.com failed. @ https://www.googleadservices.com/pagead/managed/js/activeview/current/reach_worklet.html:0
[   13284ms] [ERROR] Attestation check for Shared Storage on https://www.googleadservices.com failed. @ https://www.googleadservices.com/pagead/managed/js/activeview/current/reach_worklet.html:0
[   17473ms] [ERROR] Attestation check for Shared Storage on https://www.googleadservices.com failed. @ https://www.googleadservices.com/pagead/managed/js/activeview/current/reach_worklet.html:0
[   17800ms] [TIMEEND] a: 0.0009765625 ms @ https://static.adsafeprotected.com/sca.17.6.4.js:31
