[     932ms] [WARNING] [GPT] PubAdsService.collapseEmptyDivs is deprecated, use googletag.setConfig({collapseDiv: ...}) instead.
https://goo.gle/gpt-message#170 @ https://securepubads.g.doubleclick.net/pagead/managed/js/gpt/m202606290101/pubads_impl.js?cb=31099461:18
[     948ms] [WARNING] 3 is not a valid value for publisherSpecialPurposesIds @ https://cmp.inmobi.com/tcfv2/61/cmp2.js?referer=www.teamblind.com:1
[    1016ms] [LOG] uspData default usp value based on gpc signal @ https://cmp.inmobi.com/tcfv2/61/cmp2.js?referer=www.teamblind.com:1
[    1016ms] [WARNING] globalPrivacyControl is not available in the browser. Setting usp string as  1NN @ https://cmp.inmobi.com/tcfv2/61/cmp2.js?referer=www.teamblind.com:1
[    1017ms] [LOG] setting mspa footer with opt out defaults in mspa-api @ https://cmp.inmobi.com/tcfv2/61/cmp2.js?referer=www.teamblind.com:1
[    1017ms] [ERROR] MspaFooterHTMLId not found, inserting text into footer @ https://cmp.inmobi.com/tcfv2/61/cmp2.js?referer=www.teamblind.com:1
[    1017ms] [WARNING] Google basic consent is not applicable. @ https://cmp.inmobi.com/tcfv2/61/cmp2.js?referer=www.teamblind.com:1
[    1017ms] [LOG] Less than 30 minute have passed since the stored timestamp. @ https://cmp.inmobi.com/tcfv2/61/cmp2.js?referer=www.teamblind.com:1
[    1508ms] Error: Minified React error #418; visit https://react.dev/errors/418?args[]=HTML&args[]= for the full message or use the non-minified dev environment for full errors and additional helpful warnings.
    at rK (https://www.teamblind.com/_next/static/chunks/2d249cb9bc10604b.js:2:40123)
    at io (https://www.teamblind.com/_next/static/chunks/2d249cb9bc10604b.js:2:90844)
    at sc (https://www.teamblind.com/_next/static/chunks/2d249cb9bc10604b.js:2:131315)
    at https://www.teamblind.com/_next/static/chunks/2d249cb9bc10604b.js:2:126205
    at u9 (https://www.teamblind.com/_next/static/chunks/2d249cb9bc10604b.js:2:126306)
    at s$ (https://www.teamblind.com/_next/static/chunks/2d249cb9bc10604b.js:2:152688)
    at MessagePort._ (https://www.teamblind.com/_next/static/chunks/2d249cb9bc10604b.js:2:1647)
[    1509ms] Error: Minified React error #418; visit https://react.dev/errors/418?args[]=HTML&args[]= for the full message or use the non-minified dev environment for full errors and additional helpful warnings.
    at rK (https://www.teamblind.com/_next/static/chunks/2d249cb9bc10604b.js:2:40123)
    at io (https://www.teamblind.com/_next/static/chunks/2d249cb9bc10604b.js:2:90844)
    at sc (https://www.teamblind.com/_next/static/chunks/2d249cb9bc10604b.js:2:131315)
    at https://www.teamblind.com/_next/static/chunks/2d249cb9bc10604b.js:2:126205
    at u9 (https://www.teamblind.com/_next/static/chunks/2d249cb9bc10604b.js:2:126306)
    at s$ (https://www.teamblind.com/_next/static/chunks/2d249cb9bc10604b.js:2:152688)
    at MessagePort._ (https://www.teamblind.com/_next/static/chunks/2d249cb9bc10604b.js:2:1647)
[    1626ms] [LOG] Push notifications powered by Aimtell. Learn more at https://aimtell.com/developers @ https://cdn.aimtell.com/trackpush/trackpush.min.js:0
[    1954ms] [LOG] click url value: https://clk.srv.stackadapt.com/clk?aid=1-2474-178335762254390572725266-2&cid=3239513&adid=14894580&sid=1&uid=PNKjjNvlY-FuUd5yvRB2Rg&did=teamblind.com%3A%3A85&adurl=https%3A%2F%2Fuw.srv.stackadapt.com&t=1783357622&brandname=Visa&adheading=&iidx=0&nid=85&bip=MTA3LjMuMTM3LjI0NA&conv=true&curl=aHR0cHM6Ly9hZC5kb3VibGVjbGljay5uZXQvZGRtL3RyYWNrY2xrL042MDI0LjM3MDM4NDFNRU5JTkJMQVpFUlMvQjM1NjE3MzAzLjQ0NTQ4MjE3ODtkY190cmtfYWlkPTYzOTMwNTI2MDtkY190cmtfY2lkPTI1NDI4NzEwOTtkY19sYXQ9O2RjX3JkaWQ9O3RhZ19mb3JfY2hpbGRfZGlyZWN0ZWRfdHJlYXRtZW50PTt0ZnVhPTtnZHByPTA7Z2Rwcl9jb25zZW50PXNhX2JsYW5rO2x0ZD07ZGNfdGR2PTM%3D&r= @ https://creative.stackadapt.com/js/param.js:210
[    2225ms] Failed to read a named property 'href' from 'Location': Blocked a frame with origin "https://scripts.opti-digital.com" from accessing a frame with origin "https://www.teamblind.com". Protocols, domains, and ports must match.
[    5225ms] [WARNING] The resource https://html.stackadapt.com/MenInBlazers/Visa_001_042026_Display_Published/Animated+001/Responsive/unmute.svg was preloaded using link preload but not used within a few seconds from the window's load event. Please make sure it has an appropriate `as` value and it is preloaded intentionally. @ https://html.stackadapt.com/MenInBlazers/Visa_001_042026_Display_Published/Animated+001/Responsive/index.html?&click=https%3A%2F%2Fclk.srv.stackadapt.com%2Fclk%3Faid%3D1-2474-178335762254390572725266-2%26cid%3D3239513%26adid%3D14894580%26sid%3D1%26uid%3DPNKjjNvlY-FuUd5yvRB2Rg%26did%3Dteamblind.com%253A%253A85%26adurl%3Dhttps%253A%252F%252Fuw.srv.stackadapt.com%26t%3D1783357622%26brandname%3DVisa%26adheading%3D%26iidx%3D0%26nid%3D85%26bip%3DMTA3LjMuMTM3LjI0NA%26conv%3Dtrue%26curl%3DaHR0cHM6Ly9hZC5kb3VibGVjbGljay5uZXQvZGRtL3RyYWNrY2xrL042MDI0LjM3MDM4NDFNRU5JTkJMQVpFUlMvQjM1NjE3MzAzLjQ0NTQ4MjE3ODtkY190cmtfYWlkPTYzOTMwNTI2MDtkY190cmtfY2lkPTI1NDI4NzEwOTtkY19sYXQ9O2RjX3JkaWQ9O3RhZ19mb3JfY2hpbGRfZGlyZWN0ZWRfdHJlYXRtZW50PTt0ZnVhPTtnZHByPTA7Z2Rwcl9jb25zZW50PXNhX2JsYW5rO2x0ZD07ZGNfdGR2PTM%253D%26r%3D&text_SA_headline_1=In%20the%20Bay%20Area%20during%20the%20summer%20of%20soccer%3F:0
[    5225ms] [WARNING] The resource https://html.stackadapt.com/MenInBlazers/Visa_001_042026_Display_Published/Animated+001/Responsive/pause.svg was preloaded using link preload but not used within a few seconds from the window's load event. Please make sure it has an appropriate `as` value and it is preloaded intentionally. @ https://html.stackadapt.com/MenInBlazers/Visa_001_042026_Display_Published/Animated+001/Responsive/index.html?&click=https%3A%2F%2Fclk.srv.stackadapt.com%2Fclk%3Faid%3D1-2474-178335762254390572725266-2%26cid%3D3239513%26adid%3D14894580%26sid%3D1%26uid%3DPNKjjNvlY-FuUd5yvRB2Rg%26did%3Dteamblind.com%253A%253A85%26adurl%3Dhttps%253A%252F%252Fuw.srv.stackadapt.com%26t%3D1783357622%26brandname%3DVisa%26adheading%3D%26iidx%3D0%26nid%3D85%26bip%3DMTA3LjMuMTM3LjI0NA%26conv%3Dtrue%26curl%3DaHR0cHM6Ly9hZC5kb3VibGVjbGljay5uZXQvZGRtL3RyYWNrY2xrL042MDI0LjM3MDM4NDFNRU5JTkJMQVpFUlMvQjM1NjE3MzAzLjQ0NTQ4MjE3ODtkY190cmtfYWlkPTYzOTMwNTI2MDtkY190cmtfY2lkPTI1NDI4NzEwOTtkY19sYXQ9O2RjX3JkaWQ9O3RhZ19mb3JfY2hpbGRfZGlyZWN0ZWRfdHJlYXRtZW50PTt0ZnVhPTtnZHByPTA7Z2Rwcl9jb25zZW50PXNhX2JsYW5rO2x0ZD07ZGNfdGR2PTM%253D%26r%3D&text_SA_headline_1=In%20the%20Bay%20Area%20during%20the%20summer%20of%20soccer%3F:0
[    5225ms] [WARNING] The resource https://html.stackadapt.com/MenInBlazers/Visa_001_042026_Display_Published/Animated+001/Responsive/replay.svg was preloaded using link preload but not used within a few seconds from the window's load event. Please make sure it has an appropriate `as` value and it is preloaded intentionally. @ https://html.stackadapt.com/MenInBlazers/Visa_001_042026_Display_Published/Animated+001/Responsive/index.html?&click=https%3A%2F%2Fclk.srv.stackadapt.com%2Fclk%3Faid%3D1-2474-178335762254390572725266-2%26cid%3D3239513%26adid%3D14894580%26sid%3D1%26uid%3DPNKjjNvlY-FuUd5yvRB2Rg%26did%3Dteamblind.com%253A%253A85%26adurl%3Dhttps%253A%252F%252Fuw.srv.stackadapt.com%26t%3D1783357622%26brandname%3DVisa%26adheading%3D%26iidx%3D0%26nid%3D85%26bip%3DMTA3LjMuMTM3LjI0NA%26conv%3Dtrue%26curl%3DaHR0cHM6Ly9hZC5kb3VibGVjbGljay5uZXQvZGRtL3RyYWNrY2xrL042MDI0LjM3MDM4NDFNRU5JTkJMQVpFUlMvQjM1NjE3MzAzLjQ0NTQ4MjE3ODtkY190cmtfYWlkPTYzOTMwNTI2MDtkY190cmtfY2lkPTI1NDI4NzEwOTtkY19sYXQ9O2RjX3JkaWQ9O3RhZ19mb3JfY2hpbGRfZGlyZWN0ZWRfdHJlYXRtZW50PTt0ZnVhPTtnZHByPTA7Z2Rwcl9jb25zZW50PXNhX2JsYW5rO2x0ZD07ZGNfdGR2PTM%253D%26r%3D&text_SA_headline_1=In%20the%20Bay%20Area%20during%20the%20summer%20of%20soccer%3F:0
[    5225ms] [WARNING] The resource https://html.stackadapt.com/MenInBlazers/Visa_001_042026_Display_Published/Animated+001/Responsive/play.svg was preloaded using link preload but not used within a few seconds from the window's load event. Please make sure it has an appropriate `as` value and it is preloaded intentionally. @ https://html.stackadapt.com/MenInBlazers/Visa_001_042026_Display_Published/Animated+001/Responsive/index.html?&click=https%3A%2F%2Fclk.srv.stackadapt.com%2Fclk%3Faid%3D1-2474-178335762254390572725266-2%26cid%3D3239513%26adid%3D14894580%26sid%3D1%26uid%3DPNKjjNvlY-FuUd5yvRB2Rg%26did%3Dteamblind.com%253A%253A85%26adurl%3Dhttps%253A%252F%252Fuw.srv.stackadapt.com%26t%3D1783357622%26brandname%3DVisa%26adheading%3D%26iidx%3D0%26nid%3D85%26bip%3DMTA3LjMuMTM3LjI0NA%26conv%3Dtrue%26curl%3DaHR0cHM6Ly9hZC5kb3VibGVjbGljay5uZXQvZGRtL3RyYWNrY2xrL042MDI0LjM3MDM4NDFNRU5JTkJMQVpFUlMvQjM1NjE3MzAzLjQ0NTQ4MjE3ODtkY190cmtfYWlkPTYzOTMwNTI2MDtkY190cmtfY2lkPTI1NDI4NzEwOTtkY19sYXQ9O2RjX3JkaWQ9O3RhZ19mb3JfY2hpbGRfZGlyZWN0ZWRfdHJlYXRtZW50PTt0ZnVhPTtnZHByPTA7Z2Rwcl9jb25zZW50PXNhX2JsYW5rO2x0ZD07ZGNfdGR2PTM%253D%26r%3D&text_SA_headline_1=In%20the%20Bay%20Area%20during%20the%20summer%20of%20soccer%3F:0
[    5225ms] [WARNING] The resource https://html.stackadapt.com/MenInBlazers/Visa_001_042026_Display_Published/Animated+001/Responsive/mute.svg was preloaded using link preload but not used within a few seconds from the window's load event. Please make sure it has an appropriate `as` value and it is preloaded intentionally. @ https://html.stackadapt.com/MenInBlazers/Visa_001_042026_Display_Published/Animated+001/Responsive/index.html?&click=https%3A%2F%2Fclk.srv.stackadapt.com%2Fclk%3Faid%3D1-2474-178335762254390572725266-2%26cid%3D3239513%26adid%3D14894580%26sid%3D1%26uid%3DPNKjjNvlY-FuUd5yvRB2Rg%26did%3Dteamblind.com%253A%253A85%26adurl%3Dhttps%253A%252F%252Fuw.srv.stackadapt.com%26t%3D1783357622%26brandname%3DVisa%26adheading%3D%26iidx%3D0%26nid%3D85%26bip%3DMTA3LjMuMTM3LjI0NA%26conv%3Dtrue%26curl%3DaHR0cHM6Ly9hZC5kb3VibGVjbGljay5uZXQvZGRtL3RyYWNrY2xrL042MDI0LjM3MDM4NDFNRU5JTkJMQVpFUlMvQjM1NjE3MzAzLjQ0NTQ4MjE3ODtkY190cmtfYWlkPTYzOTMwNTI2MDtkY190cmtfY2lkPTI1NDI4NzEwOTtkY19sYXQ9O2RjX3JkaWQ9O3RhZ19mb3JfY2hpbGRfZGlyZWN0ZWRfdHJlYXRtZW50PTt0ZnVhPTtnZHByPTA7Z2Rwcl9jb25zZW50PXNhX2JsYW5rO2x0ZD07ZGNfdGR2PTM%253D%26r%3D&text_SA_headline_1=In%20the%20Bay%20Area%20during%20the%20summer%20of%20soccer%3F:0
[    5673ms] [TIMEEND] a: 0.0029296875 ms @ https://static.adsafeprotected.com/sca.17.6.4.js:31
[   10668ms] [TIMEEND] a: 0.0009765625 ms @ https://static.adsafeprotected.com/sca.17.6.4.js:31
[   15827ms] [ERROR] Attestation check for Shared Storage on https://www.googleadservices.com failed. @ https://www.googleadservices.com/pagead/managed/js/activeview/current/reach_worklet.html:0
[   15849ms] [TIMEEND] a: 0.001953125 ms @ https://static.adsafeprotected.com/sca.17.6.4.js:31
