[     -33ms] [WARNING] Mixed Content: The page at 'https://s.ad.smaato.net/i/?adExInit=p&maxUrls=50' was loaded over HTTPS, but requested an insecure element 'http://image8.pubmatic.com/AdServer/ImgSync?p=164125&gdpr=0&gdpr_consent=&pu=http%3A%2F%2Fimage4.pubmatic.com%2FAdServer%2FSPug%3Fp%3D164125%26pmc%3DPM_PMC%26pr%3Dhttps%253A%252F%252Fs.ad.smaato.net%252Fc%252F%253FdspId%253D1405%2526dspCookie%253D%2523PMUID%26gdpr%3D0%26gdpr_consent%3D'. This request was automatically upgraded to HTTPS, For more information see https://blog.chromium.org/2019/10/no-more-mixed-messages-about-https.html @ https://s.ad.smaato.net/i/?adExInit=p&maxUrls=50:0
[     -30ms] [WARNING] Mixed Content: The page at 'https://s.ad.smaato.net/i/?adExInit=p&maxUrls=50' was loaded over HTTPS, but requested an insecure element 'http://image8.pubmatic.com/AdServer/ImgSync?p=164125&gdpr=0&gdpr_consent=&pu=http%3A%2F%2Fimage4.pubmatic.com%2FAdServer%2FSPug%3Fp%3D164125%26pmc%3DPM_PMC%26pr%3Dhttps%253A%252F%252Fs.ad.smaato.net%252Fc%252F%253FdspId%253D1405%2526dspCookie%253D%2523PMUID%26gdpr%3D0%26gdpr_consent%3D'. This request was automatically upgraded to HTTPS, For more information see https://blog.chromium.org/2019/10/no-more-mixed-messages-about-https.html @ https://s.ad.smaato.net/i/?adExInit=p&maxUrls=50:42
[     115ms] [ERROR] Failed to load resource: the server responded with a status of 400 () @ https://match.sharethrough.com/universal/v1?supply_id=av4BPcZO&gdpr=0&gdpr_consent=:0
[     141ms] [ERROR] Failed to load resource: the server responded with a status of 400 (Bad Request) @ https://us.shb-sync.com/bf2ecb77-8b3f-11ed-9a3c-0cc47a787f5e.gif?puid=[UID]&redir=https%3A%2F%2Fs.ad.smaato.net%2Fc%2F%3FdspId%3D1074%26dspCookie%3D%5BUID%5D%26gdpr%3D0%26gdpr_consent%3D&gdpr=0&gdpr_consent=:0
[     238ms] [ERROR] Failed to load resource: the server responded with a status of 400 (Bad Request) @ https://us.shb-sync.com/bf2debb3-8b3f-11ed-9a3c-0cc47a787f5e.gif?redir=https%3A%2F%2Fs.ad.smaato.net%2Fc%2F%3FdspId%3D1170%26dspCookie%3D%24UID%26gdpr%3D0%26gdpr_consent%3D&gdpr=0&gdpr_consent=:0
[     300ms] [ERROR] Failed to load resource: net::ERR_NAME_NOT_RESOLVED @ https://cm-x.mgid.com/5f771db5775920b3ea597ee1392355e9.gif?puid=[UID]&redir=https%3A%2F%2Fs.ad.smaato.net%2Fc%2F%3FdspId%3D1466%26dspCookie%3D%5BUID%5D%26gdpr%3D0%26gdpr_consent%3D&gdpr=0&gdpr_consent=&coppa=[COPPA]&gpp=[GPP]&gpp_sid=[GPP_SID]:0
[     346ms] [ERROR] Failed to load resource: the server responded with a status of 404 (Not Found) @ https://csync.copper6.com/fbd260923f6815f04a34938c00400dd6.gif?gdpr=0&gdpr_consent=&redir=https%3A%2F%2Fs.ad.smaato.net%2Fc%2F%3FdspId%3D1248%26dspCookie%3D%5BUID%5D%26gdpr%3D0%26gdpr_consent%3D:0
[     383ms] [ERROR] Failed to load resource: net::ERR_CONNECTION_RESET @ https://pxl.iqm.com/i/ck/equativ?cid=SMART_USER_ID&redir=https%3A%2F%2Frtb-csync.smartadserver.com%2Fredir%2F%3Fissi%3D1%26partnerid%3D154%26partneruserid%3D%7BIQM_COOKIE%7D:0
[     875ms] [WARNING] [GPT] PubAdsService.collapseEmptyDivs is deprecated, use googletag.setConfig({collapseDiv: ...}) instead.
https://goo.gle/gpt-message#170 @ https://securepubads.g.doubleclick.net/pagead/managed/js/gpt/m202606290101/pubads_impl.js?cb=31099461:18
[     903ms] [WARNING] 3 is not a valid value for publisherSpecialPurposesIds @ https://cmp.inmobi.com/tcfv2/61/cmp2.js?referer=www.teamblind.com:1
[     945ms] [LOG] uspData default usp value based on gpc signal @ https://cmp.inmobi.com/tcfv2/61/cmp2.js?referer=www.teamblind.com:1
[     945ms] [WARNING] globalPrivacyControl is not available in the browser. Setting usp string as  1NN @ https://cmp.inmobi.com/tcfv2/61/cmp2.js?referer=www.teamblind.com:1
[     945ms] [LOG] setting mspa footer with opt out defaults in mspa-api @ https://cmp.inmobi.com/tcfv2/61/cmp2.js?referer=www.teamblind.com:1
[     945ms] [ERROR] MspaFooterHTMLId not found, inserting text into footer @ https://cmp.inmobi.com/tcfv2/61/cmp2.js?referer=www.teamblind.com:1
[     946ms] [WARNING] Google basic consent is not applicable. @ https://cmp.inmobi.com/tcfv2/61/cmp2.js?referer=www.teamblind.com:1
[     946ms] [LOG] Less than 30 minute have passed since the stored timestamp. @ https://cmp.inmobi.com/tcfv2/61/cmp2.js?referer=www.teamblind.com:1
[    1276ms] [LOG] Push notifications powered by Aimtell. Learn more at https://aimtell.com/developers @ https://cdn.aimtell.com/trackpush/trackpush.min.js:0
[    1841ms] [LOG] %craven%c Raven v1.20.0-69wxiu background-color:#000;margin-left:1px;padding:1px 3px;font-size:0.75em;color:#ffffff; font-size:0.9em; @ https://cadmus.script.ac/d14pdm1b7fi5kh/script.js:0
[    2112ms] [WARNING] [GPT] PubAdsService.collapseEmptyDivs is deprecated, use googletag.setConfig({collapseDiv: ...}) instead.
https://goo.gle/gpt-message#170 @ https://securepubads.g.doubleclick.net/pagead/managed/js/gpt/m202606290101/pubads_impl.js?cb=31099461:18
[    2114ms] [WARNING] [GPT] Slot.getTargeting is deprecated, use Slot.getConfig('targeting') instead.
https://goo.gle/gpt-message#201 @ https://securepubads.g.doubleclick.net/pagead/managed/js/gpt/m202606290101/pubads_impl.js?cb=31099461:18
[    2386ms] [WARNING] 3 is not a valid value for publisherSpecialPurposesIds @ https://cmp.inmobi.com/tcfv2/61/cmp2.js?referer=www.teamblind.com:1
[    2426ms] [LOG] uspData default usp value based on gpc signal @ https://cadmus.script.ac/d14pdm1b7fi5kh/script.js:0
[    2426ms] [WARNING] globalPrivacyControl is not available in the browser. Setting usp string as  1NN @ https://cmp.inmobi.com/tcfv2/61/cmp2.js?referer=www.teamblind.com:1
[    2427ms] [LOG] setting mspa footer with opt out defaults in mspa-api @ https://cadmus.script.ac/d14pdm1b7fi5kh/script.js:0
[    2427ms] [ERROR] MspaFooterHTMLId not found, inserting text into footer @ https://cmp.inmobi.com/tcfv2/61/cmp2.js?referer=www.teamblind.com:1
[    2434ms] [WARNING] Google basic consent is not applicable. @ https://cmp.inmobi.com/tcfv2/61/cmp2.js?referer=www.teamblind.com:1
[    2436ms] [LOG] Less than 30 minute have passed since the stored timestamp. @ https://cadmus.script.ac/d14pdm1b7fi5kh/script.js:0
[    2532ms] [LOG] Push notifications powered by Aimtell. Learn more at https://aimtell.com/developers @ https://cadmus.script.ac/d14pdm1b7fi5kh/script.js:0
[    2906ms] SecurityError: Failed to read a named property from 'Location': Blocked a frame with origin "https://scripts.opti-digital.com" from accessing a cross-origin frame.
    at https://scripts.opti-digital.com/lib/?site=teamblind_com&lib=safeframe&v=1.1.0:2:446
[    3169ms] [TIMEEND] a: 0 ms @ https://static.adsafeprotected.com/sca.17.6.4.js:31
[    3264ms] [ERROR] Failed to load resource: the server responded with a status of 400 () @ https://match.sharethrough.com/universal/v1?supply_id=av4BPcZO&gdpr=0&gdpr_consent=:0
[    3455ms] [ERROR] Failed to load resource: net::ERR_NAME_NOT_RESOLVED @ https://tags.bluekai.com/site/2964?id=uPYjBs7I1WGMKZ5:0
[    3973ms] [WARNING] An iframe which has both allow-scripts and allow-same-origin for its sandbox attribute can escape its sandboxing. @ https://cadmus.script.ac/d14pdm1b7fi5kh/script.js:0
[    3983ms] [WARNING] An iframe which has both allow-scripts and allow-same-origin for its sandbox attribute can escape its sandboxing. @ https://cadmus.script.ac/d14pdm1b7fi5kh/script.js:0
[    4241ms] [ERROR] Access to XMLHttpRequest at 'https://onetag-sys.com/usync/?pubId=6b859b96c564fbe&gdpr=0&gdpr_consent=&us_privacy=1YNN' from origin 'https://www.teamblind.com' has been blocked by CORS policy: No 'Access-Control-Allow-Origin' header is present on the requested resource. @ https://www.teamblind.com/:0
[    4242ms] [ERROR] Failed to load resource: net::ERR_FAILED @ https://onetag-sys.com/usync/?pubId=6b859b96c564fbe&gdpr=0&gdpr_consent=&us_privacy=1YNN:0
[    4458ms] [ERROR] Attestation check for Shared Storage on https://www.googleadservices.com failed. @ https://www.googleadservices.com/pagead/managed/js/activeview/current/reach_worklet.html:0
[    4458ms] [ERROR] Attestation check for Shared Storage on https://www.googleadservices.com failed. @ https://www.googleadservices.com/pagead/managed/js/activeview/current/reach_worklet.html:0
[    4532ms] [ERROR] Attestation check for Shared Storage on https://www.googleadservices.com failed. @ https://www.googleadservices.com/pagead/managed/js/activeview/current/reach_worklet.html:0
[    4458ms] [ERROR] Attestation check for Shared Storage on https://www.googleadservices.com failed. @ https://www.googleadservices.com/pagead/managed/js/activeview/current/reach_worklet.html:0
[    4532ms] [ERROR] Attestation check for Shared Storage on https://www.googleadservices.com failed. @ https://www.googleadservices.com/pagead/managed/js/activeview/current/reach_worklet.html:0
[    4458ms] [ERROR] Attestation check for Shared Storage on https://www.googleadservices.com failed. @ https://www.googleadservices.com/pagead/managed/js/activeview/current/reach_worklet.html:0
[    4532ms] [ERROR] Attestation check for Shared Storage on https://www.googleadservices.com failed. @ https://www.googleadservices.com/pagead/managed/js/activeview/current/reach_worklet.html:0
[    4626ms] [ERROR] Attestation check for Shared Storage on https://www.googleadservices.com failed. @ https://www.googleadservices.com/pagead/managed/js/activeview/current/reach_worklet.html:0
[    4627ms] [ERROR] Attestation check for Shared Storage on https://www.googleadservices.com failed. @ https://www.googleadservices.com/pagead/managed/js/activeview/current/reach_worklet.html:0
[    4919ms] Uncaught SyntaxError: Failed to execute 'postMessage' on 'Window': Invalid target origin 'null' in a call to 'postMessage'.
    at <anonymous> (https://securepubads.g.doubleclick.net/tag/js/gpt.js:10:19904)
    at <anonymous> (/_/mss/boq-content-ads-contributor/_/js/k=boq-content-ads-contributor.ContributorServingResponseClientJs.en_US.c8vTOS7sWZo.es5.O/d=1/rs=AJlcJMw244E09z9IpO_ijJU-hRKLQ9V1sQ/m=kernel_loader,loader_js_executable:494:336)
    at Fg.a.j (https://securepubads.g.doubleclick.net/tag/js/gpt.js:10:19708)
[    3264ms] [ERROR] Failed to load resource: the server responded with a status of 400 () @ https://match.sharethrough.com/universal/v1?supply_id=av4BPcZO&gdpr=0&gdpr_consent=:0
[    6039ms] [ERROR] Unsafe attempt to initiate navigation for frame with URL 'about:blank' from frame with URL 'about:srcdoc'. The frame attempting navigation must be same-origin with the target if navigating to a javascript: url
 @ about:srcdoc:0
[    3264ms] [ERROR] Failed to load resource: the server responded with a status of 400 () @ https://match.sharethrough.com/universal/v1?supply_id=av4BPcZO&gdpr=0&gdpr_consent=:0
[    6788ms] [TIMEEND] a: 0 ms @ https://static.adsafeprotected.com/sca.17.6.4.js:31
[    7401ms] [ERROR] Failed to load resource: net::ERR_CONNECTION_RESET @ https://pxl.iqm.com/i/ck/equativ?cid=SMART_USER_ID&redir=https%3A%2F%2Frtb-csync.smartadserver.com%2Fredir%2F%3Fissi%3D1%26partnerid%3D154%26partneruserid%3D%7BIQM_COOKIE%7D:0
[    8337ms] [ERROR] Failed to load resource: the server responded with a status of 404 () @ https://ib.adnxs.com/gdpr=0&gdpr_consent=&gpp=DBABBg~BUoAAACY.QA&us_privacy=1YNN:0
[    8337ms] [ERROR] Failed to load resource: the server responded with a status of 404 () @ https://ib.adnxs.com/gdpr=0&gdpr_consent=&gpp=DBABBg~BUoAAACY.QA&us_privacy=1YNN:0
[    3264ms] [ERROR] Failed to load resource: the server responded with a status of 400 () @ https://match.sharethrough.com/universal/v1?supply_id=av4BPcZO&gdpr=0&gdpr_consent=:0
[    3264ms] [ERROR] Failed to load resource: the server responded with a status of 400 () @ https://match.sharethrough.com/universal/v1?supply_id=av4BPcZO&gdpr=0&gdpr_consent=:0
[    8517ms] [ERROR] Failed to load resource: net::ERR_SOCKET_NOT_CONNECTED @ https://csync.loopme.me/?redirect=https%3A%2F%2Frtb-csync.smartadserver.com%2Fredir%2F%3Fissi%3D1%26partnerid%3D124%26partneruserid%3D%7Bdevice_id%7D&pubid=5679:0
[    8518ms] [ERROR] Failed to load resource: net::ERR_SOCKET_NOT_CONNECTED @ https://csync.loopme.me/?pubid=9724&gdpr=0&gdpr_consent=&redirect=https%3A%2F%2Fsync.inmobi.com%2Fsetuid%3FbidderID%3D109%26dspUserId%3D%7Bviewer_token%7D:0
[    3264ms] [ERROR] Failed to load resource: the server responded with a status of 400 () @ https://match.sharethrough.com/universal/v1?supply_id=av4BPcZO&gdpr=0&gdpr_consent=:0
[    8557ms] [WARNING] Mixed Content: The page at 'https://ssum-sec.casalemedia.com/usermatch?s=179394&cb=https%3A%2F%2Frtb-csync.smartadserver.com%2Fredir%2F%3Fissi%3D1%26partnerid%3D33%26partneruserid%3D' was loaded over HTTPS, but requested an insecure element 'http://rtb2-useast.delivrdsp.ai/sync?exchange=1378&r=https%3A%2F%2Fdsum-sec.casalemedia.com%2Fcrum%3Fcm_dsp_id%3D282%26external_user_id%3D%7BUID%7D&us_privacy='. This request was automatically upgraded to HTTPS, For more information see https://blog.chromium.org/2019/10/no-more-mixed-messages-about-https.html @ https://ssum-sec.casalemedia.com/usermatch?s=179394&cb=https%3A%2F%2Frtb-csync.smartadserver.com%2Fredir%2F%3Fissi%3D1%26partnerid%3D33%26partneruserid%3D:0
[    8557ms] [WARNING] Mixed Content: The page at 'https://ssum-sec.casalemedia.com/usermatch?s=179394&cb=https%3A%2F%2Frtb-csync.smartadserver.com%2Fredir%2F%3Fissi%3D1%26partnerid%3D33%26partneruserid%3D' was loaded over HTTPS, but requested an insecure element 'http://rtb2-useast.delivrdsp.ai/sync?exchange=1378&r=https%3A%2F%2Fdsum-sec.casalemedia.com%2Fcrum%3Fcm_dsp_id%3D282%26external_user_id%3D%7BUID%7D&us_privacy='. This request was automatically upgraded to HTTPS, For more information see https://blog.chromium.org/2019/10/no-more-mixed-messages-about-https.html @ https://ssum-sec.casalemedia.com/usermatch?s=179394&cb=https%3A%2F%2Frtb-csync.smartadserver.com%2Fredir%2F%3Fissi%3D1%26partnerid%3D33%26partneruserid%3D:0
[    3264ms] [ERROR] Failed to load resource: the server responded with a status of 400 () @ https://match.sharethrough.com/universal/v1?supply_id=av4BPcZO&gdpr=0&gdpr_consent=:0
[    8566ms] [ERROR] Failed to load resource: the server responded with a status of 400 () @ https://match.sharethrough.com/universal/v1?supply_id=av4BPcZO&gdpr=0&gdpr_consent=:0
[    3264ms] [ERROR] Failed to load resource: the server responded with a status of 400 () @ https://match.sharethrough.com/universal/v1?supply_id=av4BPcZO&gdpr=0&gdpr_consent=:0
[    3264ms] [ERROR] Failed to load resource: the server responded with a status of 400 () @ https://match.sharethrough.com/universal/v1?supply_id=av4BPcZO&gdpr=0&gdpr_consent=:0
[    8670ms] [ERROR] Failed to load resource: the server responded with a status of 404 (Not Found) @ https://b1sync.zemanta.com/usersync/ogury/?gdpr=0&gdpr_consent=&cb=https%3A%2F%2Fms-cookie-sync.presage.io%2Fuser-sync%3Foutbrain_id%3D__ZUID__:0
[    8721ms] [ERROR] Failed to load resource: net::ERR_NAME_NOT_RESOLVED @ https://cm-x.mgid.com/5f771db5775920b3ea597ee1392355e9.gif?puid=[UID]&redir=https%3A%2F%2Fs.ad.smaato.net%2Fc%2F%3FdspId%3D1466%26dspCookie%3D%5BUID%5D%26gdpr%3D0%26gdpr_consent%3D&gdpr=0&gdpr_consent=&coppa=[COPPA]&gpp=[GPP]&gpp_sid=[GPP_SID]:0
[    8728ms] [ERROR] Failed to load resource: the server responded with a status of 404 (Not Found) @ https://sync-tb.yrxtam.com/ffb9b365d87c2b3126298b7483e4ddd1.gif?puid=[UID]&redir=https%3A%2F%2Fs.ad.smaato.net%2Fc%2F%3FdspId%3D1519%26dspCookie%3D%24UID%26gdpr%3D0%26gdpr_consent%3D&gdpr=0&gdpr_consent=&coppa=[COPPA]&gpp=[GPP]&gpp_sid=[GPP_SID]:0
[    8737ms] [ERROR] Failed to load resource: the server responded with a status of 404 () @ https://secure.adnxs.com/[RED]:0
[    8747ms] [ERROR] Failed to load resource: the server responded with a status of 400 (Bad Request) @ https://us.shb-sync.com/bf2ecb77-8b3f-11ed-9a3c-0cc47a787f5e.gif?puid=[UID]&redir=https%3A%2F%2Fs.ad.smaato.net%2Fc%2F%3FdspId%3D1074%26dspCookie%3D%5BUID%5D%26gdpr%3D0%26gdpr_consent%3D&gdpr=0&gdpr_consent=:0
[    8747ms] [ERROR] Failed to load resource: the server responded with a status of 400 (Bad Request) @ https://us.shb-sync.com/bf2debb3-8b3f-11ed-9a3c-0cc47a787f5e.gif?redir=https%3A%2F%2Fs.ad.smaato.net%2Fc%2F%3FdspId%3D1170%26dspCookie%3D%24UID%26gdpr%3D0%26gdpr_consent%3D&gdpr=0&gdpr_consent=:0
[    8795ms] [ERROR] Failed to load resource: the server responded with a status of 404 () @ https://visitor-pgammedia.omnitagjs.com/visitor/%5BRED%5D?visitor=4431a17e-bd89-4cb2-af5d-09b87ae17334:0
[    7401ms] [ERROR] Failed to load resource: net::ERR_CONNECTION_RESET @ https://pxl.iqm.com/i/ck/equativ?cid=SMART_USER_ID&redir=https%3A%2F%2Frtb-csync.smartadserver.com%2Fredir%2F%3Fissi%3D1%26partnerid%3D154%26partneruserid%3D%7BIQM_COOKIE%7D:0
[    8517ms] [ERROR] Failed to load resource: net::ERR_SOCKET_NOT_CONNECTED @ https://csync.loopme.me/?redirect=https%3A%2F%2Frtb-csync.smartadserver.com%2Fredir%2F%3Fissi%3D1%26partnerid%3D124%26partneruserid%3D%7Bdevice_id%7D&pubid=5679:0
[    8822ms] [ERROR] Failed to load resource: net::ERR_EMPTY_RESPONSE @ https://pxl.iqm.com/i/ck/smaato?&redir=https%3A%2F%2Fs.ad.smaato.net%2Fc%2F%3FdspId%3D1126%26dspCookie%3D%7BIQM_COOKIE%7D%26gdpr%3D0%26gdpr_consent%3D:0
[    8847ms] [ERROR] Failed to load resource: the server responded with a status of 404 (Not Found) @ https://csync.copper6.com/fbd260923f6815f04a34938c00400dd6.gif?gdpr=0&gdpr_consent=&redir=https%3A%2F%2Fs.ad.smaato.net%2Fc%2F%3FdspId%3D1248%26dspCookie%3D%5BUID%5D%26gdpr%3D0%26gdpr_consent%3D:0
[    8856ms] [ERROR] Failed to load resource: the server responded with a status of 400 (Bad Request) @ https://us.shb-sync.com/bf2debb3-8b3f-11ed-9a3c-0cc47a787f5e.gif?redir=https%3A%2F%2Fs.ad.smaato.net%2Fc%2F%3FdspId%3D1170%26dspCookie%3D%24UID%26gdpr%3D0%26gdpr_consent%3D&gdpr=0&gdpr_consent=:0
[    8874ms] [ERROR] Failed to load resource: the server responded with a status of 404 () @ https://cs-server-s2s.yellowblue.io/[RED]:0
[    3264ms] [ERROR] Failed to load resource: the server responded with a status of 400 () @ https://match.sharethrough.com/universal/v1?supply_id=av4BPcZO&gdpr=0&gdpr_consent=:0
[    8948ms] [ERROR] Failed to load resource: the server responded with a status of 400 (Bad Request) @ https://sync.adkernel.com/user-sync?zone=252325&gdpr=0&gdpr_consent=&us_privacy=&t=image&r=https%3A%2F%2Fittpx.eskimi.com%2Fsync%3Fdp_id%3D52%26gdpr%3D0%26gdpr_consent%3D%26us_privacy%3D%26user_id%3D%7BUID%7D:0
[    8518ms] [ERROR] Failed to load resource: net::ERR_SOCKET_NOT_CONNECTED @ https://csync.loopme.me/?pubid=9724&gdpr=0&gdpr_consent=&redirect=https%3A%2F%2Fsync.inmobi.com%2Fsetuid%3FbidderID%3D109%26dspUserId%3D%7Bviewer_token%7D:0
[    9058ms] [ERROR] Failed to load resource: the server responded with a status of 400 (Bad Request) @ https://us4.shb-sync.com/a760a5a7-e35e-49b8-9f5e-723455346741.gif?puid=7a5c3cc4-5a9f-cea0-f128-2e196083f883&gdpr=0&gdpr_consent=0ccpa=:0
[    3264ms] [ERROR] Failed to load resource: the server responded with a status of 400 () @ https://match.sharethrough.com/universal/v1?supply_id=av4BPcZO&gdpr=0&gdpr_consent=:0
[    9283ms] [ERROR] Failed to load resource: net::ERR_NAME_NOT_RESOLVED @ https://cs.iqzone.com/6f0476ca45e1d6b67e3ee8d57532a022.gif?redir=https%3A%2F%2Fsync.cootlogix.com%2Fapi%2Fcookie%3FpartnerId%3Diqzone%26gdpr%3D0%26gdpr_consent%3D%26us_privacy%3D%26userId%3D%5BUID%5D&gdpr=0&gdpr_consent=&ccpa=:0
[    9330ms] [ERROR] Failed to load resource: the server responded with a status of 404 () @ https://ittpx.eskimi.com/sync?dp_id=106&gdpr=$[GDPR]d&gdpr_consent=$[GDPR_CONSENT]&us_privacy=$[CCPA]&user_id=$10e9cc39-b569-46ce-ab7d-facc08a0a6ec:0
[    8874ms] [ERROR] Failed to load resource: the server responded with a status of 404 () @ https://cs-server-s2s.yellowblue.io/[RED]:0
[    8566ms] [ERROR] Failed to load resource: the server responded with a status of 400 () @ https://match.sharethrough.com/universal/v1?supply_id=av4BPcZO&gdpr=0&gdpr_consent=:0
[    8721ms] [ERROR] Failed to load resource: net::ERR_NAME_NOT_RESOLVED @ https://cm-x.mgid.com/5f771db5775920b3ea597ee1392355e9.gif?puid=[UID]&redir=https%3A%2F%2Fs.ad.smaato.net%2Fc%2F%3FdspId%3D1466%26dspCookie%3D%5BUID%5D%26gdpr%3D0%26gdpr_consent%3D&gdpr=0&gdpr_consent=&coppa=[COPPA]&gpp=[GPP]&gpp_sid=[GPP_SID]:0
[    8728ms] [ERROR] Failed to load resource: the server responded with a status of 404 (Not Found) @ https://sync-tb.yrxtam.com/ffb9b365d87c2b3126298b7483e4ddd1.gif?puid=[UID]&redir=https%3A%2F%2Fs.ad.smaato.net%2Fc%2F%3FdspId%3D1519%26dspCookie%3D%24UID%26gdpr%3D0%26gdpr_consent%3D&gdpr=0&gdpr_consent=&coppa=[COPPA]&gpp=[GPP]&gpp_sid=[GPP_SID]:0
[    8747ms] [ERROR] Failed to load resource: the server responded with a status of 400 (Bad Request) @ https://us.shb-sync.com/bf2ecb77-8b3f-11ed-9a3c-0cc47a787f5e.gif?puid=[UID]&redir=https%3A%2F%2Fs.ad.smaato.net%2Fc%2F%3FdspId%3D1074%26dspCookie%3D%5BUID%5D%26gdpr%3D0%26gdpr_consent%3D&gdpr=0&gdpr_consent=:0
[    8747ms] [ERROR] Failed to load resource: the server responded with a status of 400 (Bad Request) @ https://us.shb-sync.com/bf2debb3-8b3f-11ed-9a3c-0cc47a787f5e.gif?redir=https%3A%2F%2Fs.ad.smaato.net%2Fc%2F%3FdspId%3D1170%26dspCookie%3D%24UID%26gdpr%3D0%26gdpr_consent%3D&gdpr=0&gdpr_consent=:0
[    8822ms] [ERROR] Failed to load resource: net::ERR_EMPTY_RESPONSE @ https://pxl.iqm.com/i/ck/smaato?&redir=https%3A%2F%2Fs.ad.smaato.net%2Fc%2F%3FdspId%3D1126%26dspCookie%3D%7BIQM_COOKIE%7D%26gdpr%3D0%26gdpr_consent%3D:0
[    8847ms] [ERROR] Failed to load resource: the server responded with a status of 404 (Not Found) @ https://csync.copper6.com/fbd260923f6815f04a34938c00400dd6.gif?gdpr=0&gdpr_consent=&redir=https%3A%2F%2Fs.ad.smaato.net%2Fc%2F%3FdspId%3D1248%26dspCookie%3D%5BUID%5D%26gdpr%3D0%26gdpr_consent%3D:0
[    8518ms] [ERROR] Failed to load resource: net::ERR_SOCKET_NOT_CONNECTED @ https://csync.loopme.me/?pubid=9724&gdpr=0&gdpr_consent=&redirect=https%3A%2F%2Fsync.inmobi.com%2Fsetuid%3FbidderID%3D109%26dspUserId%3D%7Bviewer_token%7D:0
[    8948ms] [ERROR] Failed to load resource: the server responded with a status of 400 (Bad Request) @ https://sync.adkernel.com/user-sync?zone=252325&gdpr=0&gdpr_consent=&us_privacy=&t=image&r=https%3A%2F%2Fittpx.eskimi.com%2Fsync%3Fdp_id%3D52%26gdpr%3D0%26gdpr_consent%3D%26us_privacy%3D%26user_id%3D%7BUID%7D:0
[    9691ms] [ERROR] Failed to load resource: the server responded with a status of 404 () @ https://ittpx.eskimi.com/sync?sp_id=238&gdpr=undefined&gdpr_consent=undefined&us_privacy=undefined&gpp=undefined&gpp_sid=undefined:0
[    9805ms] [ERROR] Failed to load resource: net::ERR_HTTP2_SERVER_REFUSED_STREAM @ https://cs.admanmedia.com/e03deca3316b700a1ce99c41e324fd03.gif?puid=ID5-5-00b1aa1b-983f-4cd9-a95e-dd2fe1b23c80&redir=https%3A%2F%2Fsync.inmobi.com%2Fsetuid%3FbidderID%3D149%26dspUserId%3D%5BUID%5D&gdpr=0&gdpr_consent=:0
[    8874ms] [ERROR] Failed to load resource: the server responded with a status of 404 () @ https://cs-server-s2s.yellowblue.io/[RED]:0
[    8948ms] [ERROR] Failed to load resource: the server responded with a status of 400 (Bad Request) @ https://sync.adkernel.com/user-sync?zone=252325&gdpr=0&gdpr_consent=&us_privacy=&t=image&r=https%3A%2F%2Fittpx.eskimi.com%2Fsync%3Fdp_id%3D52%26gdpr%3D0%26gdpr_consent%3D%26us_privacy%3D%26user_id%3D%7BUID%7D:0
[    9691ms] [ERROR] Failed to load resource: the server responded with a status of 404 () @ https://ittpx.eskimi.com/sync?sp_id=238&gdpr=undefined&gdpr_consent=undefined&us_privacy=undefined&gpp=undefined&gpp_sid=undefined:0
[    9058ms] [ERROR] Failed to load resource: the server responded with a status of 400 (Bad Request) @ https://us4.shb-sync.com/a760a5a7-e35e-49b8-9f5e-723455346741.gif?puid=7a5c3cc4-5a9f-cea0-f128-2e196083f883&gdpr=0&gdpr_consent=0ccpa=:0
[    9283ms] [ERROR] Failed to load resource: net::ERR_NAME_NOT_RESOLVED @ https://cs.iqzone.com/6f0476ca45e1d6b67e3ee8d57532a022.gif?redir=https%3A%2F%2Fsync.cootlogix.com%2Fapi%2Fcookie%3FpartnerId%3Diqzone%26gdpr%3D0%26gdpr_consent%3D%26us_privacy%3D%26userId%3D%5BUID%5D&gdpr=0&gdpr_consent=&ccpa=:0
[    8948ms] [ERROR] Failed to load resource: the server responded with a status of 400 (Bad Request) @ https://sync.adkernel.com/user-sync?zone=252325&gdpr=0&gdpr_consent=&us_privacy=&t=image&r=https%3A%2F%2Fittpx.eskimi.com%2Fsync%3Fdp_id%3D52%26gdpr%3D0%26gdpr_consent%3D%26us_privacy%3D%26user_id%3D%7BUID%7D:0
[    9691ms] [ERROR] Failed to load resource: the server responded with a status of 404 () @ https://ittpx.eskimi.com/sync?sp_id=238&gdpr=undefined&gdpr_consent=undefined&us_privacy=undefined&gpp=undefined&gpp_sid=undefined:0
[   10044ms] [ERROR] Failed to load resource: the server responded with a status of 404 () @ https://ittpx.eskimi.com/sync?sp_id=%20239&gdpr=&gdpr_consent=&us_privacy=&dest=https%3A%2F%2Fsync.kueezrtb.com%2Fapi%2Fcookie%3FpartnerId%3Dkueez-eskimi%26userId%3D%24%7BUSER_ID%7D%26gdpr%3D%26gdpr_consent%3D%26us_privacy%3D:0
[    9058ms] [ERROR] Failed to load resource: the server responded with a status of 400 (Bad Request) @ https://us4.shb-sync.com/a760a5a7-e35e-49b8-9f5e-723455346741.gif?puid=7a5c3cc4-5a9f-cea0-f128-2e196083f883&gdpr=0&gdpr_consent=0ccpa=:0
[    9283ms] [ERROR] Failed to load resource: net::ERR_NAME_NOT_RESOLVED @ https://cs.iqzone.com/6f0476ca45e1d6b67e3ee8d57532a022.gif?redir=https%3A%2F%2Fsync.cootlogix.com%2Fapi%2Fcookie%3FpartnerId%3Diqzone%26gdpr%3D0%26gdpr_consent%3D%26us_privacy%3D%26userId%3D%5BUID%5D&gdpr=0&gdpr_consent=&ccpa=:0
[   10068ms] [ERROR] Failed to load resource: the server responded with a status of 404 () @ https://cs.admanmedia.com/c899400112bd5b9243b3993d9a074653.gif?puid=[UID]&redir=https%3A%2F%2Fcsync.smilewanted.com%2Fset_partner_userid_get%2Fillumin%2F%5BUID%5D&gdpr=0&gdpr_consent=:0
[    8518ms] [ERROR] Failed to load resource: net::ERR_SOCKET_NOT_CONNECTED @ https://csync.loopme.me/?pubid=9724&gdpr=0&gdpr_consent=&redirect=https%3A%2F%2Fsync.inmobi.com%2Fsetuid%3FbidderID%3D109%26dspUserId%3D%7Bviewer_token%7D:0
[    9805ms] [ERROR] Failed to load resource: net::ERR_HTTP2_SERVER_REFUSED_STREAM @ https://cs.admanmedia.com/e03deca3316b700a1ce99c41e324fd03.gif?puid=ID5-5-00b1aa1b-983f-4cd9-a95e-dd2fe1b23c80&redir=https%3A%2F%2Fsync.inmobi.com%2Fsetuid%3FbidderID%3D149%26dspUserId%3D%5BUID%5D&gdpr=0&gdpr_consent=:0
[   10096ms] [ERROR] Failed to load resource: the server responded with a status of 404 () @ https://cs.admanmedia.com/94fd017f496d404a25fc5546f959bf2f.gif?gdpr=&gdpr_consent=&us_privacy=&redir=https%3A%2F%2Fsync.kueezrtb.com%2Fapi%2Fcookie%3FpartnerId%3Dkueez-acuity%26gdpr%3D%26gdpr_consent%3D%26us_privacy%3D%26userId%3D%5BUID%5D:0
[    8874ms] [ERROR] Failed to load resource: the server responded with a status of 404 () @ https://cs-server-s2s.yellowblue.io/[RED]:0
[   10107ms] [ERROR] Failed to load resource: net::ERR_TOO_MANY_REDIRECTS @ https://match.sharethrough.com/universal/v1?supply_id=Tbdft1Ow:0
[    9058ms] [ERROR] Failed to load resource: the server responded with a status of 400 (Bad Request) @ https://us4.shb-sync.com/a760a5a7-e35e-49b8-9f5e-723455346741.gif?puid=7a5c3cc4-5a9f-cea0-f128-2e196083f883&gdpr=0&gdpr_consent=0ccpa=:0
[    9283ms] [ERROR] Failed to load resource: net::ERR_NAME_NOT_RESOLVED @ https://cs.iqzone.com/6f0476ca45e1d6b67e3ee8d57532a022.gif?redir=https%3A%2F%2Fsync.cootlogix.com%2Fapi%2Fcookie%3FpartnerId%3Diqzone%26gdpr%3D0%26gdpr_consent%3D%26us_privacy%3D%26userId%3D%5BUID%5D&gdpr=0&gdpr_consent=&ccpa=:0
[   10330ms] [ERROR] Failed to load resource: net::ERR_NAME_NOT_RESOLVED @ https://cs.iqzone.com/6f0476ca45e1d6b67e3ee8d57532a022.gif?redir=https%3A%2F%2Fsync.cootlogix.com%2Fapi%2Fcookie%3FpartnerId%3Diqzone%26gdpr%3D%26gdpr_consent%3D%26us_privacy%3D%26userId%3D%5BUID%5D&gdpr=&gdpr_consent=&ccpa=:0
[   10345ms] [ERROR] Failed to load resource: the server responded with a status of 400 (Bad Request) @ https://us4.shb-sync.com/a760a5a7-e35e-49b8-9f5e-723455346741.gif?puid=7a5c3cc4-5a9f-cea0-f128-2e196083f883&gdpr=&gdpr_consent=ccpa=:0
[   10414ms] [ERROR] Failed to load resource: the server responded with a status of 400 (Bad Request) @ https://ps.eyeota.net/match?bid=2ri0rg0&uid={7e45fc9e-9bff-d971-0b13c2d4}:0
[    8518ms] [ERROR] Failed to load resource: net::ERR_SOCKET_NOT_CONNECTED @ https://csync.loopme.me/?pubid=9724&gdpr=0&gdpr_consent=&redirect=https%3A%2F%2Fsync.inmobi.com%2Fsetuid%3FbidderID%3D109%26dspUserId%3D%7Bviewer_token%7D:0
[    9805ms] [ERROR] Failed to load resource: net::ERR_HTTP2_SERVER_REFUSED_STREAM @ https://cs.admanmedia.com/e03deca3316b700a1ce99c41e324fd03.gif?puid=ID5-5-00b1aa1b-983f-4cd9-a95e-dd2fe1b23c80&redir=https%3A%2F%2Fsync.inmobi.com%2Fsetuid%3FbidderID%3D149%26dspUserId%3D%5BUID%5D&gdpr=0&gdpr_consent=:0
[    8874ms] [ERROR] Failed to load resource: the server responded with a status of 404 () @ https://cs-server-s2s.yellowblue.io/[RED]:0
[    9058ms] [ERROR] Failed to load resource: the server responded with a status of 400 (Bad Request) @ https://us4.shb-sync.com/a760a5a7-e35e-49b8-9f5e-723455346741.gif?puid=7a5c3cc4-5a9f-cea0-f128-2e196083f883&gdpr=0&gdpr_consent=0ccpa=:0
[    9283ms] [ERROR] Failed to load resource: net::ERR_NAME_NOT_RESOLVED @ https://cs.iqzone.com/6f0476ca45e1d6b67e3ee8d57532a022.gif?redir=https%3A%2F%2Fsync.cootlogix.com%2Fapi%2Fcookie%3FpartnerId%3Diqzone%26gdpr%3D0%26gdpr_consent%3D%26us_privacy%3D%26userId%3D%5BUID%5D&gdpr=0&gdpr_consent=&ccpa=:0
[   10330ms] [ERROR] Failed to load resource: net::ERR_NAME_NOT_RESOLVED @ https://cs.iqzone.com/6f0476ca45e1d6b67e3ee8d57532a022.gif?redir=https%3A%2F%2Fsync.cootlogix.com%2Fapi%2Fcookie%3FpartnerId%3Diqzone%26gdpr%3D%26gdpr_consent%3D%26us_privacy%3D%26userId%3D%5BUID%5D&gdpr=&gdpr_consent=&ccpa=:0
[   10345ms] [ERROR] Failed to load resource: the server responded with a status of 400 (Bad Request) @ https://us4.shb-sync.com/a760a5a7-e35e-49b8-9f5e-723455346741.gif?puid=7a5c3cc4-5a9f-cea0-f128-2e196083f883&gdpr=&gdpr_consent=ccpa=:0
[    3264ms] [ERROR] Failed to load resource: the server responded with a status of 400 () @ https://match.sharethrough.com/universal/v1?supply_id=av4BPcZO&gdpr=0&gdpr_consent=:0
[   10414ms] [ERROR] Failed to load resource: the server responded with a status of 400 (Bad Request) @ https://ps.eyeota.net/match?bid=2ri0rg0&uid={7e45fc9e-9bff-d971-0b13c2d4}:0
[   10573ms] [ERROR] Failed to load resource: the server responded with a status of 400 (Bad Request) @ https://us4.shb-sync.com/a760a5a7-e35e-49b8-9f5e-723455346741.gif?puid=7a5c3cc4-5a9f-cea0-f128-2e196083f883&gdpr=&gdpr_consent=ccpa=:0
[   10651ms] [LOG] Recent pixels found, Skipping... @ https://usync.ingage.tech/?gdpr=&gdpr_consent=&us_privacy=&redirect=https%3A%2F%2Fcookies.nextmillmedia.com%2Fsetuid%3Fbidder%3Dinsticator%26nmuid%3D731e8fac-4e90-4636-9d44-cdada0ec413b%26gdpr%3D%26gdpr_consent%3D%26us_privacy%3D%26uid%3D%24UID:0
[    3264ms] [ERROR] Failed to load resource: the server responded with a status of 400 () @ https://match.sharethrough.com/universal/v1?supply_id=av4BPcZO&gdpr=0&gdpr_consent=:0
[   10819ms] [ERROR] Failed to load resource: net::ERR_NAME_NOT_RESOLVED @ https://cs.iqzone.com/6f0476ca45e1d6b67e3ee8d57532a022.gif?redir=https%3A%2F%2Fsync.cootlogix.com%2Fapi%2Fcookie%3FpartnerId%3Diqzone%26gdpr%3D%26gdpr_consent%3D%26us_privacy%3D%26userId%3D%5BUID%5D&gdpr=&gdpr_consent=&ccpa=:0
[   10068ms] [ERROR] Failed to load resource: the server responded with a status of 404 () @ https://cs.admanmedia.com/c899400112bd5b9243b3993d9a074653.gif?puid=[UID]&redir=https%3A%2F%2Fcsync.smilewanted.com%2Fset_partner_userid_get%2Fillumin%2F%5BUID%5D&gdpr=0&gdpr_consent=:0
[   10855ms] [ERROR] Failed to load resource: the server responded with a status of 404 () @ https://cs.admanmedia.com/292deb7c3c2bf25073c04bb900f3a44a.gif??gdpr=&gdpr_consent=&us_privacy=&redir=https%3A%2F%2Fcookies.nextmillmedia.com%2Fsetuid%3Fbidder%3Dadmanmedia%26nmuid%3D731e8fac-4e90-4636-9d44-cdada0ec413b%26gdpr%3D%26gdpr_consent%3D%26us_privacy%3D%26uid%3D%5BUID%5D:0
[    8874ms] [ERROR] Failed to load resource: the server responded with a status of 404 () @ https://cs-server-s2s.yellowblue.io/[RED]:0
[   10932ms] [ERROR] Failed to load resource: net::ERR_TOO_MANY_REDIRECTS @ https://cs.pgammedia.com/bf4103da5f0fb6ae0166419ea1a784aa.gif?gdpr=$$[GDPR]&gdpr_consent=$$[GDPR_CONSENT]&us_privacy=$[CCPA]&uid=$4431a17e-bd89-4cb2-af5d-09b87ae17334&cookie_age=$[COOKIE_AGE]:0
[    8948ms] [ERROR] Failed to load resource: the server responded with a status of 400 (Bad Request) @ https://sync.adkernel.com/user-sync?zone=252325&gdpr=0&gdpr_consent=&us_privacy=&t=image&r=https%3A%2F%2Fittpx.eskimi.com%2Fsync%3Fdp_id%3D52%26gdpr%3D0%26gdpr_consent%3D%26us_privacy%3D%26user_id%3D%7BUID%7D:0
[    9691ms] [ERROR] Failed to load resource: the server responded with a status of 404 () @ https://ittpx.eskimi.com/sync?sp_id=238&gdpr=undefined&gdpr_consent=undefined&us_privacy=undefined&gpp=undefined&gpp_sid=undefined:0
[   10044ms] [ERROR] Failed to load resource: the server responded with a status of 404 () @ https://ittpx.eskimi.com/sync?sp_id=%20239&gdpr=&gdpr_consent=&us_privacy=&dest=https%3A%2F%2Fsync.kueezrtb.com%2Fapi%2Fcookie%3FpartnerId%3Dkueez-eskimi%26userId%3D%24%7BUSER_ID%7D%26gdpr%3D%26gdpr_consent%3D%26us_privacy%3D:0
[   10938ms] [ERROR] Failed to load resource: the server responded with a status of 404 () @ https://ittpx.eskimi.com/sync?sp_id=238&gdpr=undefined&gdpr_consent=undefined&us_privacy=undefined&gpp=undefined&gpp_sid=undefined:0
[   11088ms] [ERROR] Failed to load resource: the server responded with a status of 400 (Bad Request) @ https://sync.adkernel.com/user-sync?zone=263117&dsp=1206259&t=image&uid=:0
[    8518ms] [ERROR] Failed to load resource: net::ERR_SOCKET_NOT_CONNECTED @ https://csync.loopme.me/?pubid=9724&gdpr=0&gdpr_consent=&redirect=https%3A%2F%2Fsync.inmobi.com%2Fsetuid%3FbidderID%3D109%26dspUserId%3D%7Bviewer_token%7D:0
[    9805ms] [ERROR] Failed to load resource: net::ERR_HTTP2_SERVER_REFUSED_STREAM @ https://cs.admanmedia.com/e03deca3316b700a1ce99c41e324fd03.gif?puid=ID5-5-00b1aa1b-983f-4cd9-a95e-dd2fe1b23c80&redir=https%3A%2F%2Fsync.inmobi.com%2Fsetuid%3FbidderID%3D149%26dspUserId%3D%5BUID%5D&gdpr=0&gdpr_consent=:0
