[     532ms] [WARNING] [GPT] PubAdsService.collapseEmptyDivs is deprecated, use googletag.setConfig({collapseDiv: ...}) instead.
https://goo.gle/gpt-message#170 @ https://securepubads.g.doubleclick.net/pagead/managed/js/gpt/m202606290101/pubads_impl.js?cb=31099461:18
[     544ms] [WARNING] 3 is not a valid value for publisherSpecialPurposesIds @ https://cmp.inmobi.com/tcfv2/61/cmp2.js?referer=www.teamblind.com:1
[     572ms] [LOG] uspData default usp value based on gpc signal @ https://cmp.inmobi.com/tcfv2/61/cmp2.js?referer=www.teamblind.com:1
[     572ms] [WARNING] globalPrivacyControl is not available in the browser. Setting usp string as  1NN @ https://cmp.inmobi.com/tcfv2/61/cmp2.js?referer=www.teamblind.com:1
[     572ms] [LOG] setting mspa footer with opt out defaults in mspa-api @ https://cmp.inmobi.com/tcfv2/61/cmp2.js?referer=www.teamblind.com:1
[     572ms] [ERROR] MspaFooterHTMLId not found, inserting text into footer @ https://cmp.inmobi.com/tcfv2/61/cmp2.js?referer=www.teamblind.com:1
[     573ms] [WARNING] Google basic consent is not applicable. @ https://cmp.inmobi.com/tcfv2/61/cmp2.js?referer=www.teamblind.com:1
[     573ms] [LOG] Less than 30 minute have passed since the stored timestamp. @ https://cmp.inmobi.com/tcfv2/61/cmp2.js?referer=www.teamblind.com:1
[    1004ms] Error: Minified React error #418; visit https://react.dev/errors/418?args[]=HTML&args[]= for the full message or use the non-minified dev environment for full errors and additional helpful warnings.
    at rK (https://www.teamblind.com/_next/static/chunks/2d249cb9bc10604b.js:2:40123)
    at io (https://www.teamblind.com/_next/static/chunks/2d249cb9bc10604b.js:2:90844)
    at sc (https://www.teamblind.com/_next/static/chunks/2d249cb9bc10604b.js:2:131315)
    at https://www.teamblind.com/_next/static/chunks/2d249cb9bc10604b.js:2:126205
    at u9 (https://www.teamblind.com/_next/static/chunks/2d249cb9bc10604b.js:2:126306)
    at s$ (https://www.teamblind.com/_next/static/chunks/2d249cb9bc10604b.js:2:152688)
    at MessagePort._ (https://www.teamblind.com/_next/static/chunks/2d249cb9bc10604b.js:2:1647)
[    1056ms] [LOG] Push notifications powered by Aimtell. Learn more at https://aimtell.com/developers @ https://cdn.aimtell.com/trackpush/trackpush.min.js:0
[    1388ms] [LOG] click url value: https://clk.srv.stackadapt.com/clk?aid=1-8185-178335778887527467002211-2&cid=3276558&adid=14754608&sid=1&uid=MdxawQ1k0o5G5pvBeS-byg&did=teamblind.com%3A%3A20&adurl=https%3A%2F%2Fuw.srv.stackadapt.com&t=1783357788&brandname=SME&adheading=&iidx=0&nid=20&bip=MTA3LjMuMTM3LjI0NA&conv=true&curl=aHR0cHM6Ly93d3cuc21lLm9yZy9icmlkZ2UyNj91dG1fc291cmNlPXN0YWNrYWRhcHQmdXRtX21lZGl1bT1kaXNwbGF5JnV0bV9jYW1wYWlnbj0yNkJyaWRnZQ%3D%3D&r= @ https://creative.stackadapt.com/js/param.js:210
[    1662ms] [ERROR] Failed to load resource: net::ERR_NAME_NOT_RESOLVED @ https://sync.tidaltv.com/GenericUserSync.ashx?dpid=335:0
[    1984ms] Failed to read a named property 'href' from 'Location': Blocked a frame with origin "https://scripts.opti-digital.com" from accessing a frame with origin "https://www.teamblind.com". Protocols, domains, and ports must match.
[    5306ms] [TIMEEND] a: 0.0009765625 ms @ https://static.adsafeprotected.com/sca.17.6.4.js:31
[    9991ms] [ERROR] Attestation check for Shared Storage on https://www.googleadservices.com failed. @ https://www.googleadservices.com/pagead/managed/js/activeview/current/reach_worklet.html:0
[   10336ms] [TIMEEND] a: 0.001220703125 ms @ https://static.adsafeprotected.com/sca.17.6.4.js:31
[   10365ms] [TIMEEND] a: 0.0009765625 ms @ https://static.adsafeprotected.com/sca.17.6.4.js:31
[   15339ms] [TIMEEND] a: 0.0009765625 ms @ https://static.adsafeprotected.com/sca.17.6.4.js:31
[   20313ms] [TIMEEND] a: 0.0009765625 ms @ https://static.adsafeprotected.com/sca.17.6.4.js:31
[    9991ms] [ERROR] Attestation check for Shared Storage on https://www.googleadservices.com failed. @ https://www.googleadservices.com/pagead/managed/js/activeview/current/reach_worklet.html:0
[   25012ms] [ERROR] Attestation check for Shared Storage on https://www.googleadservices.com failed. @ https://www.googleadservices.com/pagead/managed/js/activeview/current/reach_worklet.html:0
[   25331ms] [TIMEEND] a: 0.0009765625 ms @ https://static.adsafeprotected.com/sca.17.6.4.js:31
[   25361ms] [TIMEEND] a: 0.001953125 ms @ https://static.adsafeprotected.com/sca.17.6.4.js:31
[   31362ms] [LOG] Text effects cannot be played for page SA_textgroup_2 because it was not initialized. @ https://html.stackadapt.com/SME/SME_025_052026_EmergingProfessionalsCampaign_Published/Animated+001/Responsive/index.html?&click=https%3A%2F%2Fclk.srv.stackadapt.com%2Fclk%3Faid%3D1-8185-178335778887527467002211-2%26cid%3D3276558%26adid%3D14754608%26sid%3D1%26uid%3DMdxawQ1k0o5G5pvBeS-byg%26did%3Dteamblind.com%253A%253A20%26adurl%3Dhttps%253A%252F%252Fuw.srv.stackadapt.com%26t%3D1783357788%26brandname%3DSME%26adheading%3D%26iidx%3D0%26nid%3D20%26bip%3DMTA3LjMuMTM3LjI0NA%26conv%3Dtrue%26curl%3DaHR0cHM6Ly93d3cuc21lLm9yZy9icmlkZ2UyNj91dG1fc291cmNlPXN0YWNrYWRhcHQmdXRtX21lZGl1bT1kaXNwbGF5JnV0bV9jYW1wYWlnbj0yNkJyaWRnZQ%253D%253D%26r%3D:222
[   33102ms] [LOG] No new positions to boot @ https://scripts.opti-digital.com/lib/?site=teamblind_com&lib=launcher&v=5.4.11:2
[    1662ms] [ERROR] Failed to load resource: net::ERR_NAME_NOT_RESOLVED @ https://sync.tidaltv.com/GenericUserSync.ashx?dpid=335:0
[   33503ms] [DIR] SyntaxError @ https://js.ad-score.com/score.min.js?pid=1000925&tt=g:1
[   33786ms] [TIMEEND] a: 0.0009765625 ms @ https://static.adsafeprotected.com/sca.17.6.4.js:31
