[     607ms] [WARNING] [GPT] PubAdsService.collapseEmptyDivs is deprecated, use googletag.setConfig({collapseDiv: ...}) instead.
https://goo.gle/gpt-message#170 @ https://securepubads.g.doubleclick.net/pagead/managed/js/gpt/m202606290101/pubads_impl.js?cb=31099461:18
[     766ms] [LOG] %craven%c Raven v1.20.0-69wxiu background-color:#000;margin-left:1px;padding:1px 3px;font-size:0.75em;color:#ffffff; font-size:0.9em; @ https://cadmus.script.ac/d14pdm1b7fi5kh/script.js:0
[     897ms] [WARNING] 3 is not a valid value for publisherSpecialPurposesIds @ https://cmp.inmobi.com/tcfv2/61/cmp2.js?referer=www.teamblind.com:1
[     936ms] [LOG] uspData default usp value based on gpc signal @ https://cadmus.script.ac/d14pdm1b7fi5kh/script.js:0
[     937ms] [WARNING] globalPrivacyControl is not available in the browser. Setting usp string as  1NN @ https://cmp.inmobi.com/tcfv2/61/cmp2.js?referer=www.teamblind.com:1
[     937ms] [LOG] setting mspa footer with opt out defaults in mspa-api @ https://cadmus.script.ac/d14pdm1b7fi5kh/script.js:0
[     937ms] [ERROR] MspaFooterHTMLId not found, inserting text into footer @ https://cmp.inmobi.com/tcfv2/61/cmp2.js?referer=www.teamblind.com:1
[     938ms] [WARNING] Google basic consent is not applicable. @ https://cmp.inmobi.com/tcfv2/61/cmp2.js?referer=www.teamblind.com:1
[     940ms] [LOG] Less than 30 minute have passed since the stored timestamp. @ https://cadmus.script.ac/d14pdm1b7fi5kh/script.js:0
[    1033ms] [WARNING] [GPT] Slot.getTargeting is deprecated, use Slot.getConfig('targeting') instead.
https://goo.gle/gpt-message#201 @ https://securepubads.g.doubleclick.net/pagead/managed/js/gpt/m202606290101/pubads_impl.js?cb=31099461:18
[    1169ms] Error: Minified React error #418; visit https://react.dev/errors/418?args[]=HTML&args[]= for the full message or use the non-minified dev environment for full errors and additional helpful warnings.
    at rK (https://www.teamblind.com/_next/static/chunks/2d249cb9bc10604b.js:2:40123)
    at io (https://www.teamblind.com/_next/static/chunks/2d249cb9bc10604b.js:2:90844)
    at sc (https://www.teamblind.com/_next/static/chunks/2d249cb9bc10604b.js:2:131315)
    at https://www.teamblind.com/_next/static/chunks/2d249cb9bc10604b.js:2:126205
    at u9 (https://www.teamblind.com/_next/static/chunks/2d249cb9bc10604b.js:2:126306)
    at s$ (https://www.teamblind.com/_next/static/chunks/2d249cb9bc10604b.js:2:152688)
    at MessagePort._ (https://www.teamblind.com/_next/static/chunks/2d249cb9bc10604b.js:2:1647)
[    1497ms] [LOG] Push notifications powered by Aimtell. Learn more at https://aimtell.com/developers @ https://cadmus.script.ac/d14pdm1b7fi5kh/script.js:0
[    1934ms] [TIMEEND] a: 0.0009765625 ms @ https://static.adsafeprotected.com/sca.17.6.4.js:31
[    2910ms] [WARNING] An iframe which has both allow-scripts and allow-same-origin for its sandbox attribute can escape its sandboxing. @ https://cadmus.script.ac/d14pdm1b7fi5kh/script.js:0
[    2922ms] [WARNING] An iframe which has both allow-scripts and allow-same-origin for its sandbox attribute can escape its sandboxing. @ https://cadmus.script.ac/d14pdm1b7fi5kh/script.js:0
[    2996ms] [WARNING] An iframe which has both allow-scripts and allow-same-origin for its sandbox attribute can escape its sandboxing. @ https://cadmus.script.ac/d14pdm1b7fi5kh/script.js:0
[    3843ms] [ERROR] Attestation check for Shared Storage on https://www.googleadservices.com failed. @ https://www.googleadservices.com/pagead/managed/js/activeview/current/reach_worklet.html:0
[    3846ms] [ERROR] Attestation check for Shared Storage on https://www.googleadservices.com failed. @ https://www.googleadservices.com/pagead/managed/js/activeview/current/reach_worklet.html:0
[    3965ms] [ERROR] Failed to load resource: net::ERR_CONNECTION_RESET @ https://pxl.iqm.com/i/ck/infolink?redir=https%3A%2F%2Frouter.infolinks.com%2Fdyn%2Fiqm-us%3Fuid%3D%7BIQM_COOKIE%7D%20:0
[    4669ms] [WARNING] [Audigent] script has already been initialised. Skip further execution @ https://a.ad.gt/api/v1/u/matches/788?_it=tag:0
[    5252ms] [WARNING] An iframe which has both allow-scripts and allow-same-origin for its sandbox attribute can escape its sandboxing. @ https://cadmus.script.ac/d14pdm1b7fi5kh/script.js:0
[    5256ms] [WARNING] An iframe which has both allow-scripts and allow-same-origin for its sandbox attribute can escape its sandboxing. @ https://cadmus.script.ac/d14pdm1b7fi5kh/script.js:0
[    5362ms] [TIMEEND] a: 0 ms @ https://static.adsafeprotected.com/sca.17.6.4.js:31
[    5373ms] [TIMEEND] a: 0.002197265625 ms @ https://static.adsafeprotected.com/sca.17.6.4.js:31
[    7254ms] Failed to read a named property 'document' from 'Window': Blocked a frame with origin "https://lax1-ib.adnxs.com" from accessing a frame with origin "https://www.teamblind.com". Protocols, domains, and ports must match.
[    7547ms] [ERROR] Failed to load resource: the server responded with a status of 400 () @ https://match.sharethrough.com/universal/v1?supply_id=av4BPcZO&gdpr=0&gdpr_consent=:0
[    7587ms] [ERROR] Failed to load resource: the server responded with a status of 400 () @ https://cm.mgid.com/m?cdsp=834149&c=0f0687cc-7eb6-4b65-bb22-b5314efaf043:0
[    7668ms] [ERROR] Failed to load resource: the server responded with a status of 400 (Bad Request) @ https://us.shb-sync.com/bf2ecb77-8b3f-11ed-9a3c-0cc47a787f5e.gif?puid=[UID]&redir=https%3A%2F%2Fs.ad.smaato.net%2Fc%2F%3FdspId%3D1074%26dspCookie%3D%5BUID%5D%26gdpr%3D0%26gdpr_consent%3D&gdpr=0&gdpr_consent=:0
[    7730ms] [ERROR] Failed to load resource: net::ERR_NAME_NOT_RESOLVED @ https://cs.lkqd.net/cs?partnerId=109&partnerUserId=8b8011d032&gdpr=0&gdpr_consent=:0
[    7822ms] [DIR] SyntaxError @ https://js.ad-score.com/score.min.js?pid=1000925&tt=g:1
[    7961ms] [ERROR] Failed to load resource: the server responded with a status of 404 (Not Found) @ https://b1sync.zemanta.com/usersync/ogury/?gdpr=0&gdpr_consent=&cb=https%3A%2F%2Fms-cookie-sync.presage.io%2Fuser-sync%3Foutbrain_id%3D__ZUID__:0
[    7961ms] [ERROR] Failed to load resource: the server responded with a status of 400 (Bad Request) @ https://us.shb-sync.com/bf2debb3-8b3f-11ed-9a3c-0cc47a787f5e.gif?redir=https%3A%2F%2Fs.ad.smaato.net%2Fc%2F%3FdspId%3D1170%26dspCookie%3D%24UID%26gdpr%3D0%26gdpr_consent%3D&gdpr=0&gdpr_consent=:0
[    8017ms] [ERROR] Failed to load resource: net::ERR_NAME_NOT_RESOLVED @ https://cm-x.mgid.com/5f771db5775920b3ea597ee1392355e9.gif?puid=[UID]&redir=https%3A%2F%2Fs.ad.smaato.net%2Fc%2F%3FdspId%3D1466%26dspCookie%3D%5BUID%5D%26gdpr%3D0%26gdpr_consent%3D&gdpr=0&gdpr_consent=&coppa=[COPPA]&gpp=[GPP]&gpp_sid=[GPP_SID]:0
[    8278ms] [ERROR] Failed to load resource: the server responded with a status of 404 () @ https://secure.adnxs.com/[RED]:0
[    8308ms] [WARNING] Mixed Content: The page at 'https://us1rtb-user-sync.oneadtag.com/api/v1/sync/start?sid=susweb&us_privacy=$US_PRIVACY&gdpr=0&gdpr_consent=&redirect=https%3A%2F%2Fs.ad.smaato.net%2Fc%2F%3FdspId%3D1214%26dspCookie%3D%7BuserId%7D%26gdpr%3D0%26gdpr_consent%3D' was loaded over HTTPS, but requested an insecure element 'http://ib.adnxs.com/getuid?https://us1rtb-user-sync.oneadtag.com/api/v1/sync/callback?dsp_id=xandr&dsp_user_id=%24UID&gdpr=0&gdpr_consent=&us_privacy=%24US_PRIVACY&user_id=03f50ecc-7903-4e5c-8945-4a848eb61f79'. This request was automatically upgraded to HTTPS, For more information see https://blog.chromium.org/2019/10/no-more-mixed-messages-about-https.html @ https://us1rtb-user-sync.oneadtag.com/api/v1/sync/start?sid=susweb&us_privacy=$US_PRIVACY&gdpr=0&gdpr_consent=&redirect=https%3A%2F%2Fs.ad.smaato.net%2Fc%2F%3FdspId%3D1214%26dspCookie%3D%7BuserId%7D%26gdpr%3D0%26gdpr_consent%3D:0
[    8309ms] [WARNING] Mixed Content: The page at 'https://us1rtb-user-sync.oneadtag.com/api/v1/sync/start?sid=susweb&us_privacy=$US_PRIVACY&gdpr=0&gdpr_consent=&redirect=https%3A%2F%2Fs.ad.smaato.net%2Fc%2F%3FdspId%3D1214%26dspCookie%3D%7BuserId%7D%26gdpr%3D0%26gdpr_consent%3D' was loaded over HTTPS, but requested an insecure element 'http://ib.adnxs.com/getuid?https://us1rtb-user-sync.oneadtag.com/api/v1/sync/callback?dsp_id=xandr&dsp_user_id=%24UID&gdpr=0&gdpr_consent=&us_privacy=%24US_PRIVACY&user_id=03f50ecc-7903-4e5c-8945-4a848eb61f79'. This request was automatically upgraded to HTTPS, For more information see https://blog.chromium.org/2019/10/no-more-mixed-messages-about-https.html @ https://us1rtb-user-sync.oneadtag.com/api/v1/sync/start?sid=susweb&us_privacy=$US_PRIVACY&gdpr=0&gdpr_consent=&redirect=https%3A%2F%2Fs.ad.smaato.net%2Fc%2F%3FdspId%3D1214%26dspCookie%3D%7BuserId%7D%26gdpr%3D0%26gdpr_consent%3D:0
[    8317ms] [ERROR] Failed to load resource: the server responded with a status of 404 () @ https://visitor-pgammedia.omnitagjs.com/visitor/%5BRED%5D?visitor=fdb9d48e-8eb6-4a45-92d2-cab38f5f9290:0
[    8488ms] [ERROR] Failed to load resource: the server responded with a status of 400 (Bad Request) @ https://sync.adkernel.com/user-sync?zone=269038&r=https%3A%2F%2Fu-sjc03.e-planning.net%2Fum%3Fuid%3D%7BUID%7D%26dc%3D06ca82c8327a7f3f%26fi%3Dde6dd13666f20717:0
[    7961ms] [ERROR] Failed to load resource: the server responded with a status of 404 (Not Found) @ https://b1sync.zemanta.com/usersync/ogury/?gdpr=0&gdpr_consent=&cb=https%3A%2F%2Fms-cookie-sync.presage.io%2Fuser-sync%3Foutbrain_id%3D__ZUID__:0
[    8518ms] [ERROR] Failed to load resource: the server responded with a status of 404 () @ https://cs-server-s2s.yellowblue.io/[RED]:0
[    8554ms] [ERROR] Failed to load resource: net::ERR_HTTP2_SERVER_REFUSED_STREAM @ https://cs.admanmedia.com/0535b9acf7ce6904b890e8d258c45009.gif?gdpr=[GDPR]&gdpr_consent=[GDPR_CONSENT]&ccpa=[CCPA]&coppa=0&redir=https%3A%2F%2Fcs.pgammedia.com%2F41c1a65ad089ea94db1baec942f4daf6.gif%3Fpuid%3D%5BUID%5D%26redir%3D%5BRED%5D%26gdpr%3D%5BGDPR%5D%26gdpr_consent%3D%5BGDPR_CONSENT%5D%26coppa%3D%5BCOPPA%5D%26gpp%3D%5BGPP%5D%26gpp_sid%3D%5BGPP_SID%5D:0
[    8554ms] [ERROR] Failed to load resource: net::ERR_HTTP2_SERVER_REFUSED_STREAM @ https://cs.admanmedia.com/2d3a53bfd5e6a5d474cb0cccf071882f.gif?puid=8b8011d032&gdpr=0&gdpr_consent=:0
[    8586ms] [ERROR] Failed to load resource: the server responded with a status of 400 (Bad Request) @ https://us.shb-sync.com/bf2ecb77-8b3f-11ed-9a3c-0cc47a787f5e.gif?puid=[UID]&redir=https%3A%2F%2Fs.ad.smaato.net%2Fc%2F%3FdspId%3D1074%26dspCookie%3D%5BUID%5D%26gdpr%3D0%26gdpr_consent%3D&gdpr=0&gdpr_consent=:0
[    8612ms] [WARNING] Mixed Content: The page at 'https://us1rtb-user-sync.oneadtag.com/api/v1/sync/start?gdpr=0&gdpr_consent=&global_user_id=03f50ecc-7903-4e5c-8945-4a848eb61f79&redirect=http%3A%2F%2Fexample.com%2Fpixel.gif&sid=us&us_privacy=%24US_PRIVACY' was loaded over HTTPS, but requested an insecure element 'http://example.com/pixel.gif'. This request was automatically upgraded to HTTPS, For more information see https://blog.chromium.org/2019/10/no-more-mixed-messages-about-https.html @ https://us1rtb-user-sync.oneadtag.com/api/v1/sync/start?gdpr=0&gdpr_consent=&global_user_id=03f50ecc-7903-4e5c-8945-4a848eb61f79&redirect=http%3A%2F%2Fexample.com%2Fpixel.gif&sid=us&us_privacy=%24US_PRIVACY:0
[    8612ms] [WARNING] Mixed Content: The page at 'https://us1rtb-user-sync.oneadtag.com/api/v1/sync/start?gdpr=0&gdpr_consent=&global_user_id=03f50ecc-7903-4e5c-8945-4a848eb61f79&redirect=http%3A%2F%2Fexample.com%2Fpixel.gif&sid=us&us_privacy=%24US_PRIVACY' was loaded over HTTPS, but requested an insecure element 'http://ib.adnxs.com/getuid?https://us1rtb-user-sync.oneadtag.com/api/v1/sync/callback?dsp_id=xandr&dsp_user_id=%24UID&gdpr=0&gdpr_consent=&us_privacy=%24US_PRIVACY&user_id=03f50ecc-7903-4e5c-8945-4a848eb61f79'. This request was automatically upgraded to HTTPS, For more information see https://blog.chromium.org/2019/10/no-more-mixed-messages-about-https.html @ https://us1rtb-user-sync.oneadtag.com/api/v1/sync/start?gdpr=0&gdpr_consent=&global_user_id=03f50ecc-7903-4e5c-8945-4a848eb61f79&redirect=http%3A%2F%2Fexample.com%2Fpixel.gif&sid=us&us_privacy=%24US_PRIVACY:0
[    8612ms] [WARNING] Mixed Content: The page at 'https://us1rtb-user-sync.oneadtag.com/api/v1/sync/start?gdpr=0&gdpr_consent=&global_user_id=03f50ecc-7903-4e5c-8945-4a848eb61f79&redirect=http%3A%2F%2Fexample.com%2Fpixel.gif&sid=us&us_privacy=%24US_PRIVACY' was loaded over HTTPS, but requested an insecure element 'http://example.com/pixel.gif'. This request was automatically upgraded to HTTPS, For more information see https://blog.chromium.org/2019/10/no-more-mixed-messages-about-https.html @ https://us1rtb-user-sync.oneadtag.com/api/v1/sync/start?gdpr=0&gdpr_consent=&global_user_id=03f50ecc-7903-4e5c-8945-4a848eb61f79&redirect=http%3A%2F%2Fexample.com%2Fpixel.gif&sid=us&us_privacy=%24US_PRIVACY:0
[    8612ms] [WARNING] Mixed Content: The page at 'https://us1rtb-user-sync.oneadtag.com/api/v1/sync/start?gdpr=0&gdpr_consent=&global_user_id=03f50ecc-7903-4e5c-8945-4a848eb61f79&redirect=http%3A%2F%2Fexample.com%2Fpixel.gif&sid=us&us_privacy=%24US_PRIVACY' was loaded over HTTPS, but requested an insecure element 'http://ib.adnxs.com/getuid?https://us1rtb-user-sync.oneadtag.com/api/v1/sync/callback?dsp_id=xandr&dsp_user_id=%24UID&gdpr=0&gdpr_consent=&us_privacy=%24US_PRIVACY&user_id=03f50ecc-7903-4e5c-8945-4a848eb61f79'. This request was automatically upgraded to HTTPS, For more information see https://blog.chromium.org/2019/10/no-more-mixed-messages-about-https.html @ https://us1rtb-user-sync.oneadtag.com/api/v1/sync/start?gdpr=0&gdpr_consent=&global_user_id=03f50ecc-7903-4e5c-8945-4a848eb61f79&redirect=http%3A%2F%2Fexample.com%2Fpixel.gif&sid=us&us_privacy=%24US_PRIVACY:0
[    8660ms] [ERROR] Failed to load resource: net::ERR_NAME_NOT_RESOLVED @ https://px.owneriq.net/eox:0
[    8488ms] [ERROR] Failed to load resource: the server responded with a status of 400 (Bad Request) @ https://sync.adkernel.com/user-sync?zone=269038&r=https%3A%2F%2Fu-sjc03.e-planning.net%2Fum%3Fuid%3D%7BUID%7D%26dc%3D06ca82c8327a7f3f%26fi%3Dde6dd13666f20717:0
[    8705ms] [ERROR] Failed to load resource: the server responded with a status of 400 () @ https://match.sharethrough.com/universal/v1?supply_id=av4BPcZO&gdpr=0&gdpr_consent=:0
[    8728ms] [ERROR] Failed to load resource: the server responded with a status of 400 () @ https://match.sharethrough.com/universal/v1?supply_id=av4BPcZO&gdpr=0&gdpr_consent=:0
[    8784ms] [ERROR] Failed to load resource: the server responded with a status of 400 () @ https://eb2.3lift.com/xuid?idenv=:0
[    7961ms] [ERROR] Failed to load resource: the server responded with a status of 404 (Not Found) @ https://b1sync.zemanta.com/usersync/ogury/?gdpr=0&gdpr_consent=&cb=https%3A%2F%2Fms-cookie-sync.presage.io%2Fuser-sync%3Foutbrain_id%3D__ZUID__:0
[    9093ms] [ERROR] Failed to load resource: the server responded with a status of 404 (Not Found) @ https://b1sync.zemanta.com/usersync/ogury/?gdpr=0&gdpr_consent=&cb=https%3A%2F%2Fms-cookie-sync.presage.io%2Fuser-sync%3Foutbrain_id%3D__ZUID__:0
[    9180ms] [ERROR] Failed to load resource: net::ERR_NAME_NOT_RESOLVED @ https://cm-x.mgid.com/5f771db5775920b3ea597ee1392355e9.gif?puid=[UID]&redir=https%3A%2F%2Fs.ad.smaato.net%2Fc%2F%3FdspId%3D1466%26dspCookie%3D%5BUID%5D%26gdpr%3D0%26gdpr_consent%3D&gdpr=0&gdpr_consent=&coppa=[COPPA]&gpp=[GPP]&gpp_sid=[GPP_SID]:0
[    9351ms] [ERROR] Failed to load resource: net::ERR_TOO_MANY_REDIRECTS @ https://match.sharethrough.com/universal/v1?supply_id=Tbdft1Ow:0
[    8488ms] [ERROR] Failed to load resource: the server responded with a status of 400 (Bad Request) @ https://sync.adkernel.com/user-sync?zone=269038&r=https%3A%2F%2Fu-sjc03.e-planning.net%2Fum%3Fuid%3D%7BUID%7D%26dc%3D06ca82c8327a7f3f%26fi%3Dde6dd13666f20717:0
[    8518ms] [ERROR] Failed to load resource: the server responded with a status of 404 () @ https://cs-server-s2s.yellowblue.io/[RED]:0
[    8518ms] [ERROR] Failed to load resource: the server responded with a status of 404 () @ https://cs-server-s2s.yellowblue.io/[RED]:0
[    8660ms] [ERROR] Failed to load resource: net::ERR_NAME_NOT_RESOLVED @ https://px.owneriq.net/eox:0
[    7961ms] [ERROR] Failed to load resource: the server responded with a status of 404 (Not Found) @ https://b1sync.zemanta.com/usersync/ogury/?gdpr=0&gdpr_consent=&cb=https%3A%2F%2Fms-cookie-sync.presage.io%2Fuser-sync%3Foutbrain_id%3D__ZUID__:0
[    9093ms] [ERROR] Failed to load resource: the server responded with a status of 404 (Not Found) @ https://b1sync.zemanta.com/usersync/ogury/?gdpr=0&gdpr_consent=&cb=https%3A%2F%2Fms-cookie-sync.presage.io%2Fuser-sync%3Foutbrain_id%3D__ZUID__:0
[    8488ms] [ERROR] Failed to load resource: the server responded with a status of 400 (Bad Request) @ https://sync.adkernel.com/user-sync?zone=269038&r=https%3A%2F%2Fu-sjc03.e-planning.net%2Fum%3Fuid%3D%7BUID%7D%26dc%3D06ca82c8327a7f3f%26fi%3Dde6dd13666f20717:0
[    9977ms] [ERROR] Failed to load resource: the server responded with a status of 400 (Bad Request) @ https://sync.adkernel.com/user-sync?zone=308936&dsp=1206259&t=image&uid=:0
[    9991ms] [ERROR] Failed to load resource: the server responded with a status of 404 (Not Found) @ https://b1sync.zemanta.com/usersync/ogury/?gdpr=0&gdpr_consent=&cb=https%3A%2F%2Fms-cookie-sync.presage.io%2Fuser-sync%3Foutbrain_id%3D__ZUID__:0
[    8518ms] [ERROR] Failed to load resource: the server responded with a status of 404 () @ https://cs-server-s2s.yellowblue.io/[RED]:0
[   10319ms] [ERROR] Failed to load resource: net::ERR_TOO_MANY_REDIRECTS @ https://cs.pgammedia.com/bf4103da5f0fb6ae0166419ea1a784aa.gif?gdpr=$$[GDPR]&gdpr_consent=$$[GDPR_CONSENT]&us_privacy=$[CCPA]&uid=$4431a17e-bd89-4cb2-af5d-09b87ae17334&cookie_age=$[COOKIE_AGE]:0
[    7547ms] [ERROR] Failed to load resource: the server responded with a status of 400 () @ https://match.sharethrough.com/universal/v1?supply_id=av4BPcZO&gdpr=0&gdpr_consent=:0
[    7668ms] [ERROR] Failed to load resource: the server responded with a status of 400 (Bad Request) @ https://us.shb-sync.com/bf2ecb77-8b3f-11ed-9a3c-0cc47a787f5e.gif?puid=[UID]&redir=https%3A%2F%2Fs.ad.smaato.net%2Fc%2F%3FdspId%3D1074%26dspCookie%3D%5BUID%5D%26gdpr%3D0%26gdpr_consent%3D&gdpr=0&gdpr_consent=:0
[    7730ms] [ERROR] Failed to load resource: net::ERR_NAME_NOT_RESOLVED @ https://cs.lkqd.net/cs?partnerId=109&partnerUserId=8b8011d032&gdpr=0&gdpr_consent=:0
[    7961ms] [ERROR] Failed to load resource: the server responded with a status of 400 (Bad Request) @ https://us.shb-sync.com/bf2debb3-8b3f-11ed-9a3c-0cc47a787f5e.gif?redir=https%3A%2F%2Fs.ad.smaato.net%2Fc%2F%3FdspId%3D1170%26dspCookie%3D%24UID%26gdpr%3D0%26gdpr_consent%3D&gdpr=0&gdpr_consent=:0
[    8017ms] [ERROR] Failed to load resource: net::ERR_NAME_NOT_RESOLVED @ https://cm-x.mgid.com/5f771db5775920b3ea597ee1392355e9.gif?puid=[UID]&redir=https%3A%2F%2Fs.ad.smaato.net%2Fc%2F%3FdspId%3D1466%26dspCookie%3D%5BUID%5D%26gdpr%3D0%26gdpr_consent%3D&gdpr=0&gdpr_consent=&coppa=[COPPA]&gpp=[GPP]&gpp_sid=[GPP_SID]:0
[    8554ms] [ERROR] Failed to load resource: net::ERR_HTTP2_SERVER_REFUSED_STREAM @ https://cs.admanmedia.com/2d3a53bfd5e6a5d474cb0cccf071882f.gif?puid=8b8011d032&gdpr=0&gdpr_consent=:0
[    8586ms] [ERROR] Failed to load resource: the server responded with a status of 400 (Bad Request) @ https://us.shb-sync.com/bf2ecb77-8b3f-11ed-9a3c-0cc47a787f5e.gif?puid=[UID]&redir=https%3A%2F%2Fs.ad.smaato.net%2Fc%2F%3FdspId%3D1074%26dspCookie%3D%5BUID%5D%26gdpr%3D0%26gdpr_consent%3D&gdpr=0&gdpr_consent=:0
[    8705ms] [ERROR] Failed to load resource: the server responded with a status of 400 () @ https://match.sharethrough.com/universal/v1?supply_id=av4BPcZO&gdpr=0&gdpr_consent=:0
[    8728ms] [ERROR] Failed to load resource: the server responded with a status of 400 () @ https://match.sharethrough.com/universal/v1?supply_id=av4BPcZO&gdpr=0&gdpr_consent=:0
[    9180ms] [ERROR] Failed to load resource: net::ERR_NAME_NOT_RESOLVED @ https://cm-x.mgid.com/5f771db5775920b3ea597ee1392355e9.gif?puid=[UID]&redir=https%3A%2F%2Fs.ad.smaato.net%2Fc%2F%3FdspId%3D1466%26dspCookie%3D%5BUID%5D%26gdpr%3D0%26gdpr_consent%3D&gdpr=0&gdpr_consent=&coppa=[COPPA]&gpp=[GPP]&gpp_sid=[GPP_SID]:0
[   10373ms] [ERROR] Failed to load resource: net::ERR_HTTP2_SERVER_REFUSED_STREAM @ https://cs.admanmedia.com/e09bad714a425a93d6dea503dcf9c528.gif?redir=https%3A%2F%2Frtb-csync.smartadserver.com%2Fredir%2F%3Fissi%3D1%26partnerid%3D130%26partneruserid%3D%5BUID%5D%26gdpr%3D%5BGDPR%5D%26gdpr_consent%3D%5BGDPR_CONSENT%5D:0
[   10377ms] [ERROR] Failed to load resource: net::ERR_CONNECTION_CLOSED @ https://csync.loopme.me/?pubid=9724&gdpr=0&gdpr_consent=&redirect=https%3A%2F%2Fsync.inmobi.com%2Fsetuid%3FbidderID%3D109%26dspUserId%3D%7Bviewer_token%7D:0
[   10379ms] [ERROR] Failed to load resource: net::ERR_CONNECTION_CLOSED @ https://csync.loopme.me/?pubid=11576&gdpr=&gdpr_consent=&us_privacy=&redirect=https%3A%2F%2Fsync.kueezrtb.com%2Fapi%2Fcookie%3FpartnerId%3Dkueez-loopme%26gdpr%3D%26gdpr_consent%3D%26us_privacy%3D%26userId%3D%7Bviewer_token%7D:0
[    8518ms] [ERROR] Failed to load resource: the server responded with a status of 404 () @ https://cs-server-s2s.yellowblue.io/[RED]:0
[   10703ms] [WARNING] [GPT] Slot inpost-bottom rendered inside of the viewport.
https://goo.gle/gpt-message#169 @ https://securepubads.g.doubleclick.net/pagead/managed/js/gpt/m202606290101/pubads_impl.js?cb=31099461:18
[    8784ms] [ERROR] Failed to load resource: the server responded with a status of 400 () @ https://eb2.3lift.com/xuid?idenv=:0
[    8660ms] [ERROR] Failed to load resource: net::ERR_NAME_NOT_RESOLVED @ https://px.owneriq.net/eox:0
[    8488ms] [ERROR] Failed to load resource: the server responded with a status of 400 (Bad Request) @ https://sync.adkernel.com/user-sync?zone=269038&r=https%3A%2F%2Fu-sjc03.e-planning.net%2Fum%3Fuid%3D%7BUID%7D%26dc%3D06ca82c8327a7f3f%26fi%3Dde6dd13666f20717:0
[    9977ms] [ERROR] Failed to load resource: the server responded with a status of 400 (Bad Request) @ https://sync.adkernel.com/user-sync?zone=308936&dsp=1206259&t=image&uid=:0
[    8660ms] [ERROR] Failed to load resource: net::ERR_NAME_NOT_RESOLVED @ https://px.owneriq.net/eox:0
[    8518ms] [ERROR] Failed to load resource: the server responded with a status of 404 () @ https://cs-server-s2s.yellowblue.io/[RED]:0
[   10796ms] [ERROR] Failed to load resource: net::ERR_NAME_NOT_RESOLVED @ https://cs.iqzone.com/6f0476ca45e1d6b67e3ee8d57532a022.gif?redir=https%3A%2F%2Fsync.cootlogix.com%2Fapi%2Fcookie%3FpartnerId%3Diqzone%26gdpr%3D%26gdpr_consent%3D%26us_privacy%3D%26userId%3D%5BUID%5D&gdpr=&gdpr_consent=&ccpa=:0
[   11026ms] [ERROR] Failed to load resource: net::ERR_HTTP2_SERVER_REFUSED_STREAM @ https://cs.admanmedia.com/32ec4e8622ba179ed7b022acd29be9f1.gif?puid=4431a17e-bd89-4cb2-af5d-09b87ae17334&redir=[RED]&gdpr=[GDPR]d&gdpr_consent=[GDPR_CONSENT]&ccpa=[CCPA]&coppa=[COPPA]:0
[   11027ms] [ERROR] Failed to load resource: net::ERR_HTTP2_SERVER_REFUSED_STREAM @ https://cs.admanmedia.com/e03deca3316b700a1ce99c41e324fd03.gif?puid=ID5-5-00b1aa1b-983f-4cd9-a95e-dd2fe1b23c80&redir=https%3A%2F%2Fsync.inmobi.com%2Fsetuid%3FbidderID%3D149%26dspUserId%3D%5BUID%5D&gdpr=0&gdpr_consent=:0
[   11027ms] [ERROR] Failed to load resource: net::ERR_HTTP2_SERVER_REFUSED_STREAM @ https://cs.admanmedia.com/2d3a53bfd5e6a5d474cb0cccf071882f.gif?puid=8b8011d032&gdpr=0&gdpr_consent=:0
[   11028ms] [ERROR] Failed to load resource: net::ERR_HTTP2_SERVER_REFUSED_STREAM @ https://cs.admanmedia.com/94fd017f496d404a25fc5546f959bf2f.gif?gdpr=&gdpr_consent=&us_privacy=&redir=https%3A%2F%2Fsync.kueezrtb.com%2Fapi%2Fcookie%3FpartnerId%3Dkueez-acuity%26gdpr%3D%26gdpr_consent%3D%26us_privacy%3D%26userId%3D%5BUID%5D:0
[   11072ms] [ERROR] Failed to load resource: net::ERR_NAME_NOT_RESOLVED @ https://cs.iqzone.com/6f0476ca45e1d6b67e3ee8d57532a022.gif?redir=https%3A%2F%2Fsync.cootlogix.com%2Fapi%2Fcookie%3FpartnerId%3Diqzone%26gdpr%3D%26gdpr_consent%3D%26us_privacy%3D%26userId%3D%5BUID%5D&gdpr=&gdpr_consent=&ccpa=:0
[   10379ms] [ERROR] Failed to load resource: net::ERR_CONNECTION_CLOSED @ https://csync.loopme.me/?pubid=11576&gdpr=&gdpr_consent=&us_privacy=&redirect=https%3A%2F%2Fsync.kueezrtb.com%2Fapi%2Fcookie%3FpartnerId%3Dkueez-loopme%26gdpr%3D%26gdpr_consent%3D%26us_privacy%3D%26userId%3D%7Bviewer_token%7D:0
[   11028ms] [ERROR] Failed to load resource: net::ERR_HTTP2_SERVER_REFUSED_STREAM @ https://cs.admanmedia.com/94fd017f496d404a25fc5546f959bf2f.gif?gdpr=&gdpr_consent=&us_privacy=&redir=https%3A%2F%2Fsync.kueezrtb.com%2Fapi%2Fcookie%3FpartnerId%3Dkueez-acuity%26gdpr%3D%26gdpr_consent%3D%26us_privacy%3D%26userId%3D%5BUID%5D:0
[   11315ms] [ERROR] Failed to load resource: the server responded with a status of 404 () @ https://cs.admanmedia.com/292deb7c3c2bf25073c04bb900f3a44a.gif??gdpr=&gdpr_consent=&us_privacy=&redir=https%3A%2F%2Fcookies.nextmillmedia.com%2Fsetuid%3Fbidder%3Dadmanmedia%26nmuid%3D731e8fac-4e90-4636-9d44-cdada0ec413b%26gdpr%3D%26gdpr_consent%3D%26us_privacy%3D%26uid%3D%5BUID%5D:0
[   11315ms] [ERROR] Failed to load resource: the server responded with a status of 404 () @ https://cs.admanmedia.com/292deb7c3c2bf25073c04bb900f3a44a.gif??gdpr=&gdpr_consent=&us_privacy=&redir=https%3A%2F%2Fcookies.nextmillmedia.com%2Fsetuid%3Fbidder%3Dadmanmedia%26nmuid%3D731e8fac-4e90-4636-9d44-cdada0ec413b%26gdpr%3D%26gdpr_consent%3D%26us_privacy%3D%26uid%3D%5BUID%5D:0
[   11321ms] [ERROR] Failed to load resource: the server responded with a status of 404 () @ https://cs.admanmedia.com/c899400112bd5b9243b3993d9a074653.gif?puid=[UID]&redir=https%3A%2F%2Fcsync.smilewanted.com%2Fset_partner_userid_get%2Fillumin%2F%5BUID%5D&gdpr=0&gdpr_consent=:0
[   11315ms] [ERROR] Failed to load resource: the server responded with a status of 404 () @ https://cs.admanmedia.com/292deb7c3c2bf25073c04bb900f3a44a.gif??gdpr=&gdpr_consent=&us_privacy=&redir=https%3A%2F%2Fcookies.nextmillmedia.com%2Fsetuid%3Fbidder%3Dadmanmedia%26nmuid%3D731e8fac-4e90-4636-9d44-cdada0ec413b%26gdpr%3D%26gdpr_consent%3D%26us_privacy%3D%26uid%3D%5BUID%5D:0
[   11321ms] [ERROR] Failed to load resource: the server responded with a status of 404 () @ https://cs.admanmedia.com/c899400112bd5b9243b3993d9a074653.gif?puid=[UID]&redir=https%3A%2F%2Fcsync.smilewanted.com%2Fset_partner_userid_get%2Fillumin%2F%5BUID%5D&gdpr=0&gdpr_consent=:0
[   11328ms] [ERROR] Failed to load resource: the server responded with a status of 404 () @ https://cs.admanmedia.com/292deb7c3c2bf25073c04bb900f3a44a.gif??gdpr=&gdpr_consent=&us_privacy=&redir=https%3A%2F%2Fcookies.nextmillmedia.com%2Fsetuid%3Fbidder%3Dadmanmedia%26nmuid%3D731e8fac-4e90-4636-9d44-cdada0ec413b%26gdpr%3D%26gdpr_consent%3D%26us_privacy%3D%26uid%3D%5BUID%5D:0
[   11336ms] [ERROR] Failed to load resource: net::ERR_NAME_NOT_RESOLVED @ https://cs.iqzone.com/6f0476ca45e1d6b67e3ee8d57532a022.gif?redir=https%3A%2F%2Fsync.cootlogix.com%2Fapi%2Fcookie%3FpartnerId%3Diqzone%26gdpr%3D%26gdpr_consent%3D%26us_privacy%3D%26userId%3D%5BUID%5D&gdpr=&gdpr_consent=&ccpa=:0
[   11352ms] [ERROR] Failed to load resource: the server responded with a status of 404 () @ https://sync.crwdcntrl.net/qmap?c=2700&tp=UNDR&gdpr=&gdpr_consent=&tpid=56mshqsczk0yhf7ur6zcedm1g:0
[   11352ms] [ERROR] Failed to load resource: the server responded with a status of 404 () @ https://sync.crwdcntrl.net/qmap?c=2700&tp=UNDR&gdpr=&gdpr_consent=&tpid=56mshqsczk0yhf7ur6zcedm1g:0
[   11352ms] [ERROR] Failed to load resource: the server responded with a status of 404 () @ https://sync.crwdcntrl.net/qmap?c=2700&tp=UNDR&gdpr=&gdpr_consent=&tpid=56mshqsczk0yhf7ur6zcedm1g:0
[   11408ms] [ERROR] Failed to load resource: net::ERR_SOCKET_NOT_CONNECTED @ https://csync.loopme.me/?pubid=11576&gdpr=&gdpr_consent=&us_privacy=&redirect=https%3A%2F%2Fsync.kueezrtb.com%2Fapi%2Fcookie%3FpartnerId%3Dkueez-loopme%26gdpr%3D%26gdpr_consent%3D%26us_privacy%3D%26userId%3D%7Bviewer_token%7D:0
[   11412ms] [ERROR] Failed to load resource: the server responded with a status of 404 () @ https://sync.crwdcntrl.net/qmap?c=2700&tp=UNDR&gdpr=&gdpr_consent=&tpid=56mshqsczk0yhf7ur6zcedm1g:0
[   11443ms] [ERROR] Failed to load resource: the server responded with a status of 404 () @ https://sync.crwdcntrl.net/qmap?c=2700&tp=UNDR&gdpr=&gdpr_consent=&tpid=56mshqsczk0yhf7ur6zcedm1g:0
[   11443ms] [ERROR] Failed to load resource: the server responded with a status of 404 () @ https://sync.crwdcntrl.net/qmap?c=2700&tp=UNDR&gdpr=&gdpr_consent=&tpid=56mshqsczk0yhf7ur6zcedm1g:0
[   10377ms] [ERROR] Failed to load resource: net::ERR_CONNECTION_CLOSED @ https://csync.loopme.me/?pubid=9724&gdpr=0&gdpr_consent=&redirect=https%3A%2F%2Fsync.inmobi.com%2Fsetuid%3FbidderID%3D109%26dspUserId%3D%7Bviewer_token%7D:0
[   11027ms] [ERROR] Failed to load resource: net::ERR_HTTP2_SERVER_REFUSED_STREAM @ https://cs.admanmedia.com/e03deca3316b700a1ce99c41e324fd03.gif?puid=ID5-5-00b1aa1b-983f-4cd9-a95e-dd2fe1b23c80&redir=https%3A%2F%2Fsync.inmobi.com%2Fsetuid%3FbidderID%3D149%26dspUserId%3D%5BUID%5D&gdpr=0&gdpr_consent=:0
[   11451ms] [ERROR] Failed to load resource: the server responded with a status of 400 (Bad Request) @ https://sync.adkernel.com/user-sync?zone=263117&dsp=1206259&t=image&uid=:0
[   11461ms] [ERROR] Failed to load resource: the server responded with a status of 404 () @ https://sync.crwdcntrl.net/qmap?c=2700&tp=UNDR&gdpr=&gdpr_consent=&tpid=56mshqsczk0yhf7ur6zcedm1g:0
[   11495ms] [ERROR] Failed to load resource: the server responded with a status of 404 () @ https://sync.crwdcntrl.net/qmap?c=2700&tp=UNDR&gdpr=&gdpr_consent=&tpid=56mshqsczk0yhf7ur6zcedm1g:0
[   11574ms] [ERROR] Failed to load resource: the server responded with a status of 400 () @ https://ssum-sec.casalemedia.com/usermatch?s=194558&cb=https%3A%2F%2Fu-ams.4dex.io%2Fsetuid%3Fbidder%3Dindexexchange%26it%3Dortb%26uid%3D:0
[   10796ms] [ERROR] Failed to load resource: net::ERR_NAME_NOT_RESOLVED @ https://cs.iqzone.com/6f0476ca45e1d6b67e3ee8d57532a022.gif?redir=https%3A%2F%2Fsync.cootlogix.com%2Fapi%2Fcookie%3FpartnerId%3Diqzone%26gdpr%3D%26gdpr_consent%3D%26us_privacy%3D%26userId%3D%5BUID%5D&gdpr=&gdpr_consent=&ccpa=:0
[   11072ms] [ERROR] Failed to load resource: net::ERR_NAME_NOT_RESOLVED @ https://cs.iqzone.com/6f0476ca45e1d6b67e3ee8d57532a022.gif?redir=https%3A%2F%2Fsync.cootlogix.com%2Fapi%2Fcookie%3FpartnerId%3Diqzone%26gdpr%3D%26gdpr_consent%3D%26us_privacy%3D%26userId%3D%5BUID%5D&gdpr=&gdpr_consent=&ccpa=:0
[   11336ms] [ERROR] Failed to load resource: net::ERR_NAME_NOT_RESOLVED @ https://cs.iqzone.com/6f0476ca45e1d6b67e3ee8d57532a022.gif?redir=https%3A%2F%2Fsync.cootlogix.com%2Fapi%2Fcookie%3FpartnerId%3Diqzone%26gdpr%3D%26gdpr_consent%3D%26us_privacy%3D%26userId%3D%5BUID%5D&gdpr=&gdpr_consent=&ccpa=:0
[   10796ms] [ERROR] Failed to load resource: net::ERR_NAME_NOT_RESOLVED @ https://cs.iqzone.com/6f0476ca45e1d6b67e3ee8d57532a022.gif?redir=https%3A%2F%2Fsync.cootlogix.com%2Fapi%2Fcookie%3FpartnerId%3Diqzone%26gdpr%3D%26gdpr_consent%3D%26us_privacy%3D%26userId%3D%5BUID%5D&gdpr=&gdpr_consent=&ccpa=:0
[   11072ms] [ERROR] Failed to load resource: net::ERR_NAME_NOT_RESOLVED @ https://cs.iqzone.com/6f0476ca45e1d6b67e3ee8d57532a022.gif?redir=https%3A%2F%2Fsync.cootlogix.com%2Fapi%2Fcookie%3FpartnerId%3Diqzone%26gdpr%3D%26gdpr_consent%3D%26us_privacy%3D%26userId%3D%5BUID%5D&gdpr=&gdpr_consent=&ccpa=:0
[   11336ms] [ERROR] Failed to load resource: net::ERR_NAME_NOT_RESOLVED @ https://cs.iqzone.com/6f0476ca45e1d6b67e3ee8d57532a022.gif?redir=https%3A%2F%2Fsync.cootlogix.com%2Fapi%2Fcookie%3FpartnerId%3Diqzone%26gdpr%3D%26gdpr_consent%3D%26us_privacy%3D%26userId%3D%5BUID%5D&gdpr=&gdpr_consent=&ccpa=:0
[   11695ms] [ERROR] Failed to load resource: the server responded with a status of 400 (Bad Request) @ https://us4.shb-sync.com/a760a5a7-e35e-49b8-9f5e-723455346741.gif?puid=7a5c3cc4-5a9f-cea0-f128-2e196083f883&gdpr=&gdpr_consent=ccpa=:0
[   11708ms] [ERROR] Failed to load resource: net::ERR_NAME_NOT_RESOLVED @ https://cs.iqzone.com/6f0476ca45e1d6b67e3ee8d57532a022.gif?redir=https%3A%2F%2Fsync.cootlogix.com%2Fapi%2Fcookie%3FpartnerId%3Diqzone%26gdpr%3D%26gdpr_consent%3D%26us_privacy%3D%26userId%3D%5BUID%5D&gdpr=&gdpr_consent=&ccpa=:0
[   11026ms] [ERROR] Failed to load resource: net::ERR_HTTP2_SERVER_REFUSED_STREAM @ https://cs.admanmedia.com/32ec4e8622ba179ed7b022acd29be9f1.gif?puid=4431a17e-bd89-4cb2-af5d-09b87ae17334&redir=[RED]&gdpr=[GDPR]d&gdpr_consent=[GDPR_CONSENT]&ccpa=[CCPA]&coppa=[COPPA]:0
[   11787ms] [ERROR] Failed to load resource: the server responded with a status of 400 (Bad Request) @ https://us4.shb-sync.com/a760a5a7-e35e-49b8-9f5e-723455346741.gif?puid=7a5c3cc4-5a9f-cea0-f128-2e196083f883&gdpr=&gdpr_consent=ccpa=:0
[    3843ms] [ERROR] Attestation check for Shared Storage on https://www.googleadservices.com failed. @ https://www.googleadservices.com/pagead/managed/js/activeview/current/reach_worklet.html:0
[    3846ms] [ERROR] Attestation check for Shared Storage on https://www.googleadservices.com failed. @ https://www.googleadservices.com/pagead/managed/js/activeview/current/reach_worklet.html:0
[   11874ms] [ERROR] Failed to load resource: the server responded with a status of 400 (Bad Request) @ https://us4.shb-sync.com/a760a5a7-e35e-49b8-9f5e-723455346741.gif?puid=7a5c3cc4-5a9f-cea0-f128-2e196083f883&gdpr=&gdpr_consent=ccpa=:0
[   11960ms] [ERROR] Failed to load resource: net::ERR_HTTP2_SERVER_REFUSED_STREAM @ https://cs.admanmedia.com/2d3a53bfd5e6a5d474cb0cccf071882f.gif?puid=8b8011d032&gdpr=0&gdpr_consent=:0
[   11962ms] [ERROR] Failed to load resource: net::ERR_HTTP2_SERVER_REFUSED_STREAM @ https://cs.admanmedia.com/94fd017f496d404a25fc5546f959bf2f.gif?gdpr=&gdpr_consent=&us_privacy=&redir=https%3A%2F%2Fsync.kueezrtb.com%2Fapi%2Fcookie%3FpartnerId%3Dkueez-acuity%26gdpr%3D%26gdpr_consent%3D%26us_privacy%3D%26userId%3D%5BUID%5D:0
[   11972ms] [ERROR] Failed to load resource: the server responded with a status of 400 (Bad Request) @ https://us4.shb-sync.com/a760a5a7-e35e-49b8-9f5e-723455346741.gif?puid=7a5c3cc4-5a9f-cea0-f128-2e196083f883&gdpr=&gdpr_consent=ccpa=:0
[   11977ms] [ERROR] Failed to load resource: net::ERR_NAME_NOT_RESOLVED @ https://cs.iqzone.com/6f0476ca45e1d6b67e3ee8d57532a022.gif?redir=https%3A%2F%2Fsync.cootlogix.com%2Fapi%2Fcookie%3FpartnerId%3Diqzone%26gdpr%3D%26gdpr_consent%3D%26us_privacy%3D%26userId%3D%5BUID%5D&gdpr=&gdpr_consent=&ccpa=:0
[   12060ms] [ERROR] Failed to load resource: the server responded with a status of 400 (Bad Request) @ https://us4.shb-sync.com/a760a5a7-e35e-49b8-9f5e-723455346741.gif?puid=7a5c3cc4-5a9f-cea0-f128-2e196083f883&gdpr=&gdpr_consent=ccpa=:0
[   12091ms] [ERROR] Attestation check for Shared Storage on https://www.googleadservices.com failed. @ https://www.googleadservices.com/pagead/managed/js/activeview/current/reach_worklet.html:0
[   12144ms] [ERROR] Failed to load resource: the server responded with a status of 400 (Bad Request) @ https://us4.shb-sync.com/a760a5a7-e35e-49b8-9f5e-723455346741.gif?puid=7a5c3cc4-5a9f-cea0-f128-2e196083f883&gdpr=&gdpr_consent=ccpa=:0
[   12229ms] [ERROR] Failed to load resource: the server responded with a status of 400 (Bad Request) @ https://us4.shb-sync.com/a760a5a7-e35e-49b8-9f5e-723455346741.gif?puid=7a5c3cc4-5a9f-cea0-f128-2e196083f883&gdpr=&gdpr_consent=ccpa=:0
[   12263ms] [ERROR] Failed to load resource: net::ERR_HTTP2_SERVER_REFUSED_STREAM @ https://cs.admanmedia.com/sync/minute_media?gdpr=0&gdpr_consent=&redir=https%3A%2F%2Fcs.minutemedia-prebid.com%2Fcs%3Ffwrd%3D1%26aid%3D21497%26puid%3D%5BUID%5D:0
[   12283ms] [TIMEEND] a: 0 ms @ https://static.adsafeprotected.com/sca.17.6.4.js:31
[   12307ms] [ERROR] Failed to load resource: the server responded with a status of 400 (Bad Request) @ https://us4.shb-sync.com/a760a5a7-e35e-49b8-9f5e-723455346741.gif?puid=7a5c3cc4-5a9f-cea0-f128-2e196083f883&gdpr=&gdpr_consent=ccpa=:0
[   12308ms] [ERROR] Failed to load resource: net::ERR_NAME_NOT_RESOLVED @ https://cs.iqzone.com/6f0476ca45e1d6b67e3ee8d57532a022.gif?redir=https%3A%2F%2Fsync.cootlogix.com%2Fapi%2Fcookie%3FpartnerId%3Diqzone%26gdpr%3D%26gdpr_consent%3D%26us_privacy%3D%26userId%3D%5BUID%5D&gdpr=&gdpr_consent=&ccpa=:0
[   12587ms] [ERROR] Failed to load resource: net::ERR_NAME_NOT_RESOLVED @ https://cs.iqzone.com/6f0476ca45e1d6b67e3ee8d57532a022.gif?redir=https%3A%2F%2Fsync.cootlogix.com%2Fapi%2Fcookie%3FpartnerId%3Diqzone%26gdpr%3D%26gdpr_consent%3D%26us_privacy%3D%26userId%3D%5BUID%5D&gdpr=&gdpr_consent=&ccpa=:0
[   12642ms] [ERROR] Failed to load resource: the server responded with a status of 400 () @ https://cs.ingage.tech/v1/sync/equative/3333a0f2-49f6-4f75-8d21-697f279bed5d?uid=:0
[   12842ms] [ERROR] Failed to load resource: net::ERR_NAME_NOT_RESOLVED @ https://cs.iqzone.com/6f0476ca45e1d6b67e3ee8d57532a022.gif?redir=https%3A%2F%2Fsync.cootlogix.com%2Fapi%2Fcookie%3FpartnerId%3Diqzone%26gdpr%3D%26gdpr_consent%3D%26us_privacy%3D%26userId%3D%5BUID%5D&gdpr=&gdpr_consent=&ccpa=:0
[   12877ms] [ERROR] Failed to load resource: net::ERR_HTTP2_SERVER_REFUSED_STREAM @ https://cs.admanmedia.com/2d3a53bfd5e6a5d474cb0cccf071882f.gif?puid=8b8011d032&gdpr=0&gdpr_consent=:0
[   12877ms] [ERROR] Failed to load resource: net::ERR_HTTP2_SERVER_REFUSED_STREAM @ https://cs.admanmedia.com/94fd017f496d404a25fc5546f959bf2f.gif?gdpr=&gdpr_consent=&us_privacy=&redir=https%3A%2F%2Fsync.kueezrtb.com%2Fapi%2Fcookie%3FpartnerId%3Dkueez-acuity%26gdpr%3D%26gdpr_consent%3D%26us_privacy%3D%26userId%3D%5BUID%5D:0
[   13088ms] [ERROR] Failed to load resource: net::ERR_NAME_NOT_RESOLVED @ https://cs.iqzone.com/6f0476ca45e1d6b67e3ee8d57532a022.gif?redir=https%3A%2F%2Fsync.cootlogix.com%2Fapi%2Fcookie%3FpartnerId%3Diqzone%26gdpr%3D%26gdpr_consent%3D%26us_privacy%3D%26userId%3D%5BUID%5D&gdpr=&gdpr_consent=&ccpa=:0
[   13166ms] [ERROR] Failed to load resource: the server responded with a status of 404 () @ https://cs.admanmedia.com/94fd017f496d404a25fc5546f959bf2f.gif?gdpr=&gdpr_consent=&us_privacy=&redir=https%3A%2F%2Fsync.kueezrtb.com%2Fapi%2Fcookie%3FpartnerId%3Dkueez-acuity%26gdpr%3D%26gdpr_consent%3D%26us_privacy%3D%26userId%3D%5BUID%5D:0
[   16279ms] [TIMEEND] a: 0.0009765625 ms @ https://static.adsafeprotected.com/sca.17.6.4.js:31
[   21267ms] [TIMEEND] a: 0.001220703125 ms @ https://static.adsafeprotected.com/sca.17.6.4.js:31
