[     148ms] Uncaught SyntaxError: Failed to execute 'postMessage' on 'Window': Invalid target origin 'null' in a call to 'postMessage'.
    at <anonymous> (https://securepubads.g.doubleclick.net/tag/js/gpt.js:10:19904)
    at <anonymous> (/_/mss/boq-content-ads-contributor/_/js/k=boq-content-ads-contributor.ContributorServingResponseClientJs.en_US.c8vTOS7sWZo.es5.O/d=1/rs=AJlcJMw244E09z9IpO_ijJU-hRKLQ9V1sQ/m=kernel_loader,loader_js_executable:494:336)
    at Fg.a.j (https://securepubads.g.doubleclick.net/tag/js/gpt.js:10:19708)
[     564ms] [WARNING] [GPT] PubAdsService.collapseEmptyDivs is deprecated, use googletag.setConfig({collapseDiv: ...}) instead.
https://goo.gle/gpt-message#170 @ https://securepubads.g.doubleclick.net/pagead/managed/js/gpt/m202606290101/pubads_impl.js?cb=31099461:18
[     578ms] [WARNING] 3 is not a valid value for publisherSpecialPurposesIds @ https://cmp.inmobi.com/tcfv2/61/cmp2.js?referer=www.teamblind.com:1
[     614ms] [LOG] uspData default usp value based on gpc signal @ https://cmp.inmobi.com/tcfv2/61/cmp2.js?referer=www.teamblind.com:1
[     614ms] [WARNING] globalPrivacyControl is not available in the browser. Setting usp string as  1NN @ https://cmp.inmobi.com/tcfv2/61/cmp2.js?referer=www.teamblind.com:1
[     615ms] [LOG] setting mspa footer with opt out defaults in mspa-api @ https://cmp.inmobi.com/tcfv2/61/cmp2.js?referer=www.teamblind.com:1
[     615ms] [ERROR] MspaFooterHTMLId not found, inserting text into footer @ https://cmp.inmobi.com/tcfv2/61/cmp2.js?referer=www.teamblind.com:1
[     615ms] [WARNING] Google basic consent is not applicable. @ https://cmp.inmobi.com/tcfv2/61/cmp2.js?referer=www.teamblind.com:1
[     615ms] [LOG] Less than 30 minute have passed since the stored timestamp. @ https://cmp.inmobi.com/tcfv2/61/cmp2.js?referer=www.teamblind.com:1
[     719ms] [LOG] %craven%c Raven v1.20.0-69wxiu background-color:#000;margin-left:1px;padding:1px 3px;font-size:0.75em;color:#ffffff; font-size:0.9em; @ https://cadmus.script.ac/d14pdm1b7fi5kh/script.js:0
[    1074ms] [LOG] Push notifications powered by Aimtell. Learn more at https://aimtell.com/developers @ https://cadmus.script.ac/d14pdm1b7fi5kh/script.js:0
[    1693ms] [WARNING] [GPT] PubAdsService.collapseEmptyDivs is deprecated, use googletag.setConfig({collapseDiv: ...}) instead.
https://goo.gle/gpt-message#170 @ https://securepubads.g.doubleclick.net/pagead/managed/js/gpt/m202606290101/pubads_impl.js?cb=31099461:18
[    1950ms] [LOG] %craven%c Raven v1.20.0-69wxiu background-color:#000;margin-left:1px;padding:1px 3px;font-size:0.75em;color:#ffffff; font-size:0.9em; @ https://cadmus.script.ac/d14pdm1b7fi5kh/script.js:0
[    2105ms] Error: Minified React error #418; visit https://react.dev/errors/418?args[]=HTML&args[]= for the full message or use the non-minified dev environment for full errors and additional helpful warnings.
    at rK (https://www.teamblind.com/_next/static/chunks/2d249cb9bc10604b.js:2:40123)
    at io (https://www.teamblind.com/_next/static/chunks/2d249cb9bc10604b.js:2:90844)
    at sc (https://www.teamblind.com/_next/static/chunks/2d249cb9bc10604b.js:2:131315)
    at https://www.teamblind.com/_next/static/chunks/2d249cb9bc10604b.js:2:126205
    at u9 (https://www.teamblind.com/_next/static/chunks/2d249cb9bc10604b.js:2:126306)
    at s$ (https://www.teamblind.com/_next/static/chunks/2d249cb9bc10604b.js:2:152688)
    at MessagePort._ (https://www.teamblind.com/_next/static/chunks/2d249cb9bc10604b.js:2:1647)
[    2106ms] Error: Minified React error #418; visit https://react.dev/errors/418?args[]=text&args[]= for the full message or use the non-minified dev environment for full errors and additional helpful warnings.
    at rK (https://www.teamblind.com/_next/static/chunks/2d249cb9bc10604b.js:2:40123)
    at rY (https://www.teamblind.com/_next/static/chunks/2d249cb9bc10604b.js:2:41156)
    at https://www.teamblind.com/_next/static/chunks/2d249cb9bc10604b.js:2:134875
    at sp (https://www.teamblind.com/_next/static/chunks/2d249cb9bc10604b.js:2:140036)
    at sc (https://www.teamblind.com/_next/static/chunks/2d249cb9bc10604b.js:2:131376)
    at https://www.teamblind.com/_next/static/chunks/2d249cb9bc10604b.js:2:126205
    at u9 (https://www.teamblind.com/_next/static/chunks/2d249cb9bc10604b.js:2:126306)
    at s$ (https://www.teamblind.com/_next/static/chunks/2d249cb9bc10604b.js:2:152688)
    at MessagePort._ (https://www.teamblind.com/_next/static/chunks/2d249cb9bc10604b.js:2:1647)
[    2103ms] [WARNING] [GPT] Slot.getTargeting is deprecated, use Slot.getConfig('targeting') instead.
https://goo.gle/gpt-message#201 @ https://securepubads.g.doubleclick.net/pagead/managed/js/gpt/m202606290101/pubads_impl.js?cb=31099461:18
[    2169ms] [WARNING] 3 is not a valid value for publisherSpecialPurposesIds @ https://cmp.inmobi.com/tcfv2/61/cmp2.js?referer=www.teamblind.com:1
[    2200ms] [LOG] uspData default usp value based on gpc signal @ https://cadmus.script.ac/d14pdm1b7fi5kh/script.js:0
[    2200ms] [WARNING] globalPrivacyControl is not available in the browser. Setting usp string as  1NN @ https://cmp.inmobi.com/tcfv2/61/cmp2.js?referer=www.teamblind.com:1
[    2201ms] [LOG] setting mspa footer with opt out defaults in mspa-api @ https://cadmus.script.ac/d14pdm1b7fi5kh/script.js:0
[    2201ms] [ERROR] MspaFooterHTMLId not found, inserting text into footer @ https://cmp.inmobi.com/tcfv2/61/cmp2.js?referer=www.teamblind.com:1
[    2201ms] [WARNING] Google basic consent is not applicable. @ https://cmp.inmobi.com/tcfv2/61/cmp2.js?referer=www.teamblind.com:1
[    2202ms] [LOG] Less than 30 minute have passed since the stored timestamp. @ https://cadmus.script.ac/d14pdm1b7fi5kh/script.js:0
[    2443ms] [LOG] Push notifications powered by Aimtell. Learn more at https://aimtell.com/developers @ https://cadmus.script.ac/d14pdm1b7fi5kh/script.js:0
[    2930ms] [ERROR] Attestation check for Shared Storage on https://www.googleadservices.com failed. @ https://www.googleadservices.com/pagead/managed/js/activeview/current/reach_worklet.html:0
[    3273ms] [TIMEEND] a: 0.0009765625 ms @ https://static.adsafeprotected.com/sca.17.6.4.js:31
[    3485ms] [WARNING] An iframe which has both allow-scripts and allow-same-origin for its sandbox attribute can escape its sandboxing. @ https://cadmus.script.ac/d14pdm1b7fi5kh/script.js:0
[    3493ms] [WARNING] An iframe which has both allow-scripts and allow-same-origin for its sandbox attribute can escape its sandboxing. @ https://cadmus.script.ac/d14pdm1b7fi5kh/script.js:0
[    2930ms] [ERROR] Attestation check for Shared Storage on https://www.googleadservices.com failed. @ https://www.googleadservices.com/pagead/managed/js/activeview/current/reach_worklet.html:0
[    3664ms] [ERROR] Attestation check for Shared Storage on https://www.googleadservices.com failed. @ https://www.googleadservices.com/pagead/managed/js/activeview/current/reach_worklet.html:0
[    2930ms] [ERROR] Attestation check for Shared Storage on https://www.googleadservices.com failed. @ https://www.googleadservices.com/pagead/managed/js/activeview/current/reach_worklet.html:0
[    3664ms] [ERROR] Attestation check for Shared Storage on https://www.googleadservices.com failed. @ https://www.googleadservices.com/pagead/managed/js/activeview/current/reach_worklet.html:0
[    4975ms] [ERROR] Attestation check for Shared Storage on https://www.googleadservices.com failed. @ https://www.googleadservices.com/pagead/managed/js/activeview/current/reach_worklet.html:0
[    5014ms] [ERROR] Access to fetch at 'https://tags.srv.stackadapt.com/sa.jpeg' from origin 'https://4b16cddf4841b8ed5ab848439256c8f8.safeframe.googlesyndication.com' has been blocked by CORS policy: The 'Access-Control-Allow-Origin' header has a value 'https://db72e801621e1e4aaa7d8444ac2fb2c5.safeframe.googlesyndication.com' that is not equal to the supplied origin. Have the server send the header with a valid value. @ about:srcdoc:0
[    5015ms] [ERROR] Failed to load resource: net::ERR_FAILED @ https://tags.srv.stackadapt.com/sa.jpeg:0
[    5049ms] [LOG] click url value: https://clk.srv.stackadapt.com/clk?aid=1-0206-178335771678322494118082-2&cid=3239513&adid=14894580&sid=1&uid=PNKjjNvlY-FuUd5yvRB2Rg&did=teamblind.com%3A%3A85&adurl=https%3A%2F%2Fuw.srv.stackadapt.com&t=1783357716&brandname=Visa&adheading=&iidx=0&nid=85&bip=MjYwMTo2NDY6MTAxOjVkMjA6Og&conv=true&curl=aHR0cHM6Ly9hZC5kb3VibGVjbGljay5uZXQvZGRtL3RyYWNrY2xrL042MDI0LjM3MDM4NDFNRU5JTkJMQVpFUlMvQjM1NjE3MzAzLjQ0NTQ4MjE3ODtkY190cmtfYWlkPTYzOTMwNTI2MDtkY190cmtfY2lkPTI1NDI4NzEwOTtkY19sYXQ9O2RjX3JkaWQ9O3RhZ19mb3JfY2hpbGRfZGlyZWN0ZWRfdHJlYXRtZW50PTt0ZnVhPTtnZHByPTA7Z2Rwcl9jb25zZW50PXNhX2JsYW5rO2x0ZD07ZGNfdGR2PTM%3D&r= @ https://creative.stackadapt.com/js/param.js:210
[    6561ms] [ERROR] Failed to load resource: the server responded with a status of 404 (Not Found) @ https://b1sync.zemanta.com/usersync/ogury/?gdpr=0&gdpr_consent=&cb=https%3A%2F%2Fms-cookie-sync.presage.io%2Fuser-sync%3Foutbrain_id%3D__ZUID__:0
[    7550ms] [ERROR] Failed to load resource: the server responded with a status of 404 (Not Found) @ https://sync-tb.yrxtam.com/ffb9b365d87c2b3126298b7483e4ddd1.gif?puid=[UID]&redir=https%3A%2F%2Fs.ad.smaato.net%2Fc%2F%3FdspId%3D1519%26dspCookie%3D%24UID%26gdpr%3D0%26gdpr_consent%3D&gdpr=0&gdpr_consent=&coppa=[COPPA]&gpp=[GPP]&gpp_sid=[GPP_SID]:0
[    7615ms] [ERROR] Failed to load resource: net::ERR_EMPTY_RESPONSE @ https://pxl.iqm.com/i/ck/equativ?cid=SMART_USER_ID&redir=https%3A%2F%2Frtb-csync.smartadserver.com%2Fredir%2F%3Fissi%3D1%26partnerid%3D154%26partneruserid%3D%7BIQM_COOKIE%7D:0
[    7616ms] [ERROR] Failed to load resource: the server responded with a status of 400 () @ https://match.sharethrough.com/universal/v1?supply_id=av4BPcZO&gdpr=0&gdpr_consent=:0
[    7726ms] [ERROR] Failed to load resource: the server responded with a status of 404 () @ https://visitor-pgammedia.omnitagjs.com/visitor/%5BRED%5D?visitor=4431a17e-bd89-4cb2-af5d-09b87ae17334:0
[    7748ms] [ERROR] Failed to load resource: the server responded with a status of 404 () @ https://secure.adnxs.com/[RED]:0
[    7749ms] [ERROR] Failed to load resource: the server responded with a status of 400 (Bad Request) @ https://us.shb-sync.com/bf2ecb77-8b3f-11ed-9a3c-0cc47a787f5e.gif?puid=[UID]&redir=https%3A%2F%2Fs.ad.smaato.net%2Fc%2F%3FdspId%3D1074%26dspCookie%3D%5BUID%5D%26gdpr%3D0%26gdpr_consent%3D&gdpr=0&gdpr_consent=:0
[    7766ms] [ERROR] Failed to load resource: the server responded with a status of 400 (Bad Request) @ https://us.shb-sync.com/bf2debb3-8b3f-11ed-9a3c-0cc47a787f5e.gif?redir=https%3A%2F%2Fs.ad.smaato.net%2Fc%2F%3FdspId%3D1170%26dspCookie%3D%24UID%26gdpr%3D0%26gdpr_consent%3D&gdpr=0&gdpr_consent=:0
[    7769ms] [ERROR] Failed to load resource: net::ERR_NAME_NOT_RESOLVED @ https://cm-x.mgid.com/5f771db5775920b3ea597ee1392355e9.gif?puid=[UID]&redir=https%3A%2F%2Fs.ad.smaato.net%2Fc%2F%3FdspId%3D1466%26dspCookie%3D%5BUID%5D%26gdpr%3D0%26gdpr_consent%3D&gdpr=0&gdpr_consent=&coppa=[COPPA]&gpp=[GPP]&gpp_sid=[GPP_SID]:0
[    7817ms] [ERROR] Failed to load resource: the server responded with a status of 404 () @ https://cs-server-s2s.yellowblue.io/[RED]:0
[    7849ms] [ERROR] Failed to load resource: the server responded with a status of 404 (Not Found) @ https://csync.copper6.com/fbd260923f6815f04a34938c00400dd6.gif?gdpr=0&gdpr_consent=&redir=https%3A%2F%2Fs.ad.smaato.net%2Fc%2F%3FdspId%3D1248%26dspCookie%3D%5BUID%5D%26gdpr%3D0%26gdpr_consent%3D:0
[    7872ms] Failed to read a named property 'href' from 'Location': Blocked a frame with origin "https://4b16cddf4841b8ed5ab848439256c8f8.safeframe.googlesyndication.com" from accessing a frame with origin "https://www.teamblind.com". Protocols, domains, and ports must match.
[    7817ms] [ERROR] Failed to load resource: the server responded with a status of 404 () @ https://cs-server-s2s.yellowblue.io/[RED]:0
[    8057ms] [WARNING] The resource https://html.stackadapt.com/MenInBlazers/Visa_001_042026_Display_Published/Animated+001/Responsive/unmute.svg was preloaded using link preload but not used within a few seconds from the window's load event. Please make sure it has an appropriate `as` value and it is preloaded intentionally. @ https://html.stackadapt.com/MenInBlazers/Visa_001_042026_Display_Published/Animated+001/Responsive/index.html?&click=https%3A%2F%2Fclk.srv.stackadapt.com%2Fclk%3Faid%3D1-0206-178335771678322494118082-2%26cid%3D3239513%26adid%3D14894580%26sid%3D1%26uid%3DPNKjjNvlY-FuUd5yvRB2Rg%26did%3Dteamblind.com%253A%253A85%26adurl%3Dhttps%253A%252F%252Fuw.srv.stackadapt.com%26t%3D1783357716%26brandname%3DVisa%26adheading%3D%26iidx%3D0%26nid%3D85%26bip%3DMjYwMTo2NDY6MTAxOjVkMjA6Og%26conv%3Dtrue%26curl%3DaHR0cHM6Ly9hZC5kb3VibGVjbGljay5uZXQvZGRtL3RyYWNrY2xrL042MDI0LjM3MDM4NDFNRU5JTkJMQVpFUlMvQjM1NjE3MzAzLjQ0NTQ4MjE3ODtkY190cmtfYWlkPTYzOTMwNTI2MDtkY190cmtfY2lkPTI1NDI4NzEwOTtkY19sYXQ9O2RjX3JkaWQ9O3RhZ19mb3JfY2hpbGRfZGlyZWN0ZWRfdHJlYXRtZW50PTt0ZnVhPTtnZHByPTA7Z2Rwcl9jb25zZW50PXNhX2JsYW5rO2x0ZD07ZGNfdGR2PTM%253D%26r%3D&text_SA_headline_1=In%20the%20Bay%20Area%20during%20the%20summer%20of%20soccer%3F:0
[    8057ms] [WARNING] The resource https://html.stackadapt.com/MenInBlazers/Visa_001_042026_Display_Published/Animated+001/Responsive/pause.svg was preloaded using link preload but not used within a few seconds from the window's load event. Please make sure it has an appropriate `as` value and it is preloaded intentionally. @ https://html.stackadapt.com/MenInBlazers/Visa_001_042026_Display_Published/Animated+001/Responsive/index.html?&click=https%3A%2F%2Fclk.srv.stackadapt.com%2Fclk%3Faid%3D1-0206-178335771678322494118082-2%26cid%3D3239513%26adid%3D14894580%26sid%3D1%26uid%3DPNKjjNvlY-FuUd5yvRB2Rg%26did%3Dteamblind.com%253A%253A85%26adurl%3Dhttps%253A%252F%252Fuw.srv.stackadapt.com%26t%3D1783357716%26brandname%3DVisa%26adheading%3D%26iidx%3D0%26nid%3D85%26bip%3DMjYwMTo2NDY6MTAxOjVkMjA6Og%26conv%3Dtrue%26curl%3DaHR0cHM6Ly9hZC5kb3VibGVjbGljay5uZXQvZGRtL3RyYWNrY2xrL042MDI0LjM3MDM4NDFNRU5JTkJMQVpFUlMvQjM1NjE3MzAzLjQ0NTQ4MjE3ODtkY190cmtfYWlkPTYzOTMwNTI2MDtkY190cmtfY2lkPTI1NDI4NzEwOTtkY19sYXQ9O2RjX3JkaWQ9O3RhZ19mb3JfY2hpbGRfZGlyZWN0ZWRfdHJlYXRtZW50PTt0ZnVhPTtnZHByPTA7Z2Rwcl9jb25zZW50PXNhX2JsYW5rO2x0ZD07ZGNfdGR2PTM%253D%26r%3D&text_SA_headline_1=In%20the%20Bay%20Area%20during%20the%20summer%20of%20soccer%3F:0
[    8057ms] [WARNING] The resource https://html.stackadapt.com/MenInBlazers/Visa_001_042026_Display_Published/Animated+001/Responsive/replay.svg was preloaded using link preload but not used within a few seconds from the window's load event. Please make sure it has an appropriate `as` value and it is preloaded intentionally. @ https://html.stackadapt.com/MenInBlazers/Visa_001_042026_Display_Published/Animated+001/Responsive/index.html?&click=https%3A%2F%2Fclk.srv.stackadapt.com%2Fclk%3Faid%3D1-0206-178335771678322494118082-2%26cid%3D3239513%26adid%3D14894580%26sid%3D1%26uid%3DPNKjjNvlY-FuUd5yvRB2Rg%26did%3Dteamblind.com%253A%253A85%26adurl%3Dhttps%253A%252F%252Fuw.srv.stackadapt.com%26t%3D1783357716%26brandname%3DVisa%26adheading%3D%26iidx%3D0%26nid%3D85%26bip%3DMjYwMTo2NDY6MTAxOjVkMjA6Og%26conv%3Dtrue%26curl%3DaHR0cHM6Ly9hZC5kb3VibGVjbGljay5uZXQvZGRtL3RyYWNrY2xrL042MDI0LjM3MDM4NDFNRU5JTkJMQVpFUlMvQjM1NjE3MzAzLjQ0NTQ4MjE3ODtkY190cmtfYWlkPTYzOTMwNTI2MDtkY190cmtfY2lkPTI1NDI4NzEwOTtkY19sYXQ9O2RjX3JkaWQ9O3RhZ19mb3JfY2hpbGRfZGlyZWN0ZWRfdHJlYXRtZW50PTt0ZnVhPTtnZHByPTA7Z2Rwcl9jb25zZW50PXNhX2JsYW5rO2x0ZD07ZGNfdGR2PTM%253D%26r%3D&text_SA_headline_1=In%20the%20Bay%20Area%20during%20the%20summer%20of%20soccer%3F:0
[    8057ms] [WARNING] The resource https://html.stackadapt.com/MenInBlazers/Visa_001_042026_Display_Published/Animated+001/Responsive/play.svg was preloaded using link preload but not used within a few seconds from the window's load event. Please make sure it has an appropriate `as` value and it is preloaded intentionally. @ https://html.stackadapt.com/MenInBlazers/Visa_001_042026_Display_Published/Animated+001/Responsive/index.html?&click=https%3A%2F%2Fclk.srv.stackadapt.com%2Fclk%3Faid%3D1-0206-178335771678322494118082-2%26cid%3D3239513%26adid%3D14894580%26sid%3D1%26uid%3DPNKjjNvlY-FuUd5yvRB2Rg%26did%3Dteamblind.com%253A%253A85%26adurl%3Dhttps%253A%252F%252Fuw.srv.stackadapt.com%26t%3D1783357716%26brandname%3DVisa%26adheading%3D%26iidx%3D0%26nid%3D85%26bip%3DMjYwMTo2NDY6MTAxOjVkMjA6Og%26conv%3Dtrue%26curl%3DaHR0cHM6Ly9hZC5kb3VibGVjbGljay5uZXQvZGRtL3RyYWNrY2xrL042MDI0LjM3MDM4NDFNRU5JTkJMQVpFUlMvQjM1NjE3MzAzLjQ0NTQ4MjE3ODtkY190cmtfYWlkPTYzOTMwNTI2MDtkY190cmtfY2lkPTI1NDI4NzEwOTtkY19sYXQ9O2RjX3JkaWQ9O3RhZ19mb3JfY2hpbGRfZGlyZWN0ZWRfdHJlYXRtZW50PTt0ZnVhPTtnZHByPTA7Z2Rwcl9jb25zZW50PXNhX2JsYW5rO2x0ZD07ZGNfdGR2PTM%253D%26r%3D&text_SA_headline_1=In%20the%20Bay%20Area%20during%20the%20summer%20of%20soccer%3F:0
[    8057ms] [WARNING] The resource https://html.stackadapt.com/MenInBlazers/Visa_001_042026_Display_Published/Animated+001/Responsive/mute.svg was preloaded using link preload but not used within a few seconds from the window's load event. Please make sure it has an appropriate `as` value and it is preloaded intentionally. @ https://html.stackadapt.com/MenInBlazers/Visa_001_042026_Display_Published/Animated+001/Responsive/index.html?&click=https%3A%2F%2Fclk.srv.stackadapt.com%2Fclk%3Faid%3D1-0206-178335771678322494118082-2%26cid%3D3239513%26adid%3D14894580%26sid%3D1%26uid%3DPNKjjNvlY-FuUd5yvRB2Rg%26did%3Dteamblind.com%253A%253A85%26adurl%3Dhttps%253A%252F%252Fuw.srv.stackadapt.com%26t%3D1783357716%26brandname%3DVisa%26adheading%3D%26iidx%3D0%26nid%3D85%26bip%3DMjYwMTo2NDY6MTAxOjVkMjA6Og%26conv%3Dtrue%26curl%3DaHR0cHM6Ly9hZC5kb3VibGVjbGljay5uZXQvZGRtL3RyYWNrY2xrL042MDI0LjM3MDM4NDFNRU5JTkJMQVpFUlMvQjM1NjE3MzAzLjQ0NTQ4MjE3ODtkY190cmtfYWlkPTYzOTMwNTI2MDtkY190cmtfY2lkPTI1NDI4NzEwOTtkY19sYXQ9O2RjX3JkaWQ9O3RhZ19mb3JfY2hpbGRfZGlyZWN0ZWRfdHJlYXRtZW50PTt0ZnVhPTtnZHByPTA7Z2Rwcl9jb25zZW50PXNhX2JsYW5rO2x0ZD07ZGNfdGR2PTM%253D%26r%3D&text_SA_headline_1=In%20the%20Bay%20Area%20during%20the%20summer%20of%20soccer%3F:0
[    8119ms] [LOG] Recent pixels found, Skipping... @ https://usync.ingage.tech/?gdpr=&gdpr_consent=&us_privacy=&redirect=https%3A%2F%2Fcookies.nextmillmedia.com%2Fsetuid%3Fbidder%3Dinsticator%26nmuid%3D731e8fac-4e90-4636-9d44-cdada0ec413b%26gdpr%3D%26gdpr_consent%3D%26us_privacy%3D%26uid%3D%24UID:0
[    8293ms] [ERROR] Failed to load resource: the server responded with a status of 404 () @ https://cs.admanmedia.com/292deb7c3c2bf25073c04bb900f3a44a.gif??gdpr=&gdpr_consent=&us_privacy=&redir=https%3A%2F%2Fcookies.nextmillmedia.com%2Fsetuid%3Fbidder%3Dadmanmedia%26nmuid%3D731e8fac-4e90-4636-9d44-cdada0ec413b%26gdpr%3D%26gdpr_consent%3D%26us_privacy%3D%26uid%3D%5BUID%5D:0
[    8315ms] [ERROR] Failed to load resource: net::ERR_NAME_NOT_RESOLVED @ https://cs.iqzone.com/6f0476ca45e1d6b67e3ee8d57532a022.gif?redir=https%3A%2F%2Fsync.cootlogix.com%2Fapi%2Fcookie%3FpartnerId%3Diqzone%26gdpr%3D%26gdpr_consent%3D%26us_privacy%3D%26userId%3D%5BUID%5D&gdpr=&gdpr_consent=&ccpa=:0
[    7615ms] [ERROR] Failed to load resource: net::ERR_EMPTY_RESPONSE @ https://pxl.iqm.com/i/ck/equativ?cid=SMART_USER_ID&redir=https%3A%2F%2Frtb-csync.smartadserver.com%2Fredir%2F%3Fissi%3D1%26partnerid%3D154%26partneruserid%3D%7BIQM_COOKIE%7D:0
[    8437ms] [ERROR] Failed to load resource: net::ERR_HTTP2_SERVER_REFUSED_STREAM @ https://cs.admanmedia.com/32ec4e8622ba179ed7b022acd29be9f1.gif?puid=4431a17e-bd89-4cb2-af5d-09b87ae17334&redir=[RED]&gdpr=[GDPR]d&gdpr_consent=[GDPR_CONSENT]&ccpa=[CCPA]&coppa=0:0
[    8438ms] [ERROR] Failed to load resource: net::ERR_HTTP2_SERVER_REFUSED_STREAM @ https://cs.admanmedia.com/0535b9acf7ce6904b890e8d258c45009.gif?gdpr=[GDPR]&gdpr_consent=[GDPR_CONSENT]&ccpa=[CCPA]&coppa=0&redir=https%3A%2F%2Fcs.pgammedia.com%2F41c1a65ad089ea94db1baec942f4daf6.gif%3Fpuid%3D%5BUID%5D%26redir%3D%5BRED%5D%26gdpr%3D%5BGDPR%5D%26gdpr_consent%3D%5BGDPR_CONSENT%5D%26coppa%3D%5BCOPPA%5D%26gpp%3D%5BGPP%5D%26gpp_sid%3D%5BGPP_SID%5D:0
[    8293ms] [ERROR] Failed to load resource: the server responded with a status of 404 () @ https://cs.admanmedia.com/292deb7c3c2bf25073c04bb900f3a44a.gif??gdpr=&gdpr_consent=&us_privacy=&redir=https%3A%2F%2Fcookies.nextmillmedia.com%2Fsetuid%3Fbidder%3Dadmanmedia%26nmuid%3D731e8fac-4e90-4636-9d44-cdada0ec413b%26gdpr%3D%26gdpr_consent%3D%26us_privacy%3D%26uid%3D%5BUID%5D:0
[    8442ms] [ERROR] Failed to load resource: the server responded with a status of 404 () @ https://cs.admanmedia.com/c899400112bd5b9243b3993d9a074653.gif?puid=[UID]&redir=https%3A%2F%2Fcsync.smilewanted.com%2Fset_partner_userid_get%2Fillumin%2F%5BUID%5D&gdpr=0&gdpr_consent=:0
[    8460ms] [ERROR] Failed to load resource: the server responded with a status of 400 (Bad Request) @ https://us4.shb-sync.com/a760a5a7-e35e-49b8-9f5e-723455346741.gif?puid=7a5c3cc4-5a9f-cea0-f128-2e196083f883&gdpr=&gdpr_consent=ccpa=:0
[    8560ms] [ERROR] Failed to load resource: the server responded with a status of 400 (Bad Request) @ https://sync.adkernel.com/user-sync?zone=263117&dsp=1206259&t=image&uid=:0
[    9039ms] [ERROR] Failed to load resource: net::ERR_TOO_MANY_REDIRECTS @ https://match.sharethrough.com/universal/v1?supply_id=Tbdft1Ow:0
[    9734ms] [ERROR] Failed to load resource: net::ERR_TOO_MANY_REDIRECTS @ https://cs.pgammedia.com/bf4103da5f0fb6ae0166419ea1a784aa.gif?gdpr=$$[GDPR]&gdpr_consent=$$[GDPR_CONSENT]&us_privacy=$[CCPA]&uid=$4431a17e-bd89-4cb2-af5d-09b87ae17334&cookie_age=$[COOKIE_AGE]:0
[    9866ms] [ERROR] Failed to load resource: net::ERR_CONNECTION_CLOSED @ https://tracker.pgamrtb.com/sync?id=4&uid=19258db4-e228-41b8-bde9-d0d78cfaaf52-6a4be04e-5553&gdpr=0&gdpr_consent=:0
[    9866ms] [ERROR] Failed to load resource: net::ERR_CONNECTION_CLOSED @ https://tracker.pgamrtb.com/sync?id=4&uid=19258db4-e228-41b8-bde9-d0d78cfaaf52-6a4be04e-5553&gdpr=0&gdpr_consent=:0
[    9932ms] [TIMEEND] a: 0.0009765625 ms @ https://static.adsafeprotected.com/sca.17.6.4.js:31
[   10023ms] [WARNING] [GPT] Slot inpost-bottom rendered inside of the viewport.
https://goo.gle/gpt-message#169 @ https://securepubads.g.doubleclick.net/pagead/managed/js/gpt/m202606290101/pubads_impl.js?cb=31099461:18
[    5014ms] [ERROR] Access to fetch at 'https://tags.srv.stackadapt.com/sa.jpeg' from origin 'https://4b16cddf4841b8ed5ab848439256c8f8.safeframe.googlesyndication.com' has been blocked by CORS policy: The 'Access-Control-Allow-Origin' header has a value 'https://db72e801621e1e4aaa7d8444ac2fb2c5.safeframe.googlesyndication.com' that is not equal to the supplied origin. Have the server send the header with a valid value. @ about:srcdoc:0
[    5015ms] [ERROR] Failed to load resource: net::ERR_FAILED @ https://tags.srv.stackadapt.com/sa.jpeg:0
[    2930ms] [ERROR] Attestation check for Shared Storage on https://www.googleadservices.com failed. @ https://www.googleadservices.com/pagead/managed/js/activeview/current/reach_worklet.html:0
[    3664ms] [ERROR] Attestation check for Shared Storage on https://www.googleadservices.com failed. @ https://www.googleadservices.com/pagead/managed/js/activeview/current/reach_worklet.html:0
[    4975ms] [ERROR] Attestation check for Shared Storage on https://www.googleadservices.com failed. @ https://www.googleadservices.com/pagead/managed/js/activeview/current/reach_worklet.html:0
[   10199ms] [ERROR] Attestation check for Shared Storage on https://www.googleadservices.com failed. @ https://www.googleadservices.com/pagead/managed/js/activeview/current/reach_worklet.html:0
[   10454ms] Uncaught (in promise) SyntaxError: Failed to execute 'postMessage' on 'Window': Invalid target origin 'null' in a call to 'postMessage'.
    at <anonymous> (https://securepubads.g.doubleclick.net/tag/js/gpt.js:10:19904)
    at <anonymous> (https://cmp.inmobi.com/tcfv2/61/cmp2.js?referer=www.teamblind.com:1:500779)
    at u (https://cmp.inmobi.com/tcfv2/61/cmp2.js?referer=www.teamblind.com:1:57236)
    at <anonymous> (https://cmp.inmobi.com/tcfv2/61/cmp2.js?referer=www.teamblind.com:1:56989)
    at <anonymous> (https://cmp.inmobi.com/tcfv2/61/cmp2.js?referer=www.teamblind.com:1:57595)
    at v (https://cmp.inmobi.com/tcfv2/61/cmp2.js?referer=www.teamblind.com:1:74847)
    at a (https://cmp.inmobi.com/tcfv2/61/cmp2.js?referer=www.teamblind.com:1:75050)
    at <anonymous> (https://cmp.inmobi.com/tcfv2/61/cmp2.js?referer=www.teamblind.com:1:75109)
    at <anonymous> (https://cmp.inmobi.com/tcfv2/61/cmp2.js?referer=www.teamblind.com:1:74990)
    at <anonymous> (https://cmp.inmobi.com/tcfv2/61/cmp2.js?referer=www.teamblind.com:1:501196)
    at __uspapi (https://cmp.inmobi.com/tcfv2/61/cmp2.js?referer=www.teamblind.com:1:498044)
    at Fg.a.j (https://securepubads.g.doubleclick.net/tag/js/gpt.js:10:19708)
[   10897ms] [ERROR] Failed to load resource: net::ERR_CERT_COMMON_NAME_INVALID @ https://fran.frvr.com/api/v1/usync?bidder=inmobi&gdpr=0&gdpr_consent=&us_privacy=&f=i&uid=ID5-5-00b1aa1b-983f-4cd9-a95e-dd2fe1b23c80:0
[   10897ms] [ERROR] Failed to load resource: net::ERR_CERT_COMMON_NAME_INVALID @ https://fran.frvr.com/api/v1/usync?bidder=inmobi&gdpr=0&gdpr_consent=&us_privacy=&f=i&uid=ID5-5-00b1aa1b-983f-4cd9-a95e-dd2fe1b23c80:0
[   11417ms] [ERROR] Failed to load resource: net::ERR_NAME_NOT_RESOLVED @ https://visitor-rtbmix.omnitagjs.com/visitor/bsync?uid=681194867b1fea57a9aee256eb5ea0a7&name=gen01&url=https%3A%2F%2Fsync.adtech.ink%2Fpsync%3Ft%3Dd%26e%3D103%26u%3DPARTNER_USER_ID%26clp%3DaHR0cHM6Ly9zeW5jLmNvb3Rsb2dpeC5jb20vYXBpL2Nvb2tpZT9wYXJ0bmVySWQ9YWRpc29udHYmdXNlcklkPSVVU0VSX0lEJSZnZHByPSZnZHByX2NvbnNlbnQ9JnVzX3ByaXZhY3k9:0
[   11477ms] [ERROR] Unsafe attempt to initiate navigation for frame with URL 'about:blank' from frame with URL 'about:srcdoc'. The frame attempting navigation must be same-origin with the target if navigating to a javascript: url
 @ about:srcdoc:0
[    2930ms] [ERROR] Attestation check for Shared Storage on https://www.googleadservices.com failed. @ https://www.googleadservices.com/pagead/managed/js/activeview/current/reach_worklet.html:0
[    3664ms] [ERROR] Attestation check for Shared Storage on https://www.googleadservices.com failed. @ https://www.googleadservices.com/pagead/managed/js/activeview/current/reach_worklet.html:0
[    4975ms] [ERROR] Attestation check for Shared Storage on https://www.googleadservices.com failed. @ https://www.googleadservices.com/pagead/managed/js/activeview/current/reach_worklet.html:0
[   10199ms] [ERROR] Attestation check for Shared Storage on https://www.googleadservices.com failed. @ https://www.googleadservices.com/pagead/managed/js/activeview/current/reach_worklet.html:0
[   13222ms] [ERROR] Attestation check for Shared Storage on https://www.googleadservices.com failed. @ https://www.googleadservices.com/pagead/managed/js/activeview/current/reach_worklet.html:0
[   13457ms] [TIMEEND] a: 0.0009765625 ms @ https://static.adsafeprotected.com/sca.17.6.4.js:31
[    2930ms] [ERROR] Attestation check for Shared Storage on https://www.googleadservices.com failed. @ https://www.googleadservices.com/pagead/managed/js/activeview/current/reach_worklet.html:0
[    3664ms] [ERROR] Attestation check for Shared Storage on https://www.googleadservices.com failed. @ https://www.googleadservices.com/pagead/managed/js/activeview/current/reach_worklet.html:0
[    4975ms] [ERROR] Attestation check for Shared Storage on https://www.googleadservices.com failed. @ https://www.googleadservices.com/pagead/managed/js/activeview/current/reach_worklet.html:0
[   10199ms] [ERROR] Attestation check for Shared Storage on https://www.googleadservices.com failed. @ https://www.googleadservices.com/pagead/managed/js/activeview/current/reach_worklet.html:0
[   13222ms] [ERROR] Attestation check for Shared Storage on https://www.googleadservices.com failed. @ https://www.googleadservices.com/pagead/managed/js/activeview/current/reach_worklet.html:0
[   16598ms] [ERROR] Attestation check for Shared Storage on https://www.googleadservices.com failed. @ https://www.googleadservices.com/pagead/managed/js/activeview/current/reach_worklet.html:0
[   16925ms] [TIMEEND] a: 0.0009765625 ms @ https://static.adsafeprotected.com/sca.17.6.4.js:31
[   16961ms] [TIMEEND] a: 0.004150390625 ms @ https://static.adsafeprotected.com/sca.17.6.4.js:31
